Archive member included to satisfy reference by file (symbol)

../../libDaisy//build/libdaisy.a(daisy_pod.o)
                              build/SynthWithMoogLadder.o (daisy::DaisyPod::StartAudio(void (*)(float const* const*, float**, unsigned int)))
../../libDaisy//build/libdaisy.a(daisy_seed.o)
                              ../../libDaisy//build/libdaisy.a(daisy_pod.o) (daisy::DaisySeed::Configure())
../../libDaisy//build/libdaisy.a(codec_ak4556.o)
                              ../../libDaisy//build/libdaisy.a(daisy_seed.o) (daisy::Ak4556::Init(dsy_gpio_pin))
../../libDaisy//build/libdaisy.a(codec_wm8731.o)
                              ../../libDaisy//build/libdaisy.a(daisy_seed.o) (daisy::Wm8731::Init(daisy::Wm8731::Config const&, daisy::I2CHandle))
../../libDaisy//build/libdaisy.a(sdram.o)
                              ../../libDaisy//build/libdaisy.a(daisy_seed.o) (SdramHandle::Init())
../../libDaisy//build/libdaisy.a(audio.o)
                              ../../libDaisy//build/libdaisy.a(daisy_seed.o) (daisy::AudioHandle::Init(daisy::AudioHandle::Config const&, daisy::SaiHandle))
../../libDaisy//build/libdaisy.a(ctrl.o)
                              ../../libDaisy//build/libdaisy.a(daisy_pod.o) (daisy::AnalogControl::Init(unsigned short*, float, bool, bool, float))
../../libDaisy//build/libdaisy.a(encoder.o)
                              ../../libDaisy//build/libdaisy.a(daisy_pod.o) (daisy::Encoder::Init(dsy_gpio_pin, dsy_gpio_pin, dsy_gpio_pin, float))
../../libDaisy//build/libdaisy.a(midi.o)
                              build/SynthWithMoogLadder.o (daisy::MidiUartTransport::Config::Config())
../../libDaisy//build/libdaisy.a(midi_parser.o)
                              ../../libDaisy//build/libdaisy.a(daisy_pod.o) (daisy::MidiParser::Reset())
../../libDaisy//build/libdaisy.a(rgb_led.o)
                              ../../libDaisy//build/libdaisy.a(daisy_pod.o) (daisy::RgbLed::Init(dsy_gpio_pin, dsy_gpio_pin, dsy_gpio_pin, bool))
../../libDaisy//build/libdaisy.a(switch.o)
                              ../../libDaisy//build/libdaisy.a(daisy_pod.o) (daisy::Switch::Init(dsy_gpio_pin, float))
../../libDaisy//build/libdaisy.a(adc.o)
                              ../../libDaisy//build/libdaisy.a(daisy_pod.o) (daisy::AdcChannelConfig::InitSingle(dsy_gpio_pin, daisy::AdcChannelConfig::ConversionSpeed))
../../libDaisy//build/libdaisy.a(gpio.o)
                              ../../libDaisy//build/libdaisy.a(daisy_seed.o) (daisy::GPIO::Init(daisy::Pin, daisy::GPIO::Mode, daisy::GPIO::Pull, daisy::GPIO::Speed))
../../libDaisy//build/libdaisy.a(i2c.o)
                              ../../libDaisy//build/libdaisy.a(daisy_seed.o) (daisy::I2CHandle::Init(daisy::I2CHandle::Config const&))
../../libDaisy//build/libdaisy.a(qspi.o)
                              ../../libDaisy//build/libdaisy.a(daisy_seed.o) (daisy::QSPIHandle::Init(daisy::QSPIHandle::Config const&))
../../libDaisy//build/libdaisy.a(sai.o)
                              ../../libDaisy//build/libdaisy.a(daisy_seed.o) (daisy::SaiHandle::Init(daisy::SaiHandle::Config const&))
../../libDaisy//build/libdaisy.a(uart.o)
                              ../../libDaisy//build/libdaisy.a(daisy_pod.o) (daisy::UartHandler::Init(daisy::UartHandler::Config const&))
../../libDaisy//build/libdaisy.a(dma.o)
                              ../../libDaisy//build/libdaisy.a(uart.o) (dsy_dma_invalidate_cache_for_buffer)
../../libDaisy//build/libdaisy.a(system.o)
                              ../../libDaisy//build/libdaisy.a(daisy_seed.o) (daisy::System::DeInit())
../../libDaisy//build/libdaisy.a(system_stm32h7xx.o)
                              build/startup_stm32h750xx.o (SystemInit)
../../libDaisy//build/libdaisy.a(usbd_conf.o)
                              ../../libDaisy//build/libdaisy.a(system.o) (hpcd_USB_OTG_HS)
../../libDaisy//build/libdaisy.a(usbh_conf.o)
                              ../../libDaisy//build/libdaisy.a(system.o) (hhcd_USB_OTG_HS)
../../libDaisy//build/libdaisy.a(color.o)
                              ../../libDaisy//build/libdaisy.a(daisy_pod.o) (daisy::Color::Init(daisy::Color::PresetColor))
../../libDaisy//build/libdaisy.a(hal_map.o)
                              ../../libDaisy//build/libdaisy.a(gpio.o) (dsy_hal_map_get_port)
../../libDaisy//build/libdaisy.a(stm32h7xx_hal.o)
                              ../../libDaisy//build/libdaisy.a(system.o) (HAL_Init)
../../libDaisy//build/libdaisy.a(stm32h7xx_hal_adc.o)
                              ../../libDaisy//build/libdaisy.a(adc.o) (HAL_ADC_ConfigChannel)
../../libDaisy//build/libdaisy.a(stm32h7xx_hal_adc_ex.o)
                              ../../libDaisy//build/libdaisy.a(adc.o) (HAL_ADCEx_Calibration_Start)
../../libDaisy//build/libdaisy.a(stm32h7xx_hal_cortex.o)
                              ../../libDaisy//build/libdaisy.a(stm32h7xx_hal.o) (HAL_NVIC_SetPriorityGrouping)
../../libDaisy//build/libdaisy.a(stm32h7xx_hal_dma.o)
[...]
Memory Configuration

Name             Origin             Length             Attributes
FLASH            0x0000000008000000 0x0000000000020000 xr
DTCMRAM          0x0000000020000000 0x0000000000020000 xrw
SRAM             0x0000000024000000 0x0000000000080000 xrw
RAM_D2           0x0000000030000000 0x0000000000048000 xrw
RAM_D3           0x0000000038000000 0x0000000000010000 xrw
BACKUP_SRAM      0x0000000038800000 0x0000000000001000 xrw
ITCMRAM          0x0000000000000000 0x0000000000010000 xrw
SDRAM            0x00000000c0000000 0x0000000004000000 xrw
QSPIFLASH        0x0000000090000000 0x0000000000800000 xr
*default*        0x0000000000000000 0xffffffffffffffff

Linker script and memory map

LOAD /Library/DaisyToolchain/0.2.0/arm/bin/../lib/gcc/arm-none-eabi/10.3.1/thumb/v7e-m+dp/hard/crti.o
LOAD /Library/DaisyToolchain/0.2.0/arm/bin/../lib/gcc/arm-none-eabi/10.3.1/thumb/v7e-m+dp/hard/crtbegin.o
LOAD /Library/DaisyToolchain/0.2.0/arm/bin/../lib/gcc/arm-none-eabi/10.3.1/../../../../arm-none-eabi/lib/thumb/v7e-m+dp/hard/crt0.o
LOAD build/startup_stm32h750xx.o
LOAD build/SynthWithMoogLadder.o
LOAD ../../libDaisy//build/libdaisy.a
LOAD /Library/DaisyToolchain/0.2.0/arm/bin/../lib/gcc/arm-none-eabi/10.3.1/../../../../arm-none-eabi/lib/thumb/v7e-m+dp/hard/libnosys.a
LOAD ../../DaisySP//build/libdaisysp.a
LOAD ../../DaisySP//DaisySP-LGPL/build/libdaisysp-lgpl.a
LOAD /Library/DaisyToolchain/0.2.0/arm/bin/../lib/gcc/arm-none-eabi/10.3.1/../../../../arm-none-eabi/lib/thumb/v7e-m+dp/hard/libstdc++_nano.a
LOAD /Library/DaisyToolchain/0.2.0/arm/bin/../lib/gcc/arm-none-eabi/10.3.1/../../../../arm-none-eabi/lib/thumb/v7e-m+dp/hard/libm.a
LOAD /Library/DaisyToolchain/0.2.0/arm/bin/../lib/gcc/arm-none-eabi/10.3.1/../../../../arm-none-eabi/lib/thumb/v7e-m+dp/hard/libc_nano.a
START GROUP
LOAD /Library/DaisyToolchain/0.2.0/arm/bin/../lib/gcc/arm-none-eabi/10.3.1/thumb/v7e-m+dp/hard/libgcc.a
LOAD /Library/DaisyToolchain/0.2.0/arm/bin/../lib/gcc/arm-none-eabi/10.3.1/../../../../arm-none-eabi/lib/thumb/v7e-m+dp/hard/libc_nano.a
END GROUP
START GROUP
LOAD /Library/DaisyToolchain/0.2.0/arm/bin/../lib/gcc/arm-none-eabi/10.3.1/thumb/v7e-m+dp/hard/libgcc.a
LOAD /Library/DaisyToolchain/0.2.0/arm/bin/../lib/gcc/arm-none-eabi/10.3.1/../../../../arm-none-eabi/lib/thumb/v7e-m+dp/hard/libc_nano.a
LOAD /Library/DaisyToolchain/0.2.0/arm/bin/../lib/gcc/arm-none-eabi/10.3.1/../../../../arm-none-eabi/lib/thumb/v7e-m+dp/hard/libnosys.a
END GROUP
START GROUP
LOAD /Library/DaisyToolchain/0.2.0/arm/bin/../lib/gcc/arm-none-eabi/10.3.1/thumb/v7e-m+dp/hard/libgcc.a
LOAD /Library/DaisyToolchain/0.2.0/arm/bin/../lib/gcc/arm-none-eabi/10.3.1/../../../../arm-none-eabi/lib/thumb/v7e-m+dp/hard/libc_nano.a
LOAD /Library/DaisyToolchain/0.2.0/arm/bin/../lib/gcc/arm-none-eabi/10.3.1/../../../../arm-none-eabi/lib/thumb/v7e-m+dp/hard/libnosys.a
END GROUP
LOAD /Library/DaisyToolchain/0.2.0/arm/bin/../lib/gcc/arm-none-eabi/10.3.1/thumb/v7e-m+dp/hard/crtend.o
LOAD /Library/DaisyToolchain/0.2.0/arm/bin/../lib/gcc/arm-none-eabi/10.3.1/thumb/v7e-m+dp/hard/crtn.o
                0x0000000020020000                _estack = 0x20020000

.isr_vector     0x0000000008000000      0x298
                0x0000000008000000                . = ALIGN (0x4)
 *(.isr_vector)
 .isr_vector    0x0000000008000000      0x298 build/startup_stm32h750xx.o
                0x0000000008000000                g_pfnVectors
                0x0000000008000298                . = ALIGN (0x4)

.text           0x0000000008000298    0x12d58
                0x0000000008000298                . = ALIGN (0x4)
                0x0000000008000298                _stext = .
 *(.text)
 .text          0x0000000008000298       0x40 /Library/DaisyToolchain/0.2.0/arm/bin/../lib/gcc/arm-none-eabi/10.3.1/thumb/v7e-m+dp/hard/crtbegin.o
 .text          0x00000000080002d8      0x378 /Library/DaisyToolchain/0.2.0/arm/bin/../lib/gcc/arm-none-eabi/10.3.1/thumb/v7e-m+dp/hard/libgcc.a(_arm_addsubdf3.o)
                0x00000000080002d8                __aeabi_drsub
                0x00000000080002e0                __subdf3
                0x00000000080002e0                __aeabi_dsub
                0x00000000080002e4                __aeabi_dadd
                0x00000000080002e4                __adddf3
                0x000000000800055c                __aeabi_ui2d
                0x000000000800055c                __floatunsidf
                0x000000000800057c                __floatsidf
                0x000000000800057c                __aeabi_i2d
                0x00000000080005a0                __extendsfdf2
                0x00000000080005a0                __aeabi_f2d
                0x00000000080005e4                __aeabi_ul2d
                0x00000000080005e4                __floatundidf
                0x00000000080005f4                __aeabi_l2d
                0x00000000080005f4                __floatdidf
 .text          0x0000000008000650       0x30 /Library/DaisyToolchain/0.2.0/arm/bin/../lib/gcc/arm-none-eabi/10.3.1/thumb/v7e-m+dp/hard/libgcc.a(_aeabi_uldivmod.o)
                0x0000000008000650                __aeabi_uldivmod
 .text          0x0000000008000680      0x2d0 /Library/DaisyToolchain/0.2.0/arm/bin/../lib/gcc/arm-none-eabi/10.3.1/thumb/v7e-m+dp/hard/libgcc.a(_udivmoddi4.o)
                0x0000000008000680                __udivmoddi4
 .text          0x0000000008000950        0x4 /Library/DaisyToolchain/0.2.0/arm/bin/../lib/gcc/arm-none-eabi/10.3.1/thumb/v7e-m+dp/hard/libgcc.a(_dvmd_tls.o)
                0x0000000008000950                __aeabi_ldiv0
                0x0000000008000950                __aeabi_idiv0
 *(.text*)
 .text.Default_Handler
                0x0000000008000954        0x4 build/startup_stm32h750xx.o
                0x0000000008000954                SAI1_IRQHandler
                0x0000000008000954                HASH_RNG_IRQHandler
                0x0000000008000954                EXTI2_IRQHandler
                0x0000000008000954                TIM8_CC_IRQHandler
                0x0000000008000954                HRTIM1_Master_IRQHandler
                0x0000000008000954                DebugMon_Handler
                0x0000000008000954                TIM1_CC_IRQHandler
                0x0000000008000954                BDMA_Channel6_IRQHandler
                0x0000000008000954                DMA2_Stream5_IRQHandler
                0x0000000008000954                HRTIM1_FLT_IRQHandler
                0x0000000008000954                JPEG_IRQHandler
                0x0000000008000954                BDMA_Channel1_IRQHandler
                0x0000000008000954                HRTIM1_TIMD_IRQHandler
                0x0000000008000954                TAMP_STAMP_IRQHandler
                0x0000000008000954                PendSV_Handler
                0x0000000008000954                NMI_Handler
                0x0000000008000954                EXTI3_IRQHandler
                0x0000000008000954                LPTIM4_IRQHandler
                0x0000000008000954                TIM8_TRG_COM_TIM14_IRQHandler
                0x0000000008000954                LPTIM2_IRQHandler
                0x0000000008000954                DFSDM1_FLT1_IRQHandler
                0x0000000008000954                DMAMUX2_OVR_IRQHandler
                0x0000000008000954                TIM8_UP_TIM13_IRQHandler
                0x0000000008000954                I2C3_ER_IRQHandler
                0x0000000008000954                DFSDM1_FLT2_IRQHandler
                0x0000000008000954                MDMA_IRQHandler
                0x0000000008000954                LPTIM3_IRQHandler
                0x0000000008000954                HSEM1_IRQHandler
                0x0000000008000954                EXTI0_IRQHandler
                0x0000000008000954                FPU_IRQHandler
                0x0000000008000954                OTG_HS_WKUP_IRQHandler
                0x0000000008000954                FDCAN1_IT1_IRQHandler
                0x0000000008000954                UsageFault_Handler
                0x0000000008000954                LTDC_ER_IRQHandler
                0x0000000008000954                HRTIM1_TIME_IRQHandler
                0x0000000008000954                TIM6_DAC_IRQHandler
                0x0000000008000954                DCMI_IRQHandler
                0x0000000008000954                HRTIM1_TIMC_IRQHandler
                0x0000000008000954                SAI2_IRQHandler
                0x0000000008000954                DFSDM1_FLT3_IRQHandler
                0x0000000008000954                TIM17_IRQHandler
                0x0000000008000954                CRYP_IRQHandler
                0x0000000008000954                BDMA_Channel7_IRQHandler
                0x0000000008000954                LPTIM5_IRQHandler
                0x0000000008000954                ADC3_IRQHandler
                0x0000000008000954                DMA2_Stream0_IRQHandler
                0x0000000008000954                BDMA_Channel2_IRQHandler
                0x0000000008000954                DMAMUX1_OVR_IRQHandler
                0x0000000008000954                TIM16_IRQHandler
                0x0000000008000954                BDMA_Channel5_IRQHandler
                0x0000000008000954                RCC_IRQHandler
                0x0000000008000954                TIM8_BRK_TIM12_IRQHandler
                0x0000000008000954                TIM1_TRG_COM_IRQHandler
                0x0000000008000954                Default_Handler
                0x0000000008000954                ECC_IRQHandler
                0x0000000008000954                CEC_IRQHandler
                0x0000000008000954                EXTI15_10_IRQHandler
                0x0000000008000954                BDMA_Channel0_IRQHandler
                0x0000000008000954                ADC_IRQHandler
                0x0000000008000954                DMA1_Stream7_IRQHandler
                0x0000000008000954                HRTIM1_TIMA_IRQHandler
                0x0000000008000954                TIM7_IRQHandler
                0x0000000008000954                SDMMC1_IRQHandler
                0x0000000008000954                DMA2_Stream7_IRQHandler
                0x0000000008000954                TIM15_IRQHandler
                0x0000000008000954                PVD_AVD_IRQHandler
                0x0000000008000954                EXTI9_5_IRQHandler
                0x0000000008000954                RTC_WKUP_IRQHandler
                0x0000000008000954                LTDC_IRQHandler
                0x0000000008000954                SAI3_IRQHandler
                0x0000000008000954                ETH_WKUP_IRQHandler
                0x0000000008000954                SPDIF_RX_IRQHandler
                0x0000000008000954                MemManage_Handler
                0x0000000008000954                SVC_Handler
                0x0000000008000954                CRS_IRQHandler
                0x0000000008000954                EXTI4_IRQHandler
                0x0000000008000954                HRTIM1_TIMB_IRQHandler
                0x0000000008000954                FDCAN2_IT1_IRQHandler
                0x0000000008000954                ETH_IRQHandler
                0x0000000008000954                TIM1_UP_IRQHandler
                0x0000000008000954                BDMA_Channel4_IRQHandler
                0x0000000008000954                WWDG_IRQHandler
                0x0000000008000954                SPI6_IRQHandler
                0x0000000008000954                I2C4_EV_IRQHandler
                0x0000000008000954                MDIOS_IRQHandler
                0x0000000008000954                FDCAN2_IT0_IRQHandler
                0x0000000008000954                FDCAN1_IT0_IRQHandler
                0x0000000008000954                OTG_FS_WKUP_IRQHandler
                0x0000000008000954                DMA2D_IRQHandler
                0x0000000008000954                TIM1_BRK_IRQHandler
                0x0000000008000954                EXTI1_IRQHandler
                0x0000000008000954                SDMMC2_IRQHandler
                0x0000000008000954                OTG_FS_EP1_OUT_IRQHandler
                0x0000000008000954                BDMA_Channel3_IRQHandler
                0x0000000008000954                MDIOS_WKUP_IRQHandler
                0x0000000008000954                DFSDM1_FLT0_IRQHandler
                0x0000000008000954                SAI4_IRQHandler
                0x0000000008000954                I2C2_ER_IRQHandler
                0x0000000008000954                DMA2_Stream1_IRQHandler
                0x0000000008000954                FLASH_IRQHandler
                0x0000000008000954                BusFault_Handler
                0x0000000008000954                OTG_FS_IRQHandler
                0x0000000008000954                WAKEUP_PIN_IRQHandler
                0x0000000008000954                OTG_FS_EP1_IN_IRQHandler
                0x0000000008000954                I2C1_ER_IRQHandler
                0x0000000008000954                FMC_IRQHandler
                0x0000000008000954                FDCAN_CAL_IRQHandler
                0x0000000008000954                SWPMI1_IRQHandler
                0x0000000008000954                COMP1_IRQHandler
                0x0000000008000954                LPTIM1_IRQHandler
                0x0000000008000954                I2C4_ER_IRQHandler
                0x0000000008000954                DMA2_Stream6_IRQHandler
                0x0000000008000954                RTC_Alarm_IRQHandler
 .text.Reset_Handler
                0x0000000008000958       0x44 build/startup_stm32h750xx.o
                0x0000000008000958                Reset_Handler
 .text._ZN5daisy8DaisyPodD2Ev
                0x000000000800099c        0x4 build/SynthWithMoogLadder.o
                0x000000000800099c                daisy::DaisyPod::~DaisyPod()
                0x000000000800099c                daisy::DaisyPod::~DaisyPod()
 .text._ZN7daisysp4AdsrD2Ev
                0x00000000080009a0        0x4 build/SynthWithMoogLadder.o
                0x00000000080009a0                daisysp::Adsr::~Adsr()
                0x00000000080009a0                daisysp::Adsr::~Adsr()
 .text._ZN7daisysp10OscillatorD2Ev
                0x00000000080009a4        0x4 build/SynthWithMoogLadder.o
                0x00000000080009a4                daisysp::Oscillator::~Oscillator()
                0x00000000080009a4                daisysp::Oscillator::~Oscillator()
 .text._ZN7daisysp10MoogLadderD2Ev
                0x00000000080009a8        0x4 build/SynthWithMoogLadder.o
                0x00000000080009a8                daisysp::MoogLadder::~MoogLadder()
                0x00000000080009a8                daisysp::MoogLadder::~MoogLadder()
 .text._Z13AudioCallbackPKPKfPPfj
                0x00000000080009ac      0x118 build/SynthWithMoogLadder.o
                0x00000000080009ac                AudioCallback(float const* const*, float**, unsigned int)
 .text.startup.main
                0x0000000008000ac4       0xcc build/SynthWithMoogLadder.o
                0x0000000008000ac4                main
 .text.startup._GLOBAL__sub_I_pod
                0x0000000008000b90       0xb0 build/SynthWithMoogLadder.o
 .text._ZN5daisy8DaisyPod10StartAudioEPFvPKPKfPPfjE
                0x0000000008000c40        0x4 ../../libDaisy//build/libdaisy.a(daisy_pod.o)
                0x0000000008000c40                daisy::DaisyPod::StartAudio(void (*)(float const* const*, float**, unsigned int))
 .text._ZN5daisy8DaisyPod15AudioSampleRateEv
                0x0000000008000c44        0x4 ../../libDaisy//build/libdaisy.a(daisy_pod.o)
                0x0000000008000c44                daisy::DaisyPod::AudioSampleRate()
 .text._ZN5daisy8DaisyPod8StartAdcEv
                0x0000000008000c48        0x8 ../../libDaisy//build/libdaisy.a(daisy_pod.o)
                0x0000000008000c48                daisy::DaisyPod::StartAdc()
 .text._ZN5daisy8DaisyPod21ProcessAnalogControlsEv
                0x0000000008000c50       0x18 ../../libDaisy//build/libdaisy.a(daisy_pod.o)
                0x0000000008000c50                daisy::DaisyPod::ProcessAnalogControls()
 .text._ZN5daisy8DaisyPod22ProcessDigitalControlsEv
                0x0000000008000c68       0x20 ../../libDaisy//build/libdaisy.a(daisy_pod.o)
                0x0000000008000c68                daisy::DaisyPod::ProcessDigitalControls()
 .text._ZN5daisy8DaisyPod8InitLedsEv
                0x0000000008000c88       0x98 ../../libDaisy//build/libdaisy.a(daisy_pod.o)
                0x0000000008000c88                daisy::DaisyPod::InitLeds()
 .text._ZN5daisy8DaisyPod9InitKnobsEv
                0x0000000008000d20       0x90 ../../libDaisy//build/libdaisy.a(daisy_pod.o)
                0x0000000008000d20                daisy::DaisyPod::InitKnobs()
 .text._ZN5daisy8DaisyPod4InitEb
                0x0000000008000db0      0x128 ../../libDaisy//build/libdaisy.a(daisy_pod.o)
                0x0000000008000db0                daisy::DaisyPod::Init(bool)
 .text._ZN5daisy9DaisySeed9ConfigureEv
                0x0000000008000ed8        0x4 ../../libDaisy//build/libdaisy.a(daisy_seed.o)
                0x0000000008000ed8                daisy::DaisySeed::Configure()
 .text._ZN5daisy9DaisySeed10StartAudioEPFvPKPKfPPfjE
                0x0000000008000edc        0x8 ../../libDaisy//build/libdaisy.a(daisy_seed.o)
                0x0000000008000edc                daisy::DaisySeed::StartAudio(void (*)(float const* const*, float**, unsigned int))
 .text._ZN5daisy9DaisySeed15AudioSampleRateEv
                0x0000000008000ee4        0x8 ../../libDaisy//build/libdaisy.a(daisy_seed.o)
                0x0000000008000ee4                daisy::DaisySeed::AudioSampleRate()
 .text._ZN5daisy9DaisySeed17SetAudioBlockSizeEj
                0x0000000008000eec       0x38 ../../libDaisy//build/libdaisy.a(daisy_seed.o)
                0x0000000008000eec                daisy::DaisySeed::SetAudioBlockSize(unsigned int)
 .text._ZNK5daisy9DaisySeed17AudioCallbackRateEv
                0x0000000008000f24        0x8 ../../libDaisy//build/libdaisy.a(daisy_seed.o)
                0x0000000008000f24                daisy::DaisySeed::AudioCallbackRate() const
 .text._ZN5daisy9DaisySeed17CheckBoardVersionEv
                0x0000000008000f2c       0x6c ../../libDaisy//build/libdaisy.a(daisy_seed.o)
                0x0000000008000f2c                daisy::DaisySeed::CheckBoardVersion()
 .text._ZN5daisy9DaisySeed14ConfigureAudioEv
                0x0000000008000f98      0x10c ../../libDaisy//build/libdaisy.a(daisy_seed.o)
                0x0000000008000f98                daisy::DaisySeed::ConfigureAudio()
 .text._ZN5daisy9DaisySeed4InitEb
                0x00000000080010a4      0x108 ../../libDaisy//build/libdaisy.a(daisy_seed.o)
                0x00000000080010a4                daisy::DaisySeed::Init(bool)
 .text._ZN5daisy6Ak45564InitE12dsy_gpio_pin
                0x00000000080011ac       0x44 ../../libDaisy//build/libdaisy.a(codec_ak4556.o)
                0x00000000080011ac                daisy::Ak4556::Init(dsy_gpio_pin)
 .text._ZN5daisy6Wm873120WriteControlRegisterEht
                0x00000000080011f0       0x3c ../../libDaisy//build/libdaisy.a(codec_wm8731.o)
                0x00000000080011f0                daisy::Wm8731::WriteControlRegister(unsigned char, unsigned short)
 .text._ZN5daisy6Wm87314InitERKNS0_6ConfigENS_9I2CHandleE
                0x000000000800122c      0x1bc ../../libDaisy//build/libdaisy.a(codec_wm8731.o)
                0x000000000800122c                daisy::Wm8731::Init(daisy::Wm8731::Config const&, daisy::I2CHandle)
 .text._ZN11SdramHandle10DeviceInitEv
                0x00000000080013e8       0x98 ../../libDaisy//build/libdaisy.a(sdram.o)
                0x00000000080013e8                SdramHandle::DeviceInit()
 .text._ZN11SdramHandle4InitEv
                0x0000000008001480       0x7c ../../libDaisy//build/libdaisy.a(sdram.o)
                0x0000000008001480                SdramHandle::Init()
 .text.HAL_SDRAM_MspInit
                0x00000000080014fc      0x1a8 ../../libDaisy//build/libdaisy.a(sdram.o)
                0x00000000080014fc                HAL_SDRAM_MspInit
 .text._ZN5daisy11AudioHandle4Impl16InternalCallbackEPlS2_j
                0x00000000080016a4      0xbbc ../../libDaisy//build/libdaisy.a(audio.o)
                0x00000000080016a4                daisy::AudioHandle::Impl::InternalCallback(long*, long*, unsigned int)
 .text._ZN5daisy11AudioHandle4InitERKNS0_6ConfigENS_9SaiHandleE
                0x0000000008002260       0x70 ../../libDaisy//build/libdaisy.a(audio.o)
                0x0000000008002260                daisy::AudioHandle::Init(daisy::AudioHandle::Config const&, daisy::SaiHandle)
 .text._ZNK5daisy11AudioHandle9GetConfigEv
                0x00000000080022d0        0x8 ../../libDaisy//build/libdaisy.a(audio.o)
                0x00000000080022d0                daisy::AudioHandle::GetConfig() const
 .text._ZN5daisy11AudioHandle12SetBlockSizeEj
                0x00000000080022d8       0x1c ../../libDaisy//build/libdaisy.a(audio.o)
                0x00000000080022d8                daisy::AudioHandle::SetBlockSize(unsigned int)
 .text._ZN5daisy11AudioHandle13GetSampleRateEv
                0x00000000080022f4        0x8 ../../libDaisy//build/libdaisy.a(audio.o)
                0x00000000080022f4                daisy::AudioHandle::GetSampleRate()
 .text._ZN5daisy11AudioHandle5StartEPFvPKPKfPPfjE
                0x00000000080022fc       0x44 ../../libDaisy//build/libdaisy.a(audio.o)
                0x00000000080022fc                daisy::AudioHandle::Start(void (*)(float const* const*, float**, unsigned int))
 .text.startup._GLOBAL__sub_I__ZN5daisy11AudioHandle4Impl4InitENS0_6ConfigENS_9SaiHandleE
                0x0000000008002340       0x24 ../../libDaisy//build/libdaisy.a(audio.o)
 .text._ZN5daisy13AnalogControl4InitEPtfbbf
                0x0000000008002364       0x64 ../../libDaisy//build/libdaisy.a(ctrl.o)
                0x0000000008002364                daisy::AnalogControl::Init(unsigned short*, float, bool, bool, float)
 .text._ZN5daisy13AnalogControl7ProcessEv
                0x00000000080023c8       0x48 ../../libDaisy//build/libdaisy.a(ctrl.o)
                0x00000000080023c8                daisy::AnalogControl::Process()
 .text._ZN5daisy13AnalogControl13SetSampleRateEf
                0x0000000008002410       0x58 ../../libDaisy//build/libdaisy.a(ctrl.o)
                0x0000000008002410                daisy::AnalogControl::SetSampleRate(float)
 .text._ZN5daisy7Encoder4InitE12dsy_gpio_pinS1_S1_f
                0x0000000008002468       0x60 ../../libDaisy//build/libdaisy.a(encoder.o)
                0x0000000008002468                daisy::Encoder::Init(dsy_gpio_pin, dsy_gpio_pin, dsy_gpio_pin, float)
 .text._ZN5daisy7Encoder8DebounceEv
                0x00000000080024c8       0x7c ../../libDaisy//build/libdaisy.a(encoder.o)
                0x00000000080024c8                daisy::Encoder::Debounce()
 .text._ZN5daisy17MidiUartTransport6ConfigC2Ev
                0x0000000008002544       0x28 ../../libDaisy//build/libdaisy.a(midi.o)
                0x0000000008002544                daisy::MidiUartTransport::Config::Config()
                0x0000000008002544                daisy::MidiUartTransport::Config::Config()
 .text._ZN5daisy10MidiParser5ResetEv
                0x000000000800256c        0xc ../../libDaisy//build/libdaisy.a(midi_parser.o)
                0x000000000800256c                daisy::MidiParser::Reset()
 .text._ZN5daisy6RgbLed4InitE12dsy_gpio_pinS1_S1_b
                0x0000000008002578       0x50 ../../libDaisy//build/libdaisy.a(rgb_led.o)
                0x0000000008002578                daisy::RgbLed::Init(dsy_gpio_pin, dsy_gpio_pin, dsy_gpio_pin, bool)
 .text._ZN5daisy6RgbLed8SetColorENS_5ColorE
                0x00000000080025c8       0x2c ../../libDaisy//build/libdaisy.a(rgb_led.o)
                0x00000000080025c8                daisy::RgbLed::SetColor(daisy::Color)
 .text._ZN5daisy6RgbLed6UpdateEv
                0x00000000080025f4       0x1c ../../libDaisy//build/libdaisy.a(rgb_led.o)
                0x00000000080025f4                daisy::RgbLed::Update()
 .text._ZN5daisy6Switch4InitE12dsy_gpio_pinf
                0x0000000008002610       0x34 ../../libDaisy//build/libdaisy.a(switch.o)
                0x0000000008002610                daisy::Switch::Init(dsy_gpio_pin, float)
 .text._ZN5daisy6Switch8DebounceEv
                0x0000000008002644       0x5c ../../libDaisy//build/libdaisy.a(switch.o)
                0x0000000008002644                daisy::Switch::Debounce()
 .text._ZN5daisy16AdcChannelConfig10InitSingleE12dsy_gpio_pinNS0_15ConversionSpeedE
                0x00000000080026a0       0x28 ../../libDaisy//build/libdaisy.a(adc.o)
                0x00000000080026a0                daisy::AdcChannelConfig::InitSingle(dsy_gpio_pin, daisy::AdcChannelConfig::ConversionSpeed)
 .text._ZN5daisy9AdcHandle4InitEPNS_16AdcChannelConfigEjNS0_12OverSamplingE
                0x00000000080026c8      0x41c ../../libDaisy//build/libdaisy.a(adc.o)
                0x00000000080026c8                daisy::AdcHandle::Init(daisy::AdcChannelConfig*, unsigned int, daisy::AdcHandle::OverSampling)
 .text._ZN5daisy9AdcHandle5StartEv
                0x0000000008002ae4       0x2c ../../libDaisy//build/libdaisy.a(adc.o)
                0x0000000008002ae4                daisy::AdcHandle::Start()
 .text._ZNK5daisy9AdcHandle6GetPtrEh
                0x0000000008002b10       0x14 ../../libDaisy//build/libdaisy.a(adc.o)
                0x0000000008002b10                daisy::AdcHandle::GetPtr(unsigned char) const
 .text.HAL_ADC_MspInit
                0x0000000008002b24       0x98 ../../libDaisy//build/libdaisy.a(adc.o)
                0x0000000008002b24                HAL_ADC_MspInit
 .text.DMA1_Stream2_IRQHandler
                0x0000000008002bbc        0xc ../../libDaisy//build/libdaisy.a(adc.o)
                0x0000000008002bbc                DMA1_Stream2_IRQHandler
 .text.HAL_ADC_ConvCpltCallback
                0x0000000008002bc8      0x148 ../../libDaisy//build/libdaisy.a(adc.o)
                0x0000000008002bc8                HAL_ADC_ConvCpltCallback
 .text.HAL_ADC_ErrorCallback
                0x0000000008002d10        0x4 ../../libDaisy//build/libdaisy.a(adc.o)
                0x0000000008002d10                HAL_ADC_ErrorCallback
 .text._ZN5daisy4GPIO4InitENS_3PinENS0_4ModeENS0_4PullENS0_5SpeedE
                0x0000000008002d14      0x1cc ../../libDaisy//build/libdaisy.a(gpio.o)
                0x0000000008002d14                daisy::GPIO::Init(daisy::Pin, daisy::GPIO::Mode, daisy::GPIO::Pull, daisy::GPIO::Speed)
 .text._ZN5daisy4GPIO4ReadEv
                0x0000000008002ee0       0x18 ../../libDaisy//build/libdaisy.a(gpio.o)
                0x0000000008002ee0                daisy::GPIO::Read()
 .text._ZN5daisy4GPIO5WriteEb
                0x0000000008002ef8       0x14 ../../libDaisy//build/libdaisy.a(gpio.o)
                0x0000000008002ef8                daisy::GPIO::Write(bool)
 .text.dsy_gpio_init
                0x0000000008002f0c      0x1b8 ../../libDaisy//build/libdaisy.a(gpio.o)
                0x0000000008002f0c                dsy_gpio_init
 .text.dsy_gpio_read
                0x00000000080030c4       0x1c ../../libDaisy//build/libdaisy.a(gpio.o)
                0x00000000080030c4                dsy_gpio_read
 .text.dsy_gpio_write
                0x00000000080030e0       0x24 ../../libDaisy//build/libdaisy.a(gpio.o)
                0x00000000080030e0                dsy_gpio_write
 .text._ZN5daisy9I2CHandle4Impl8InitPinsEv
                0x0000000008003104       0x58 ../../libDaisy//build/libdaisy.a(i2c.o)
                0x0000000008003104                daisy::I2CHandle::Impl::InitPins()
 .text.HAL_I2C_MspInit
                0x000000000800315c      0x1b4 ../../libDaisy//build/libdaisy.a(i2c.o)
                0x000000000800315c                HAL_I2C_MspInit
 .text.dsy_i2c_global_init
                0x0000000008003310       0x78 ../../libDaisy//build/libdaisy.a(i2c.o)
                0x0000000008003310                dsy_i2c_global_init
 .text.DMA1_Stream6_IRQHandler
                0x0000000008003388       0x34 ../../libDaisy//build/libdaisy.a(i2c.o)
                0x0000000008003388                DMA1_Stream6_IRQHandler
 .text.I2C1_EV_IRQHandler
                0x00000000080033bc        0xc ../../libDaisy//build/libdaisy.a(i2c.o)
                0x00000000080033bc                I2C1_EV_IRQHandler
 .text.I2C2_EV_IRQHandler
                0x00000000080033c8        0xc ../../libDaisy//build/libdaisy.a(i2c.o)
                0x00000000080033c8                I2C2_EV_IRQHandler
 .text.I2C3_EV_IRQHandler
                0x00000000080033d4        0xc ../../libDaisy//build/libdaisy.a(i2c.o)
                0x00000000080033d4                I2C3_EV_IRQHandler
 .text._ZN5daisy9I2CHandle4InitERKNS0_6ConfigE
                0x00000000080033e0      0x12c ../../libDaisy//build/libdaisy.a(i2c.o)
                0x00000000080033e0                daisy::I2CHandle::Init(daisy::I2CHandle::Config const&)
 .text._ZN5daisy9I2CHandle16TransmitBlockingEtPhtm
                0x000000000800350c       0x50 ../../libDaisy//build/libdaisy.a(i2c.o)
                0x000000000800350c                daisy::I2CHandle::TransmitBlocking(unsigned short, unsigned char*, unsigned short, unsigned long)
 .text.startup._GLOBAL__sub_I__ZN5daisy9I2CHandle4Impl10GlobalInitEv
                0x000000000800355c       0x18 ../../libDaisy//build/libdaisy.a(i2c.o)
 .text._ZN5daisy10QSPIHandle4Impl11WriteEnableEv
                0x0000000008003574       0x8c ../../libDaisy//build/libdaisy.a(qspi.o)
                0x0000000008003574                daisy::QSPIHandle::Impl::WriteEnable()
 .text._ZN5daisy10QSPIHandle4Impl17DummyCyclesConfigENS0_6Config6DeviceE
                0x0000000008003600      0x118 ../../libDaisy//build/libdaisy.a(qspi.o)
                0x0000000008003600                daisy::QSPIHandle::Impl::DummyCyclesConfig(daisy::QSPIHandle::Config::Device)
 .text._ZN5daisy10QSPIHandle4Impl10QuadEnableEv
                0x0000000008003718      0x158 ../../libDaisy//build/libdaisy.a(qspi.o)
                0x0000000008003718                daisy::QSPIHandle::Impl::QuadEnable()
 .text._ZN5daisy10QSPIHandle4InitERKNS0_6ConfigE
                0x0000000008003870      0x198 ../../libDaisy//build/libdaisy.a(qspi.o)
                0x0000000008003870                daisy::QSPIHandle::Init(daisy::QSPIHandle::Config const&)
 .text.HAL_QSPI_MspInit
                0x0000000008003a08      0x11c ../../libDaisy//build/libdaisy.a(qspi.o)
                0x0000000008003a08                HAL_QSPI_MspInit
 .text.HAL_QSPI_MspDeInit
                0x0000000008003b24       0x54 ../../libDaisy//build/libdaisy.a(qspi.o)
                0x0000000008003b24                HAL_QSPI_MspDeInit
 .text.QUADSPI_IRQHandler
                0x0000000008003b78        0xc ../../libDaisy//build/libdaisy.a(qspi.o)
                0x0000000008003b78                QUADSPI_IRQHandler
 .text.startup._GLOBAL__sub_I__ZN5daisy10QSPIHandle4Impl4InitERKNS0_6ConfigE
                0x0000000008003b84       0x28 ../../libDaisy//build/libdaisy.a(qspi.o)
 .text._ZN5daisy9SaiHandle4Impl7InitDmaENS1_15PeripheralBlockE
                0x0000000008003bac       0xa0 ../../libDaisy//build/libdaisy.a(sai.o)
                0x0000000008003bac                daisy::SaiHandle::Impl::InitDma(daisy::SaiHandle::Impl::PeripheralBlock)
 .text._ZN5daisy9SaiHandle4Impl8InitPinsEv
                0x0000000008003c4c       0xa8 ../../libDaisy//build/libdaisy.a(sai.o)
                0x0000000008003c4c                daisy::SaiHandle::Impl::InitPins()
 .text.HAL_SAI_MspInit
                0x0000000008003cf4      0x164 ../../libDaisy//build/libdaisy.a(sai.o)
                0x0000000008003cf4                HAL_SAI_MspInit
 .text.DMA1_Stream0_IRQHandler
                0x0000000008003e58        0xc ../../libDaisy//build/libdaisy.a(sai.o)
                0x0000000008003e58                DMA1_Stream0_IRQHandler
 .text.DMA1_Stream1_IRQHandler
                0x0000000008003e64        0xc ../../libDaisy//build/libdaisy.a(sai.o)
                0x0000000008003e64                DMA1_Stream1_IRQHandler
 .text.DMA1_Stream3_IRQHandler
                0x0000000008003e70        0xc ../../libDaisy//build/libdaisy.a(sai.o)
                0x0000000008003e70                DMA1_Stream3_IRQHandler
 .text.DMA1_Stream4_IRQHandler
                0x0000000008003e7c        0xc ../../libDaisy//build/libdaisy.a(sai.o)
                0x0000000008003e7c                DMA1_Stream4_IRQHandler
 .text.HAL_SAI_RxHalfCpltCallback
                0x0000000008003e88       0x78 ../../libDaisy//build/libdaisy.a(sai.o)
                0x0000000008003e88                HAL_SAI_RxHalfCpltCallback
 .text.HAL_SAI_RxCpltCallback
                0x0000000008003f00       0x70 ../../libDaisy//build/libdaisy.a(sai.o)
                0x0000000008003f00                HAL_SAI_RxCpltCallback
 .text._ZN5daisy9SaiHandle4InitERKNS0_6ConfigE
                0x0000000008003f70      0x1f0 ../../libDaisy//build/libdaisy.a(sai.o)
                0x0000000008003f70                daisy::SaiHandle::Init(daisy::SaiHandle::Config const&)
 .text._ZNK5daisy9SaiHandle9GetConfigEv
                0x0000000008004160        0x4 ../../libDaisy//build/libdaisy.a(sai.o)
                0x0000000008004160                daisy::SaiHandle::GetConfig() const
 .text._ZN5daisy9SaiHandle8StartDmaEPlS1_jPFvS1_S1_jE
                0x0000000008004164       0xbc ../../libDaisy//build/libdaisy.a(sai.o)
                0x0000000008004164                daisy::SaiHandle::StartDma(long*, long*, unsigned int, void (*)(long*, long*, unsigned int))
 .text._ZN5daisy9SaiHandle13GetSampleRateEv
                0x0000000008004220       0x24 ../../libDaisy//build/libdaisy.a(sai.o)
                0x0000000008004220                daisy::SaiHandle::GetSampleRate()
 .text._ZNK5daisy9SaiHandle9GetOffsetEv
                0x0000000008004244        0x8 ../../libDaisy//build/libdaisy.a(sai.o)
                0x0000000008004244                daisy::SaiHandle::GetOffset() const
 .text._ZL20UART_CheckRxListenerPN5daisy11UartHandler4ImplE
                0x000000000800424c       0x84 ../../libDaisy//build/libdaisy.a(uart.o)
 .text._ZN5daisy11UartHandler4Impl10StartDmaTxEPhjPFvPvEPFvS3_NS0_6ResultEES3_
                0x00000000080042d0      0x184 ../../libDaisy//build/libdaisy.a(uart.o)
                0x00000000080042d0                daisy::UartHandler::Impl::StartDmaTx(unsigned char*, unsigned int, void (*)(void*), void (*)(void*, daisy::UartHandler::Result), void*)
 .text._ZN5daisy11UartHandler4Impl10StartDmaRxEPhjPFvPvEPFvS3_NS0_6ResultEES3_
                0x0000000008004454      0x184 ../../libDaisy//build/libdaisy.a(uart.o)
                0x0000000008004454                daisy::UartHandler::Impl::StartDmaRx(unsigned char*, unsigned int, void (*)(void*), void (*)(void*, daisy::UartHandler::Result), void*)
 .text._ZN5daisy11UartHandler4Impl19DmaTransferFinishedEP20__UART_HandleTypeDefNS0_6ResultE
                0x00000000080045d8       0xc0 ../../libDaisy//build/libdaisy.a(uart.o)
                0x00000000080045d8                daisy::UartHandler::Impl::DmaTransferFinished(__UART_HandleTypeDef*, daisy::UartHandler::Result)
 .text._ZN5daisy11UartHandler4Impl8InitPinsEv
                0x0000000008004698      0x154 ../../libDaisy//build/libdaisy.a(uart.o)
                0x0000000008004698                daisy::UartHandler::Impl::InitPins()
 .text.HAL_UART_MspInit
                0x00000000080047ec      0x210 ../../libDaisy//build/libdaisy.a(uart.o)
                0x00000000080047ec                HAL_UART_MspInit
 .text.dsy_uart_global_init
                0x00000000080049fc       0xfc ../../libDaisy//build/libdaisy.a(uart.o)
                0x00000000080049fc                dsy_uart_global_init
 .text.USART1_IRQHandler
                0x0000000008004af8       0x2c ../../libDaisy//build/libdaisy.a(uart.o)
                0x0000000008004af8                USART1_IRQHandler
 .text.USART2_IRQHandler
                0x0000000008004b24       0x34 ../../libDaisy//build/libdaisy.a(uart.o)
                0x0000000008004b24                USART2_IRQHandler
 .text.USART3_IRQHandler
                0x0000000008004b58       0x34 ../../libDaisy//build/libdaisy.a(uart.o)
                0x0000000008004b58                USART3_IRQHandler
 .text.UART4_IRQHandler
                0x0000000008004b8c       0x34 ../../libDaisy//build/libdaisy.a(uart.o)
                0x0000000008004b8c                UART4_IRQHandler
 .text.UART5_IRQHandler
                0x0000000008004bc0       0x34 ../../libDaisy//build/libdaisy.a(uart.o)
                0x0000000008004bc0                UART5_IRQHandler
 .text.USART6_IRQHandler
                0x0000000008004bf4       0x34 ../../libDaisy//build/libdaisy.a(uart.o)
                0x0000000008004bf4                USART6_IRQHandler
 .text.UART7_IRQHandler
                0x0000000008004c28       0x34 ../../libDaisy//build/libdaisy.a(uart.o)
                0x0000000008004c28                UART7_IRQHandler
 .text.UART8_IRQHandler
                0x0000000008004c5c       0x34 ../../libDaisy//build/libdaisy.a(uart.o)
                0x0000000008004c5c                UART8_IRQHandler
 .text.LPUART1_IRQHandler
                0x0000000008004c90       0x34 ../../libDaisy//build/libdaisy.a(uart.o)
                0x0000000008004c90                LPUART1_IRQHandler
 .text.DMA1_Stream5_IRQHandler
                0x0000000008004cc4       0x34 ../../libDaisy//build/libdaisy.a(uart.o)
                0x0000000008004cc4                DMA1_Stream5_IRQHandler
 .text.DMA2_Stream4_IRQHandler
                0x0000000008004cf8       0x38 ../../libDaisy//build/libdaisy.a(uart.o)
                0x0000000008004cf8                DMA2_Stream4_IRQHandler
 .text.HAL_UART_TxCpltCallback
                0x0000000008004d30        0x8 ../../libDaisy//build/libdaisy.a(uart.o)
                0x0000000008004d30                HAL_UART_TxCpltCallback
 .text.HAL_UART_RxCpltCallback
                0x0000000008004d38       0x94 ../../libDaisy//build/libdaisy.a(uart.o)
                0x0000000008004d38                HAL_UART_RxCpltCallback
 .text.HAL_UART_RxHalfCpltCallback
                0x0000000008004dcc       0x90 ../../libDaisy//build/libdaisy.a(uart.o)
                0x0000000008004dcc                HAL_UART_RxHalfCpltCallback
 .text.HAL_UART_ErrorCallback
                0x0000000008004e5c        0x8 ../../libDaisy//build/libdaisy.a(uart.o)
                0x0000000008004e5c                HAL_UART_ErrorCallback
 .text._ZN5daisy11UartHandler4InitERKNS0_6ConfigE
                0x0000000008004e64       0xd4 ../../libDaisy//build/libdaisy.a(uart.o)
                0x0000000008004e64                daisy::UartHandler::Init(daisy::UartHandler::Config const&)
 .text.startup._GLOBAL__sub_I__Z19MapInstanceToHandleP13USART_TypeDef
                0x0000000008004f38      0x194 ../../libDaisy//build/libdaisy.a(uart.o)
 .text.dsy_dma_init
                0x00000000080050cc      0x100 ../../libDaisy//build/libdaisy.a(dma.o)
                0x00000000080050cc                dsy_dma_init
 .text.dsy_dma_invalidate_cache_for_buffer
                0x00000000080051cc       0x2c ../../libDaisy//build/libdaisy.a(dma.o)
                0x00000000080051cc                dsy_dma_invalidate_cache_for_buffer
 .text._ZN5daisy11TimerHandleD2Ev
                0x00000000080051f8        0x4 ../../libDaisy//build/libdaisy.a(system.o)
                0x00000000080051f8                daisy::TimerHandle::~TimerHandle()
                0x00000000080051f8                daisy::TimerHandle::~TimerHandle()
 .text.SysTick_Handler
                0x00000000080051fc       0x10 ../../libDaisy//build/libdaisy.a(system.o)
                0x00000000080051fc                SysTick_Handler
 .text.OTG_HS_EP1_OUT_IRQHandler
                0x000000000800520c       0x24 ../../libDaisy//build/libdaisy.a(system.o)
                0x000000000800520c                OTG_HS_EP1_OUT_IRQHandler
 .text.OTG_HS_EP1_IN_IRQHandler
                0x0000000008005230       0x24 ../../libDaisy//build/libdaisy.a(system.o)
                0x0000000008005230                OTG_HS_EP1_IN_IRQHandler
 .text.OTG_HS_IRQHandler
                0x0000000008005254       0x24 ../../libDaisy//build/libdaisy.a(system.o)
                0x0000000008005254                OTG_HS_IRQHandler
 .text.HardFault_Handler
                0x0000000008005278       0xe0 ../../libDaisy//build/libdaisy.a(system.o)
                0x0000000008005278                HardFault_Handler
 .text._ZN5daisy6System6GetNowEv
                0x0000000008005358        0x4 ../../libDaisy//build/libdaisy.a(system.o)
                0x0000000008005358                daisy::System::GetNow()
 .text._ZN5daisy6System5DelayEm
                0x000000000800535c        0x4 ../../libDaisy//build/libdaisy.a(system.o)
                0x000000000800535c                daisy::System::Delay(unsigned long)
 .text._ZN5daisy6System20GetBootloaderVersionEv
                0x0000000008005360       0x34 ../../libDaisy//build/libdaisy.a(system.o)
                0x0000000008005360                daisy::System::GetBootloaderVersion()
 .text._ZN5daisy6System15ConfigureClocksEv
                0x0000000008005394      0x194 ../../libDaisy//build/libdaisy.a(system.o)
                0x0000000008005394                daisy::System::ConfigureClocks()
 .text._ZN5daisy6System12ConfigureMpuEv
                0x0000000008005528       0x7c ../../libDaisy//build/libdaisy.a(system.o)
                0x0000000008005528                daisy::System::ConfigureMpu()
 .text._ZN5daisy6System4InitERKNS0_6ConfigE
                0x00000000080055a4       0xec ../../libDaisy//build/libdaisy.a(system.o)
                0x00000000080055a4                daisy::System::Init(daisy::System::Config const&)
 .text._ZN5daisy6System12GetPClk1FreqEv
                0x0000000008005690        0x4 ../../libDaisy//build/libdaisy.a(system.o)
                0x0000000008005690                daisy::System::GetPClk1Freq()
 .text._ZN5daisy6System22GetProgramMemoryRegionEv
                0x0000000008005694       0x78 ../../libDaisy//build/libdaisy.a(system.o)
                0x0000000008005694                daisy::System::GetProgramMemoryRegion()
 .text.startup._GLOBAL__sub_I__ZN5daisy9boot_infoE
                0x000000000800570c       0x1c ../../libDaisy//build/libdaisy.a(system.o)
 .text.SystemInit
                0x0000000008005728       0x9c ../../libDaisy//build/libdaisy.a(system_stm32h7xx.o)
                0x0000000008005728                SystemInit
 .text.HAL_PCD_SetupStageCallback
                0x00000000080057c4        0xc ../../libDaisy//build/libdaisy.a(usbd_conf.o)
                0x00000000080057c4                HAL_PCD_SetupStageCallback
 .text.HAL_PCD_DataOutStageCallback
                0x00000000080057d0       0x14 ../../libDaisy//build/libdaisy.a(usbd_conf.o)
                0x00000000080057d0                HAL_PCD_DataOutStageCallback
 .text.HAL_PCD_DataInStageCallback
                0x00000000080057e4       0x14 ../../libDaisy//build/libdaisy.a(usbd_conf.o)
                0x00000000080057e4                HAL_PCD_DataInStageCallback
 .text.HAL_PCD_SOFCallback
                0x00000000080057f8        0x8 ../../libDaisy//build/libdaisy.a(usbd_conf.o)
                0x00000000080057f8                HAL_PCD_SOFCallback
 .text.HAL_PCD_ResetCallback
                0x0000000008005800       0x24 ../../libDaisy//build/libdaisy.a(usbd_conf.o)
                0x0000000008005800                HAL_PCD_ResetCallback
 .text.HAL_PCD_SuspendCallback
                0x0000000008005824       0x30 ../../libDaisy//build/libdaisy.a(usbd_conf.o)
                0x0000000008005824                HAL_PCD_SuspendCallback
 .text.HAL_PCD_ResumeCallback
                0x0000000008005854        0x8 ../../libDaisy//build/libdaisy.a(usbd_conf.o)
                0x0000000008005854                HAL_PCD_ResumeCallback
 .text.HAL_PCD_ISOOUTIncompleteCallback
                0x000000000800585c        0x8 ../../libDaisy//build/libdaisy.a(usbd_conf.o)
                0x000000000800585c                HAL_PCD_ISOOUTIncompleteCallback
 .text.HAL_PCD_ISOINIncompleteCallback
                0x0000000008005864        0x8 ../../libDaisy//build/libdaisy.a(usbd_conf.o)
                0x0000000008005864                HAL_PCD_ISOINIncompleteCallback
 .text.HAL_PCD_ConnectCallback
                0x000000000800586c        0x8 ../../libDaisy//build/libdaisy.a(usbd_conf.o)
                0x000000000800586c                HAL_PCD_ConnectCallback
 .text.HAL_PCD_DisconnectCallback
                0x0000000008005874        0x8 ../../libDaisy//build/libdaisy.a(usbd_conf.o)
                0x0000000008005874                HAL_PCD_DisconnectCallback
 .text.USBD_LL_OpenEP
                0x000000000800587c       0x24 ../../libDaisy//build/libdaisy.a(usbd_conf.o)
                0x000000000800587c                USBD_LL_OpenEP
 .text.USBD_LL_StallEP
                0x00000000080058a0       0x1c ../../libDaisy//build/libdaisy.a(usbd_conf.o)
                0x00000000080058a0                USBD_LL_StallEP
 .text.USBD_LL_ClearStallEP
                0x00000000080058bc       0x1c ../../libDaisy//build/libdaisy.a(usbd_conf.o)
                0x00000000080058bc                USBD_LL_ClearStallEP
 .text.USBD_LL_IsStallEP
                0x00000000080058d8       0x28 ../../libDaisy//build/libdaisy.a(usbd_conf.o)
                0x00000000080058d8                USBD_LL_IsStallEP
 .text.USBD_LL_SetUSBAddress
                0x0000000008005900       0x1c ../../libDaisy//build/libdaisy.a(usbd_conf.o)
                0x0000000008005900                USBD_LL_SetUSBAddress
 .text.USBD_LL_Transmit
                0x000000000800591c       0x1c ../../libDaisy//build/libdaisy.a(usbd_conf.o)
                0x000000000800591c                USBD_LL_Transmit
 .text.USBD_LL_PrepareReceive
                0x0000000008005938       0x1c ../../libDaisy//build/libdaisy.a(usbd_conf.o)
                0x0000000008005938                USBD_LL_PrepareReceive
 .text.HAL_HCD_SOF_Callback
                0x0000000008005954        0x8 ../../libDaisy//build/libdaisy.a(usbh_conf.o)
                0x0000000008005954                HAL_HCD_SOF_Callback
 .text.HAL_HCD_Connect_Callback
                0x000000000800595c        0x8 ../../libDaisy//build/libdaisy.a(usbh_conf.o)
                0x000000000800595c                HAL_HCD_Connect_Callback
 .text.HAL_HCD_Disconnect_Callback
                0x0000000008005964        0x8 ../../libDaisy//build/libdaisy.a(usbh_conf.o)
                0x0000000008005964                HAL_HCD_Disconnect_Callback
 .text.HAL_HCD_HC_NotifyURBChange_Callback
                0x000000000800596c        0x4 ../../libDaisy//build/libdaisy.a(usbh_conf.o)
                0x000000000800596c                HAL_HCD_HC_NotifyURBChange_Callback
 .text.HAL_HCD_PortEnabled_Callback
                0x0000000008005970        0x8 ../../libDaisy//build/libdaisy.a(usbh_conf.o)
                0x0000000008005970                HAL_HCD_PortEnabled_Callback
 .text.HAL_HCD_PortDisabled_Callback
                0x0000000008005978        0x8 ../../libDaisy//build/libdaisy.a(usbh_conf.o)
                0x0000000008005978                HAL_HCD_PortDisabled_Callback
 .text.USBH_LL_Stop
                0x0000000008005980       0x1c ../../libDaisy//build/libdaisy.a(usbh_conf.o)
                0x0000000008005980                USBH_LL_Stop
 .text._ZN5daisy5Color4InitENS0_11PresetColorE
                0x000000000800599c       0x20 ../../libDaisy//build/libdaisy.a(color.o)
                0x000000000800599c                daisy::Color::Init(daisy::Color::PresetColor)
 .text.dsy_hal_map_get_port
                0x00000000080059bc       0x10 ../../libDaisy//build/libdaisy.a(hal_map.o)
                0x00000000080059bc                dsy_hal_map_get_port
 .text.dsy_hal_map_get_pin
                0x00000000080059cc       0x10 ../../libDaisy//build/libdaisy.a(hal_map.o)
                0x00000000080059cc                dsy_hal_map_get_pin
 .text.dsy_hal_map_gpio_clk_enable
                0x00000000080059dc      0x150 ../../libDaisy//build/libdaisy.a(hal_map.o)
                0x00000000080059dc                dsy_hal_map_gpio_clk_enable
 .text.HAL_MspInit
                0x0000000008005b2c        0x4 ../../libDaisy//build/libdaisy.a(stm32h7xx_hal.o)
                0x0000000008005b2c                HAL_MspInit
 .text.HAL_InitTick
                0x0000000008005b30       0x4c ../../libDaisy//build/libdaisy.a(stm32h7xx_hal.o)
                0x0000000008005b30                HAL_InitTick
 .text.HAL_Init
                0x0000000008005b7c       0x60 ../../libDaisy//build/libdaisy.a(stm32h7xx_hal.o)
                0x0000000008005b7c                HAL_Init
 .text.HAL_IncTick
                0x0000000008005bdc       0x18 ../../libDaisy//build/libdaisy.a(stm32h7xx_hal.o)
                0x0000000008005bdc                HAL_IncTick
 .text.HAL_GetTick
                0x0000000008005bf4        0xc ../../libDaisy//build/libdaisy.a(stm32h7xx_hal.o)
                0x0000000008005bf4                HAL_GetTick
 .text.HAL_Delay
                0x0000000008005c00       0x24 ../../libDaisy//build/libdaisy.a(stm32h7xx_hal.o)
                0x0000000008005c00                HAL_Delay
 .text.HAL_GetREVID
                0x0000000008005c24        0xc ../../libDaisy//build/libdaisy.a(stm32h7xx_hal.o)
                0x0000000008005c24                HAL_GetREVID
 .text.HAL_ADC_ConvHalfCpltCallback
                0x0000000008005c30        0x4 ../../libDaisy//build/libdaisy.a(stm32h7xx_hal_adc.o)
                0x0000000008005c30                HAL_ADC_ConvHalfCpltCallback
 .text.ADC_DMAHalfConvCplt
                0x0000000008005c34        0xc ../../libDaisy//build/libdaisy.a(stm32h7xx_hal_adc.o)
                0x0000000008005c34                ADC_DMAHalfConvCplt
 .text.ADC_DMAConvCplt
                0x0000000008005c40       0x6c ../../libDaisy//build/libdaisy.a(stm32h7xx_hal_adc.o)
                0x0000000008005c40                ADC_DMAConvCplt
 .text.ADC_DMAError
                0x0000000008005cac       0x1c ../../libDaisy//build/libdaisy.a(stm32h7xx_hal_adc.o)
                0x0000000008005cac                ADC_DMAError
 .text.HAL_ADC_ConfigChannel
                0x0000000008005cc8      0x3fc ../../libDaisy//build/libdaisy.a(stm32h7xx_hal_adc.o)
                0x0000000008005cc8                HAL_ADC_ConfigChannel
 .text.ADC_Enable
                0x00000000080060c4       0xac ../../libDaisy//build/libdaisy.a(stm32h7xx_hal_adc.o)
                0x00000000080060c4                ADC_Enable
 .text.HAL_ADC_Start_DMA
                0x0000000008006170      0x114 ../../libDaisy//build/libdaisy.a(stm32h7xx_hal_adc.o)
                0x0000000008006170                HAL_ADC_Start_DMA
 .text.ADC_Disable
                0x0000000008006284       0x68 ../../libDaisy//build/libdaisy.a(stm32h7xx_hal_adc.o)
                0x0000000008006284                ADC_Disable
 .text.ADC_ConfigureBoostMode
                0x00000000080062ec      0x184 ../../libDaisy//build/libdaisy.a(stm32h7xx_hal_adc.o)
                0x00000000080062ec                ADC_ConfigureBoostMode
 .text.HAL_ADC_Init
                0x0000000008006470      0x218 ../../libDaisy//build/libdaisy.a(stm32h7xx_hal_adc.o)
                0x0000000008006470                HAL_ADC_Init
 .text.HAL_ADCEx_Calibration_Start
                0x0000000008006688       0xa4 ../../libDaisy//build/libdaisy.a(stm32h7xx_hal_adc_ex.o)
                0x0000000008006688                HAL_ADCEx_Calibration_Start
 .text.HAL_ADCEx_MultiModeConfigChannel
                0x000000000800672c       0xc4 ../../libDaisy//build/libdaisy.a(stm32h7xx_hal_adc_ex.o)
                0x000000000800672c                HAL_ADCEx_MultiModeConfigChannel
 .text.HAL_NVIC_SetPriorityGrouping
                0x00000000080067f0       0x24 ../../libDaisy//build/libdaisy.a(stm32h7xx_hal_cortex.o)
                0x00000000080067f0                HAL_NVIC_SetPriorityGrouping
 .text.HAL_NVIC_SetPriority
                0x0000000008006814       0x7c ../../libDaisy//build/libdaisy.a(stm32h7xx_hal_cortex.o)
                0x0000000008006814                HAL_NVIC_SetPriority
 .text.HAL_NVIC_EnableIRQ
                0x0000000008006890       0x1c ../../libDaisy//build/libdaisy.a(stm32h7xx_hal_cortex.o)
                0x0000000008006890                HAL_NVIC_EnableIRQ
 .text.HAL_NVIC_DisableIRQ
                0x00000000080068ac       0x28 ../../libDaisy//build/libdaisy.a(stm32h7xx_hal_cortex.o)
                0x00000000080068ac                HAL_NVIC_DisableIRQ
 .text.HAL_SYSTICK_Config
                0x00000000080068d4       0x2c ../../libDaisy//build/libdaisy.a(stm32h7xx_hal_cortex.o)
                0x00000000080068d4                HAL_SYSTICK_Config
 .text.HAL_MPU_Disable
                0x0000000008006900       0x1c ../../libDaisy//build/libdaisy.a(stm32h7xx_hal_cortex.o)
                0x0000000008006900                HAL_MPU_Disable
 .text.HAL_MPU_Enable
                0x000000000800691c       0x20 ../../libDaisy//build/libdaisy.a(stm32h7xx_hal_cortex.o)
                0x000000000800691c                HAL_MPU_Enable
 .text.HAL_MPU_ConfigRegion
                0x000000000800693c       0x64 ../../libDaisy//build/libdaisy.a(stm32h7xx_hal_cortex.o)
                0x000000000800693c                HAL_MPU_ConfigRegion
 .text.HAL_SYSTICK_Callback
                0x00000000080069a0        0x4 ../../libDaisy//build/libdaisy.a(stm32h7xx_hal_cortex.o)
                0x00000000080069a0                HAL_SYSTICK_Callback
 .text.HAL_SYSTICK_IRQHandler
                0x00000000080069a4        0x8 ../../libDaisy//build/libdaisy.a(stm32h7xx_hal_cortex.o)
                0x00000000080069a4                HAL_SYSTICK_IRQHandler
 .text.DMA_CalcBaseAndBitshift
                0x00000000080069ac       0xf4 ../../libDaisy//build/libdaisy.a(stm32h7xx_hal_dma.o)
 .text.DMA_CalcDMAMUXChannelBaseAndMask
                0x0000000008006aa0       0xd8 ../../libDaisy//build/libdaisy.a(stm32h7xx_hal_dma.o)
 .text.HAL_DMA_Init
                0x0000000008006b78      0x37c ../../libDaisy//build/libdaisy.a(stm32h7xx_hal_dma.o)
                0x0000000008006b78                HAL_DMA_Init
 .text.HAL_DMA_Start_IT
                0x0000000008006ef4      0x240 ../../libDaisy//build/libdaisy.a(stm32h7xx_hal_dma.o)
                0x0000000008006ef4                HAL_DMA_Start_IT
 .text.HAL_DMA_Abort_IT
                0x0000000008007134      0x134 ../../libDaisy//build/libdaisy.a(stm32h7xx_hal_dma.o)
                0x0000000008007134                HAL_DMA_Abort_IT
 .text.HAL_DMA_IRQHandler
                0x0000000008007268      0x6a0 ../../libDaisy//build/libdaisy.a(stm32h7xx_hal_dma.o)
                0x0000000008007268                HAL_DMA_IRQHandler
 .text.HAL_DMA_GetError
                0x0000000008007908        0x4 ../../libDaisy//build/libdaisy.a(stm32h7xx_hal_dma.o)
                0x0000000008007908                HAL_DMA_GetError
 .text.HAL_GPIO_Init
                0x000000000800790c      0x280 ../../libDaisy//build/libdaisy.a(stm32h7xx_hal_gpio.o)
                0x000000000800790c                HAL_GPIO_Init
 .text.HAL_GPIO_DeInit
                0x0000000008007b8c      0x190 ../../libDaisy//build/libdaisy.a(stm32h7xx_hal_gpio.o)
                0x0000000008007b8c                HAL_GPIO_DeInit
 .text.HAL_GPIO_ReadPin
                0x0000000008007d1c        0xc ../../libDaisy//build/libdaisy.a(stm32h7xx_hal_gpio.o)
                0x0000000008007d1c                HAL_GPIO_ReadPin
 .text.HAL_GPIO_WritePin
                0x0000000008007d28        0x8 ../../libDaisy//build/libdaisy.a(stm32h7xx_hal_gpio.o)
                0x0000000008007d28                HAL_GPIO_WritePin
 .text.HAL_HCD_IRQHandler
                0x0000000008007d30      0x780 ../../libDaisy//build/libdaisy.a(stm32h7xx_hal_hcd.o)
                0x0000000008007d30                HAL_HCD_IRQHandler
 .text.HAL_HCD_Stop
                0x00000000080084b0       0x28 ../../libDaisy//build/libdaisy.a(stm32h7xx_hal_hcd.o)
                0x00000000080084b0                HAL_HCD_Stop
 .text.I2C_WaitOnTXISFlagUntilTimeout
                0x00000000080084d8       0xb8 ../../libDaisy//build/libdaisy.a(stm32h7xx_hal_i2c.o)
 .text.I2C_WaitOnSTOPFlagUntilTimeout
                0x0000000008008590       0xac ../../libDaisy//build/libdaisy.a(stm32h7xx_hal_i2c.o)
 .text.HAL_I2C_Init
                0x000000000800863c       0xac ../../libDaisy//build/libdaisy.a(stm32h7xx_hal_i2c.o)
                0x000000000800863c                HAL_I2C_Init
 .text.HAL_I2C_Master_Transmit
                0x00000000080086e8      0x1a8 ../../libDaisy//build/libdaisy.a(stm32h7xx_hal_i2c.o)
                0x00000000080086e8                HAL_I2C_Master_Transmit
 .text.HAL_I2C_Slave_Transmit
                0x0000000008008890      0x1c8 ../../libDaisy//build/libdaisy.a(stm32h7xx_hal_i2c.o)
                0x0000000008008890                HAL_I2C_Slave_Transmit
 .text.HAL_I2C_EV_IRQHandler
                0x0000000008008a58       0x10 ../../libDaisy//build/libdaisy.a(stm32h7xx_hal_i2c.o)
                0x0000000008008a58                HAL_I2C_EV_IRQHandler
 .text.HAL_I2C_GetState
                0x0000000008008a68        0x8 ../../libDaisy//build/libdaisy.a(stm32h7xx_hal_i2c.o)
                0x0000000008008a68                HAL_I2C_GetState
 .text.HAL_I2CEx_ConfigAnalogFilter
                0x0000000008008a70       0x54 ../../libDaisy//build/libdaisy.a(stm32h7xx_hal_i2c_ex.o)
                0x0000000008008a70                HAL_I2CEx_ConfigAnalogFilter
 .text.HAL_I2CEx_ConfigDigitalFilter
                0x0000000008008ac4       0x58 ../../libDaisy//build/libdaisy.a(stm32h7xx_hal_i2c_ex.o)
                0x0000000008008ac4                HAL_I2CEx_ConfigDigitalFilter
 .text.HAL_PCD_IRQHandler
                0x0000000008008b1c      0x69c ../../libDaisy//build/libdaisy.a(stm32h7xx_hal_pcd.o)
                0x0000000008008b1c                HAL_PCD_IRQHandler
 .text.HAL_PCD_SetAddress
                0x00000000080091b8       0x2c ../../libDaisy//build/libdaisy.a(stm32h7xx_hal_pcd.o)
                0x00000000080091b8                HAL_PCD_SetAddress
 .text.HAL_PCD_EP_Open
                0x00000000080091e4       0x7c ../../libDaisy//build/libdaisy.a(stm32h7xx_hal_pcd.o)
                0x00000000080091e4                HAL_PCD_EP_Open
 .text.HAL_PCD_EP_Receive
                0x0000000008009260       0x50 ../../libDaisy//build/libdaisy.a(stm32h7xx_hal_pcd.o)
                0x0000000008009260                HAL_PCD_EP_Receive
 .text.HAL_PCD_EP_Transmit
                0x00000000080092b0       0x50 ../../libDaisy//build/libdaisy.a(stm32h7xx_hal_pcd.o)
                0x00000000080092b0                HAL_PCD_EP_Transmit
 .text.HAL_PCD_EP_SetStall
                0x0000000008009300       0x88 ../../libDaisy//build/libdaisy.a(stm32h7xx_hal_pcd.o)
                0x0000000008009300                HAL_PCD_EP_SetStall
 .text.HAL_PCD_EP_ClrStall
                0x0000000008009388       0x78 ../../libDaisy//build/libdaisy.a(stm32h7xx_hal_pcd.o)
                0x0000000008009388                HAL_PCD_EP_ClrStall
 .text.HAL_PCDEx_LPM_Callback
                0x0000000008009400        0x4 ../../libDaisy//build/libdaisy.a(stm32h7xx_hal_pcd_ex.o)
                0x0000000008009400                HAL_PCDEx_LPM_Callback
 .text.HAL_PWREx_ConfigSupply
                0x0000000008009404       0x4c ../../libDaisy//build/libdaisy.a(stm32h7xx_hal_pwr_ex.o)
                0x0000000008009404                HAL_PWREx_ConfigSupply
 .text.HAL_PWREx_EnableUSBVoltageDetector
                0x0000000008009450       0x10 ../../libDaisy//build/libdaisy.a(stm32h7xx_hal_pwr_ex.o)
                0x0000000008009450                HAL_PWREx_EnableUSBVoltageDetector
 .text.QSPI_Config
                0x0000000008009460      0x174 ../../libDaisy//build/libdaisy.a(stm32h7xx_hal_qspi.o)
 .text.HAL_QSPI_Init
                0x00000000080095d4       0xd8 ../../libDaisy//build/libdaisy.a(stm32h7xx_hal_qspi.o)
                0x00000000080095d4                HAL_QSPI_Init
 .text.HAL_QSPI_DeInit
                0x00000000080096ac       0x3c ../../libDaisy//build/libdaisy.a(stm32h7xx_hal_qspi.o)
                0x00000000080096ac                HAL_QSPI_DeInit
 .text.HAL_QSPI_Command
                0x00000000080096e8       0xd4 ../../libDaisy//build/libdaisy.a(stm32h7xx_hal_qspi.o)
                0x00000000080096e8                HAL_QSPI_Command
 .text.HAL_QSPI_Transmit
                0x00000000080097bc       0xfc ../../libDaisy//build/libdaisy.a(stm32h7xx_hal_qspi.o)
                0x00000000080097bc                HAL_QSPI_Transmit
 .text.HAL_QSPI_Receive
                0x00000000080098b8      0x108 ../../libDaisy//build/libdaisy.a(stm32h7xx_hal_qspi.o)
                0x00000000080098b8                HAL_QSPI_Receive
 .text.HAL_QSPI_AutoPolling
                0x00000000080099c0       0xf0 ../../libDaisy//build/libdaisy.a(stm32h7xx_hal_qspi.o)
                0x00000000080099c0                HAL_QSPI_AutoPolling
 .text.HAL_QSPI_MemoryMapped
                0x0000000008009ab0       0xc0 ../../libDaisy//build/libdaisy.a(stm32h7xx_hal_qspi.o)
                0x0000000008009ab0                HAL_QSPI_MemoryMapped
 .text.HAL_QSPI_ErrorCallback
                0x0000000008009b70        0x4 ../../libDaisy//build/libdaisy.a(stm32h7xx_hal_qspi.o)
                0x0000000008009b70                HAL_QSPI_ErrorCallback
 .text.QSPI_DMAAbortCplt
                0x0000000008009b74       0x38 ../../libDaisy//build/libdaisy.a(stm32h7xx_hal_qspi.o)
 .text.HAL_QSPI_AbortCpltCallback
                0x0000000008009bac        0x4 ../../libDaisy//build/libdaisy.a(stm32h7xx_hal_qspi.o)
                0x0000000008009bac                HAL_QSPI_AbortCpltCallback
 .text.HAL_QSPI_CmdCpltCallback
                0x0000000008009bb0        0x4 ../../libDaisy//build/libdaisy.a(stm32h7xx_hal_qspi.o)
                0x0000000008009bb0                HAL_QSPI_CmdCpltCallback
 .text.HAL_QSPI_RxCpltCallback
                0x0000000008009bb4        0x4 ../../libDaisy//build/libdaisy.a(stm32h7xx_hal_qspi.o)
                0x0000000008009bb4                HAL_QSPI_RxCpltCallback
 .text.HAL_QSPI_TxCpltCallback
                0x0000000008009bb8        0x4 ../../libDaisy//build/libdaisy.a(stm32h7xx_hal_qspi.o)
                0x0000000008009bb8                HAL_QSPI_TxCpltCallback
 .text.HAL_QSPI_FifoThresholdCallback
                0x0000000008009bbc        0x4 ../../libDaisy//build/libdaisy.a(stm32h7xx_hal_qspi.o)
                0x0000000008009bbc                HAL_QSPI_FifoThresholdCallback
 .text.HAL_QSPI_StatusMatchCallback
                0x0000000008009bc0        0x4 ../../libDaisy//build/libdaisy.a(stm32h7xx_hal_qspi.o)
                0x0000000008009bc0                HAL_QSPI_StatusMatchCallback
 .text.HAL_QSPI_TimeOutCallback
                0x0000000008009bc4        0x4 ../../libDaisy//build/libdaisy.a(stm32h7xx_hal_qspi.o)
                0x0000000008009bc4                HAL_QSPI_TimeOutCallback
 .text.HAL_QSPI_IRQHandler
                0x0000000008009bc8      0x210 ../../libDaisy//build/libdaisy.a(stm32h7xx_hal_qspi.o)
                0x0000000008009bc8                HAL_QSPI_IRQHandler
 .text.HAL_RCC_OscConfig
                0x0000000008009dd8      0x51c ../../libDaisy//build/libdaisy.a(stm32h7xx_hal_rcc.o)
                0x0000000008009dd8                HAL_RCC_OscConfig
 .text.HAL_RCC_GetSysClockFreq
                0x000000000800a2f4      0x140 ../../libDaisy//build/libdaisy.a(stm32h7xx_hal_rcc.o)
                0x000000000800a2f4                HAL_RCC_GetSysClockFreq
 .text.HAL_RCC_ClockConfig
                0x000000000800a434      0x234 ../../libDaisy//build/libdaisy.a(stm32h7xx_hal_rcc.o)
                0x000000000800a434                HAL_RCC_ClockConfig
 .text.HAL_RCC_GetHCLKFreq
                0x000000000800a668       0x2c ../../libDaisy//build/libdaisy.a(stm32h7xx_hal_rcc.o)
                0x000000000800a668                HAL_RCC_GetHCLKFreq
 .text.HAL_RCC_GetPCLK1Freq
                0x000000000800a694       0x38 ../../libDaisy//build/libdaisy.a(stm32h7xx_hal_rcc.o)
                0x000000000800a694                HAL_RCC_GetPCLK1Freq
 .text.HAL_RCC_GetPCLK2Freq
                0x000000000800a6cc       0x38 ../../libDaisy//build/libdaisy.a(stm32h7xx_hal_rcc.o)
                0x000000000800a6cc                HAL_RCC_GetPCLK2Freq
 .text.RCCEx_PLL2_Config
                0x000000000800a704       0xf4 ../../libDaisy//build/libdaisy.a(stm32h7xx_hal_rcc_ex.o)
 .text.RCCEx_PLL3_Config
                0x000000000800a7f8       0xf4 ../../libDaisy//build/libdaisy.a(stm32h7xx_hal_rcc_ex.o)
 .text.HAL_RCCEx_PeriphCLKConfig
                0x000000000800a8ec      0xa7c ../../libDaisy//build/libdaisy.a(stm32h7xx_hal_rcc_ex.o)
                0x000000000800a8ec                HAL_RCCEx_PeriphCLKConfig
 .text.HAL_RCCEx_GetD3PCLK1Freq
                0x000000000800b368       0x24 ../../libDaisy//build/libdaisy.a(stm32h7xx_hal_rcc_ex.o)
                0x000000000800b368                HAL_RCCEx_GetD3PCLK1Freq
 .text.HAL_RCCEx_GetPLL2ClockFreq
                0x000000000800b38c      0x17c ../../libDaisy//build/libdaisy.a(stm32h7xx_hal_rcc_ex.o)
                0x000000000800b38c                HAL_RCCEx_GetPLL2ClockFreq
 .text.HAL_RCCEx_GetPLL3ClockFreq
                0x000000000800b508      0x17c ../../libDaisy//build/libdaisy.a(stm32h7xx_hal_rcc_ex.o)
                0x000000000800b508                HAL_RCCEx_GetPLL3ClockFreq
 .text.HAL_RCCEx_GetPLL1ClockFreq
                0x000000000800b684      0x17c ../../libDaisy//build/libdaisy.a(stm32h7xx_hal_rcc_ex.o)
                0x000000000800b684                HAL_RCCEx_GetPLL1ClockFreq
 .text.HAL_RCCEx_GetPeriphCLKFreq
                0x000000000800b800      0x198 ../../libDaisy//build/libdaisy.a(stm32h7xx_hal_rcc_ex.o)
                0x000000000800b800                HAL_RCCEx_GetPeriphCLKFreq
 .text.HAL_RCCEx_GetD1SysClockFreq
                0x000000000800b998       0x2c ../../libDaisy//build/libdaisy.a(stm32h7xx_hal_rcc_ex.o)
                0x000000000800b998                HAL_RCCEx_GetD1SysClockFreq
 .text.HAL_SAI_Init.part.0
                0x000000000800b9c4      0x348 ../../libDaisy//build/libdaisy.a(stm32h7xx_hal_sai.o)
 .text.HAL_SAI_InitProtocol
                0x000000000800bd0c      0x178 ../../libDaisy//build/libdaisy.a(stm32h7xx_hal_sai.o)
                0x000000000800bd0c                HAL_SAI_InitProtocol
 .text.HAL_SAI_Transmit_DMA
                0x000000000800be84      0x124 ../../libDaisy//build/libdaisy.a(stm32h7xx_hal_sai.o)
                0x000000000800be84                HAL_SAI_Transmit_DMA
 .text.HAL_SAI_Receive_DMA
                0x000000000800bfa8       0xd0 ../../libDaisy//build/libdaisy.a(stm32h7xx_hal_sai.o)
                0x000000000800bfa8                HAL_SAI_Receive_DMA
 .text.HAL_SAI_TxCpltCallback
                0x000000000800c078        0x4 ../../libDaisy//build/libdaisy.a(stm32h7xx_hal_sai.o)
                0x000000000800c078                HAL_SAI_TxCpltCallback
 .text.SAI_DMATxCplt
                0x000000000800c07c       0x64 ../../libDaisy//build/libdaisy.a(stm32h7xx_hal_sai.o)
 .text.HAL_SAI_TxHalfCpltCallback
                0x000000000800c0e0        0x4 ../../libDaisy//build/libdaisy.a(stm32h7xx_hal_sai.o)
                0x000000000800c0e0                HAL_SAI_TxHalfCpltCallback
 .text.SAI_DMATxHalfCplt
                0x000000000800c0e4        0xc ../../libDaisy//build/libdaisy.a(stm32h7xx_hal_sai.o)
 .text.SAI_DMARxCplt
                0x000000000800c0f0       0x64 ../../libDaisy//build/libdaisy.a(stm32h7xx_hal_sai.o)
 .text.SAI_DMARxHalfCplt
                0x000000000800c154        0xc ../../libDaisy//build/libdaisy.a(stm32h7xx_hal_sai.o)
 .text.HAL_SAI_ErrorCallback
                0x000000000800c160        0x4 ../../libDaisy//build/libdaisy.a(stm32h7xx_hal_sai.o)
                0x000000000800c160                HAL_SAI_ErrorCallback
 .text.SAI_DMAError
                0x000000000800c164       0x6c ../../libDaisy//build/libdaisy.a(stm32h7xx_hal_sai.o)
 .text.HAL_SDRAM_Init
                0x000000000800c1d0       0x54 ../../libDaisy//build/libdaisy.a(stm32h7xx_hal_sdram.o)
                0x000000000800c1d0                HAL_SDRAM_Init
 .text.HAL_SDRAM_SendCommand
                0x000000000800c224       0x40 ../../libDaisy//build/libdaisy.a(stm32h7xx_hal_sdram.o)
                0x000000000800c224                HAL_SDRAM_SendCommand
 .text.HAL_SDRAM_ProgramRefreshRate
                0x000000000800c264       0x30 ../../libDaisy//build/libdaisy.a(stm32h7xx_hal_sdram.o)
                0x000000000800c264                HAL_SDRAM_ProgramRefreshRate
 .text.HAL_UART_Transmit_DMA
                0x000000000800c294       0xa4 ../../libDaisy//build/libdaisy.a(stm32h7xx_hal_uart.o)
                0x000000000800c294                HAL_UART_Transmit_DMA
 .text.HAL_UART_Receive_DMA
                0x000000000800c338       0xac ../../libDaisy//build/libdaisy.a(stm32h7xx_hal_uart.o)
                0x000000000800c338                HAL_UART_Receive_DMA
 .text.UART_DMATransmitCplt
                0x000000000800c3e4       0x2c ../../libDaisy//build/libdaisy.a(stm32h7xx_hal_uart.o)
 .text.HAL_UART_TxHalfCpltCallback
                0x000000000800c410        0x4 ../../libDaisy//build/libdaisy.a(stm32h7xx_hal_uart.o)
                0x000000000800c410                HAL_UART_TxHalfCpltCallback
 .text.UART_DMATxHalfCplt
                0x000000000800c414        0xc ../../libDaisy//build/libdaisy.a(stm32h7xx_hal_uart.o)
 .text.UART_DMAReceiveCplt
                0x000000000800c420       0x38 ../../libDaisy//build/libdaisy.a(stm32h7xx_hal_uart.o)
 .text.UART_DMARxHalfCplt
                0x000000000800c458        0xc ../../libDaisy//build/libdaisy.a(stm32h7xx_hal_uart.o)
 .text.UART_DMAError
                0x000000000800c464       0x78 ../../libDaisy//build/libdaisy.a(stm32h7xx_hal_uart.o)
 .text.HAL_UART_IRQHandler
                0x000000000800c4dc      0x1d0 ../../libDaisy//build/libdaisy.a(stm32h7xx_hal_uart.o)
                0x000000000800c4dc                HAL_UART_IRQHandler
 .text.UART_DMAAbortOnError
                0x000000000800c6ac       0x14 ../../libDaisy//build/libdaisy.a(stm32h7xx_hal_uart.o)
 .text.HAL_UART_GetState
                0x000000000800c6c0        0xc ../../libDaisy//build/libdaisy.a(stm32h7xx_hal_uart.o)
                0x000000000800c6c0                HAL_UART_GetState
 .text.UART_SetConfig
                0x000000000800c6cc     0x14b8 ../../libDaisy//build/libdaisy.a(stm32h7xx_hal_uart.o)
                0x000000000800c6cc                UART_SetConfig
 .text.UART_AdvFeatureConfig
                0x000000000800db84       0xb0 ../../libDaisy//build/libdaisy.a(stm32h7xx_hal_uart.o)
                0x000000000800db84                UART_AdvFeatureConfig
 .text.UART_CheckIdleState
                0x000000000800dc34       0x84 ../../libDaisy//build/libdaisy.a(stm32h7xx_hal_uart.o)
                0x000000000800dc34                UART_CheckIdleState
 .text.HAL_UART_Init
                0x000000000800dcb8       0x68 ../../libDaisy//build/libdaisy.a(stm32h7xx_hal_uart.o)
                0x000000000800dcb8                HAL_UART_Init
 .text.HAL_UARTEx_WakeupCallback
                0x000000000800dd20        0x4 ../../libDaisy//build/libdaisy.a(stm32h7xx_hal_uart_ex.o)
                0x000000000800dd20                HAL_UARTEx_WakeupCallback
 .text.HAL_UARTEx_RxFifoFullCallback
                0x000000000800dd24        0x4 ../../libDaisy//build/libdaisy.a(stm32h7xx_hal_uart_ex.o)
                0x000000000800dd24                HAL_UARTEx_RxFifoFullCallback
 .text.HAL_UARTEx_TxFifoEmptyCallback
                0x000000000800dd28        0x4 ../../libDaisy//build/libdaisy.a(stm32h7xx_hal_uart_ex.o)
                0x000000000800dd28                HAL_UARTEx_TxFifoEmptyCallback
 .text.HAL_UARTEx_DisableFifoMode
                0x000000000800dd2c       0x3c ../../libDaisy//build/libdaisy.a(stm32h7xx_hal_uart_ex.o)
                0x000000000800dd2c                HAL_UARTEx_DisableFifoMode
 .text.HAL_UARTEx_SetTxFifoThreshold
                0x000000000800dd68       0xa4 ../../libDaisy//build/libdaisy.a(stm32h7xx_hal_uart_ex.o)
                0x000000000800dd68                HAL_UARTEx_SetTxFifoThreshold
 .text.HAL_UARTEx_SetRxFifoThreshold
                0x000000000800de0c       0xa4 ../../libDaisy//build/libdaisy.a(stm32h7xx_hal_uart_ex.o)
                0x000000000800de0c                HAL_UARTEx_SetRxFifoThreshold
 .text.FMC_SDRAM_Init
                0x000000000800deb0       0x7c ../../libDaisy//build/libdaisy.a(stm32h7xx_ll_fmc.o)
                0x000000000800deb0                FMC_SDRAM_Init
 .text.FMC_SDRAM_Timing_Init
                0x000000000800df2c       0x98 ../../libDaisy//build/libdaisy.a(stm32h7xx_ll_fmc.o)
                0x000000000800df2c                FMC_SDRAM_Timing_Init
 .text.FMC_SDRAM_SendCommand
                0x000000000800dfc4       0x28 ../../libDaisy//build/libdaisy.a(stm32h7xx_ll_fmc.o)
                0x000000000800dfc4                FMC_SDRAM_SendCommand
 .text.FMC_SDRAM_ProgramRefreshRate
                0x000000000800dfec       0x1c ../../libDaisy//build/libdaisy.a(stm32h7xx_ll_fmc.o)
                0x000000000800dfec                FMC_SDRAM_ProgramRefreshRate
 .text.USB_SetTurnaroundTime
                0x000000000800e008      0x104 ../../libDaisy//build/libdaisy.a(stm32h7xx_ll_usb.o)
                0x000000000800e008                USB_SetTurnaroundTime
 .text.USB_FlushTxFifo
                0x000000000800e10c       0x34 ../../libDaisy//build/libdaisy.a(stm32h7xx_ll_usb.o)
                0x000000000800e10c                USB_FlushTxFifo
 .text.USB_GetDevSpeed
                0x000000000800e140       0x24 ../../libDaisy//build/libdaisy.a(stm32h7xx_ll_usb.o)
                0x000000000800e140                USB_GetDevSpeed
 .text.USB_ActivateEndpoint
                0x000000000800e164       0x90 ../../libDaisy//build/libdaisy.a(stm32h7xx_ll_usb.o)
                0x000000000800e164                USB_ActivateEndpoint
 .text.USB_EPStartXfer
                0x000000000800e1f4      0x230 ../../libDaisy//build/libdaisy.a(stm32h7xx_ll_usb.o)
                0x000000000800e1f4                USB_EPStartXfer
 .text.USB_EP0StartXfer
                0x000000000800e424      0x174 ../../libDaisy//build/libdaisy.a(stm32h7xx_ll_usb.o)
                0x000000000800e424                USB_EP0StartXfer
 .text.USB_WritePacket
                0x000000000800e598       0x2c ../../libDaisy//build/libdaisy.a(stm32h7xx_ll_usb.o)
                0x000000000800e598                USB_WritePacket
 .text.USB_ReadPacket
                0x000000000800e5c4       0x20 ../../libDaisy//build/libdaisy.a(stm32h7xx_ll_usb.o)
                0x000000000800e5c4                USB_ReadPacket
 .text.USB_EPSetStall
                0x000000000800e5e4       0x68 ../../libDaisy//build/libdaisy.a(stm32h7xx_ll_usb.o)
                0x000000000800e5e4                USB_EPSetStall
 .text.USB_EPClearStall
                0x000000000800e64c       0x58 ../../libDaisy//build/libdaisy.a(stm32h7xx_ll_usb.o)
                0x000000000800e64c                USB_EPClearStall
 .text.USB_SetDevAddress
                0x000000000800e6a4       0x24 ../../libDaisy//build/libdaisy.a(stm32h7xx_ll_usb.o)
                0x000000000800e6a4                USB_SetDevAddress
 .text.USB_ReadInterrupts
                0x000000000800e6c8       0x14 ../../libDaisy//build/libdaisy.a(stm32h7xx_ll_usb.o)
                0x000000000800e6c8                USB_ReadInterrupts
 .text.USB_ReadDevAllOutEpInterrupt
                0x000000000800e6dc       0x1c ../../libDaisy//build/libdaisy.a(stm32h7xx_ll_usb.o)
                0x000000000800e6dc                USB_ReadDevAllOutEpInterrupt
 .text.USB_ReadDevAllInEpInterrupt
                0x000000000800e6f8       0x1c ../../libDaisy//build/libdaisy.a(stm32h7xx_ll_usb.o)
                0x000000000800e6f8                USB_ReadDevAllInEpInterrupt
 .text.USB_ReadDevOutEPInterrupt
                0x000000000800e714       0x1c ../../libDaisy//build/libdaisy.a(stm32h7xx_ll_usb.o)
                0x000000000800e714                USB_ReadDevOutEPInterrupt
 .text.USB_ReadDevInEPInterrupt
                0x000000000800e730       0x38 ../../libDaisy//build/libdaisy.a(stm32h7xx_ll_usb.o)
                0x000000000800e730                USB_ReadDevInEPInterrupt
 .text.USB_GetMode
                0x000000000800e768        0x8 ../../libDaisy//build/libdaisy.a(stm32h7xx_ll_usb.o)
                0x000000000800e768                USB_GetMode
 .text.USB_ActivateSetup
                0x000000000800e770       0x38 ../../libDaisy//build/libdaisy.a(stm32h7xx_ll_usb.o)
                0x000000000800e770                USB_ActivateSetup
 .text.USB_EP0_OutStart
                0x000000000800e7a8       0x58 ../../libDaisy//build/libdaisy.a(stm32h7xx_ll_usb.o)
                0x000000000800e7a8                USB_EP0_OutStart
 .text.USB_InitFSLSPClkSel
                0x000000000800e800       0x44 ../../libDaisy//build/libdaisy.a(stm32h7xx_ll_usb.o)
                0x000000000800e800                USB_InitFSLSPClkSel
 .text.USB_HC_ReadInterrupt
                0x000000000800e844        0x8 ../../libDaisy//build/libdaisy.a(stm32h7xx_ll_usb.o)
                0x000000000800e844                USB_HC_ReadInterrupt
 .text.USB_HC_Halt
                0x000000000800e84c       0xc0 ../../libDaisy//build/libdaisy.a(stm32h7xx_ll_usb.o)
                0x000000000800e84c                USB_HC_Halt
 .text.USB_StopHost
                0x000000000800e90c      0x2ec ../../libDaisy//build/libdaisy.a(stm32h7xx_ll_usb.o)
                0x000000000800e90c                USB_StopHost
 .text.USBD_SetClassConfig
                0x000000000800ebf8       0x14 ../../libDaisy//build/libdaisy.a(usbd_core.o)
                0x000000000800ebf8                USBD_SetClassConfig
 .text.USBD_ClrClassConfig
                0x000000000800ec0c       0x10 ../../libDaisy//build/libdaisy.a(usbd_core.o)
                0x000000000800ec0c                USBD_ClrClassConfig
 .text.USBD_LL_SetupStage
                0x000000000800ec1c       0x5c ../../libDaisy//build/libdaisy.a(usbd_core.o)
                0x000000000800ec1c                USBD_LL_SetupStage
 .text.USBD_LL_DataOutStage
                0x000000000800ec78       0x7c ../../libDaisy//build/libdaisy.a(usbd_core.o)
                0x000000000800ec78                USBD_LL_DataOutStage
 .text.USBD_LL_DataInStage
                0x000000000800ecf4       0xcc ../../libDaisy//build/libdaisy.a(usbd_core.o)
                0x000000000800ecf4                USBD_LL_DataInStage
 .text.USBD_LL_Reset
                0x000000000800edc0       0x50 ../../libDaisy//build/libdaisy.a(usbd_core.o)
                0x000000000800edc0                USBD_LL_Reset
 .text.USBD_LL_SetSpeed
                0x000000000800ee10        0x8 ../../libDaisy//build/libdaisy.a(usbd_core.o)
                0x000000000800ee10                USBD_LL_SetSpeed
 .text.USBD_LL_Suspend
                0x000000000800ee18       0x14 ../../libDaisy//build/libdaisy.a(usbd_core.o)
                0x000000000800ee18                USBD_LL_Suspend
 .text.USBD_LL_Resume
                0x000000000800ee2c       0x10 ../../libDaisy//build/libdaisy.a(usbd_core.o)
                0x000000000800ee2c                USBD_LL_Resume
 .text.USBD_LL_SOF
                0x000000000800ee3c       0x1c ../../libDaisy//build/libdaisy.a(usbd_core.o)
                0x000000000800ee3c                USBD_LL_SOF
 .text.USBD_LL_IsoINIncomplete
                0x000000000800ee58        0x4 ../../libDaisy//build/libdaisy.a(usbd_core.o)
                0x000000000800ee58                USBD_LL_IsoINIncomplete
 .text.USBD_LL_IsoOUTIncomplete
                0x000000000800ee5c        0x4 ../../libDaisy//build/libdaisy.a(usbd_core.o)
                0x000000000800ee5c                USBD_LL_IsoOUTIncomplete
 .text.USBD_LL_DevConnected
                0x000000000800ee60        0x4 ../../libDaisy//build/libdaisy.a(usbd_core.o)
                0x000000000800ee60                USBD_LL_DevConnected
 .text.USBD_LL_DevDisconnected
                0x000000000800ee64       0x18 ../../libDaisy//build/libdaisy.a(usbd_core.o)
                0x000000000800ee64                USBD_LL_DevDisconnected
 .text.USBD_StdDevReq
                0x000000000800ee7c      0x304 ../../libDaisy//build/libdaisy.a(usbd_ctlreq.o)
                0x000000000800ee7c                USBD_StdDevReq
 .text.USBD_StdItfReq
                0x000000000800f180       0x68 ../../libDaisy//build/libdaisy.a(usbd_ctlreq.o)
                0x000000000800f180                USBD_StdItfReq
 .text.USBD_StdEPReq
                0x000000000800f1e8      0x13c ../../libDaisy//build/libdaisy.a(usbd_ctlreq.o)
                0x000000000800f1e8                USBD_StdEPReq
 .text.USBD_ParseSetupRequest
                0x000000000800f324       0x28 ../../libDaisy//build/libdaisy.a(usbd_ctlreq.o)
                0x000000000800f324                USBD_ParseSetupRequest
 .text.USBD_CtlSendData
                0x000000000800f34c       0x1c ../../libDaisy//build/libdaisy.a(usbd_ioreq.o)
                0x000000000800f34c                USBD_CtlSendData
 .text.USBD_CtlContinueSendData
                0x000000000800f368       0x14 ../../libDaisy//build/libdaisy.a(usbd_ioreq.o)
                0x000000000800f368                USBD_CtlContinueSendData
 .text.USBD_CtlContinueRx
                0x000000000800f37c       0x14 ../../libDaisy//build/libdaisy.a(usbd_ioreq.o)
                0x000000000800f37c                USBD_CtlContinueRx
 .text.USBD_CtlSendStatus
                0x000000000800f390       0x18 ../../libDaisy//build/libdaisy.a(usbd_ioreq.o)
                0x000000000800f390                USBD_CtlSendStatus
 .text.USBD_CtlReceiveStatus
                0x000000000800f3a8       0x18 ../../libDaisy//build/libdaisy.a(usbd_ioreq.o)
                0x000000000800f3a8                USBD_CtlReceiveStatus
 .text.USBH_LL_IncTimer
                0x000000000800f3c0       0x20 ../../libDaisy//build/libdaisy.a(usbh_core.o)
                0x000000000800f3c0                USBH_LL_IncTimer
 .text.USBH_LL_PortEnabled
                0x000000000800f3e0        0x8 ../../libDaisy//build/libdaisy.a(usbh_core.o)
                0x000000000800f3e0                USBH_LL_PortEnabled
 .text.USBH_LL_PortDisabled
                0x000000000800f3e8        0x8 ../../libDaisy//build/libdaisy.a(usbh_core.o)
                0x000000000800f3e8                USBH_LL_PortDisabled
 .text.USBH_LL_Connect
                0x000000000800f3f0       0x18 ../../libDaisy//build/libdaisy.a(usbh_core.o)
                0x000000000800f3f0                USBH_LL_Connect
 .text.USBH_LL_Disconnect
                0x000000000800f408       0x2c ../../libDaisy//build/libdaisy.a(usbh_core.o)
                0x000000000800f408                USBH_LL_Disconnect
 .text.USBH_FreePipe
                0x000000000800f434       0x18 ../../libDaisy//build/libdaisy.a(usbh_pipes.o)
                0x000000000800f434                USBH_FreePipe
 .text._ZN5daisy3Led4InitE12dsy_gpio_pinbf
                0x000000000800f44c       0x48 ../../libDaisy//build/libdaisy.a(led.o)
                0x000000000800f44c                daisy::Led::Init(dsy_gpio_pin, bool, float)
 .text._ZN5daisy3Led3SetEf
                0x000000000800f494       0x24 ../../libDaisy//build/libdaisy.a(led.o)
                0x000000000800f494                daisy::Led::Set(float)
 .text._ZN5daisy3Led6UpdateEv
                0x000000000800f4b8       0x48 ../../libDaisy//build/libdaisy.a(led.o)
                0x000000000800f4b8                daisy::Led::Update()
 .text._ZN5daisy6Random4InitEv
                0x000000000800f500       0x3c ../../libDaisy//build/libdaisy.a(rng.o)
                0x000000000800f500                daisy::Random::Init()
 .text._ZN5daisy9SpiHandle4Impl7InitDmaEv
                0x000000000800f53c       0xec ../../libDaisy//build/libdaisy.a(spi.o)
                0x000000000800f53c                daisy::SpiHandle::Impl::InitDma()
 .text._ZN5daisy9SpiHandle4Impl10StartDmaTxEPhjPFvPvEPFvS3_NS0_6ResultEES3_
                0x000000000800f628       0xc8 ../../libDaisy//build/libdaisy.a(spi.o)
                0x000000000800f628                daisy::SpiHandle::Impl::StartDmaTx(unsigned char*, unsigned int, void (*)(void*), void (*)(void*, daisy::SpiHandle::Result), void*)
 .text._ZN5daisy9SpiHandle4Impl10StartDmaRxEPhjPFvPvEPFvS3_NS0_6ResultEES3_
                0x000000000800f6f0       0xc8 ../../libDaisy//build/libdaisy.a(spi.o)
                0x000000000800f6f0                daisy::SpiHandle::Impl::StartDmaRx(unsigned char*, unsigned int, void (*)(void*), void (*)(void*, daisy::SpiHandle::Result), void*)
 .text._ZN5daisy9SpiHandle4Impl12StartDmaRxTxEPhS2_jPFvPvEPFvS3_NS0_6ResultEES3_
                0x000000000800f7b8       0xcc ../../libDaisy//build/libdaisy.a(spi.o)
                0x000000000800f7b8                daisy::SpiHandle::Impl::StartDmaRxTx(unsigned char*, unsigned char*, unsigned int, void (*)(void*), void (*)(void*, daisy::SpiHandle::Result), void*)
 .text._ZN5daisy9SpiHandle4Impl8InitPinsEv
                0x000000000800f884      0x274 ../../libDaisy//build/libdaisy.a(spi.o)
                0x000000000800f884                daisy::SpiHandle::Impl::InitPins()
 .text.HAL_SPI_MspInit
                0x000000000800faf8      0x1a8 ../../libDaisy//build/libdaisy.a(spi.o)
                0x000000000800faf8                HAL_SPI_MspInit
 .text.dsy_spi_global_init
                0x000000000800fca0       0x80 ../../libDaisy//build/libdaisy.a(spi.o)
                0x000000000800fca0                dsy_spi_global_init
 .text.SPI1_IRQHandler
                0x000000000800fd20        0xc ../../libDaisy//build/libdaisy.a(spi.o)
                0x000000000800fd20                SPI1_IRQHandler
 .text.SPI2_IRQHandler
                0x000000000800fd2c        0xc ../../libDaisy//build/libdaisy.a(spi.o)
                0x000000000800fd2c                SPI2_IRQHandler
 .text.SPI3_IRQHandler
                0x000000000800fd38        0xc ../../libDaisy//build/libdaisy.a(spi.o)
                0x000000000800fd38                SPI3_IRQHandler
 .text.SPI4_IRQHandler
                0x000000000800fd44        0xc ../../libDaisy//build/libdaisy.a(spi.o)
                0x000000000800fd44                SPI4_IRQHandler
 .text.SPI5_IRQHandler
                0x000000000800fd50        0xc ../../libDaisy//build/libdaisy.a(spi.o)
                0x000000000800fd50                SPI5_IRQHandler
 .text.DMA2_Stream2_IRQHandler
                0x000000000800fd5c       0x34 ../../libDaisy//build/libdaisy.a(spi.o)
                0x000000000800fd5c                DMA2_Stream2_IRQHandler
 .text.DMA2_Stream3_IRQHandler
                0x000000000800fd90       0x38 ../../libDaisy//build/libdaisy.a(spi.o)
                0x000000000800fd90                DMA2_Stream3_IRQHandler
 .text.HAL_SPI_TxCpltCallback
                0x000000000800fdc8       0xc4 ../../libDaisy//build/libdaisy.a(spi.o)
                0x000000000800fdc8                HAL_SPI_TxCpltCallback
 .text.HAL_SPI_RxCpltCallback
                0x000000000800fe8c       0xc4 ../../libDaisy//build/libdaisy.a(spi.o)
                0x000000000800fe8c                HAL_SPI_RxCpltCallback
 .text.HAL_SPI_TxRxCpltCallback
                0x000000000800ff50       0xc4 ../../libDaisy//build/libdaisy.a(spi.o)
                0x000000000800ff50                HAL_SPI_TxRxCpltCallback
 .text.HAL_SPI_ErrorCallback
                0x0000000008010014       0xc8 ../../libDaisy//build/libdaisy.a(spi.o)
                0x0000000008010014                HAL_SPI_ErrorCallback
 .text.startup._GLOBAL__sub_I__Z19MapInstanceToHandleP11SPI_TypeDef
                0x00000000080100dc      0x1b0 ../../libDaisy//build/libdaisy.a(spi.o)
 .text.HAL_TIM_Base_MspInit
                0x000000000801028c      0x1e0 ../../libDaisy//build/libdaisy.a(tim.o)
                0x000000000801028c                HAL_TIM_Base_MspInit
 .text.HAL_TIM_PeriodElapsedCallback
                0x000000000801046c       0x44 ../../libDaisy//build/libdaisy.a(tim.o)
                0x000000000801046c                HAL_TIM_PeriodElapsedCallback
 .text.TIM2_IRQHandler
                0x00000000080104b0        0xc ../../libDaisy//build/libdaisy.a(tim.o)
                0x00000000080104b0                TIM2_IRQHandler
 .text.TIM3_IRQHandler
                0x00000000080104bc        0xc ../../libDaisy//build/libdaisy.a(tim.o)
                0x00000000080104bc                TIM3_IRQHandler
 .text.TIM4_IRQHandler
                0x00000000080104c8        0xc ../../libDaisy//build/libdaisy.a(tim.o)
                0x00000000080104c8                TIM4_IRQHandler
 .text.TIM5_IRQHandler
                0x00000000080104d4        0xc ../../libDaisy//build/libdaisy.a(tim.o)
                0x00000000080104d4                TIM5_IRQHandler
 .text._ZN5daisy11TimerHandle4InitERKNS0_6ConfigE
                0x00000000080104e0       0xd0 ../../libDaisy//build/libdaisy.a(tim.o)
                0x00000000080104e0                daisy::TimerHandle::Init(daisy::TimerHandle::Config const&)
 .text._ZN5daisy11TimerHandle5StartEv
                0x00000000080105b0       0x24 ../../libDaisy//build/libdaisy.a(tim.o)
                0x00000000080105b0                daisy::TimerHandle::Start()
 .text.startup._GLOBAL__sub_I__ZN5daisy11TimerHandle4Impl4InitERKNS0_6ConfigE
                0x00000000080105d4       0x38 ../../libDaisy//build/libdaisy.a(tim.o)
 .text.HAL_MDMA_Abort_IT
                0x000000000801060c       0x2c ../../libDaisy//build/libdaisy.a(stm32h7xx_hal_mdma.o)
                0x000000000801060c                HAL_MDMA_Abort_IT
 .text.SPI_CloseTransfer
                0x0000000008010638       0xb8 ../../libDaisy//build/libdaisy.a(stm32h7xx_hal_spi.o)
 .text.HAL_SPI_Init
                0x00000000080106f0      0x15c ../../libDaisy//build/libdaisy.a(stm32h7xx_hal_spi.o)
                0x00000000080106f0                HAL_SPI_Init
 .text.HAL_SPI_Transmit_DMA
                0x000000000801084c      0x170 ../../libDaisy//build/libdaisy.a(stm32h7xx_hal_spi.o)
                0x000000000801084c                HAL_SPI_Transmit_DMA
 .text.HAL_SPI_TransmitReceive_DMA
                0x00000000080109bc      0x218 ../../libDaisy//build/libdaisy.a(stm32h7xx_hal_spi.o)
                0x00000000080109bc                HAL_SPI_TransmitReceive_DMA
 .text.HAL_SPI_Receive_DMA
                0x0000000008010bd4      0x1b4 ../../libDaisy//build/libdaisy.a(stm32h7xx_hal_spi.o)
                0x0000000008010bd4                HAL_SPI_Receive_DMA
 .text.SPI_DMATransmitCplt
                0x0000000008010d88       0x28 ../../libDaisy//build/libdaisy.a(stm32h7xx_hal_spi.o)
 .text.SPI_DMAReceiveCplt
                0x0000000008010db0       0x28 ../../libDaisy//build/libdaisy.a(stm32h7xx_hal_spi.o)
 .text.SPI_DMATransmitReceiveCplt
                0x0000000008010dd8       0x28 ../../libDaisy//build/libdaisy.a(stm32h7xx_hal_spi.o)
 .text.HAL_SPI_TxHalfCpltCallback
                0x0000000008010e00        0x4 ../../libDaisy//build/libdaisy.a(stm32h7xx_hal_spi.o)
                0x0000000008010e00                HAL_SPI_TxHalfCpltCallback
 .text.SPI_DMAHalfTransmitCplt
                0x0000000008010e04        0xc ../../libDaisy//build/libdaisy.a(stm32h7xx_hal_spi.o)
 .text.HAL_SPI_RxHalfCpltCallback
                0x0000000008010e10        0x4 ../../libDaisy//build/libdaisy.a(stm32h7xx_hal_spi.o)
                0x0000000008010e10                HAL_SPI_RxHalfCpltCallback
 .text.SPI_DMAHalfReceiveCplt
                0x0000000008010e14        0xc ../../libDaisy//build/libdaisy.a(stm32h7xx_hal_spi.o)
 .text.HAL_SPI_TxRxHalfCpltCallback
                0x0000000008010e20        0x4 ../../libDaisy//build/libdaisy.a(stm32h7xx_hal_spi.o)
                0x0000000008010e20                HAL_SPI_TxRxHalfCpltCallback
 .text.SPI_DMAHalfTransmitReceiveCplt
                0x0000000008010e24        0xc ../../libDaisy//build/libdaisy.a(stm32h7xx_hal_spi.o)
 .text.SPI_DMAError
                0x0000000008010e30       0xd8 ../../libDaisy//build/libdaisy.a(stm32h7xx_hal_spi.o)
 .text.HAL_SPI_IRQHandler
                0x0000000008010f08      0x23c ../../libDaisy//build/libdaisy.a(stm32h7xx_hal_spi.o)
                0x0000000008010f08                HAL_SPI_IRQHandler
 .text.SPI_DMAAbortOnError
                0x0000000008011144       0x1c ../../libDaisy//build/libdaisy.a(stm32h7xx_hal_spi.o)
 .text.HAL_SPI_GetState
                0x0000000008011160        0x8 ../../libDaisy//build/libdaisy.a(stm32h7xx_hal_spi.o)
                0x0000000008011160                HAL_SPI_GetState
 .text.HAL_TIM_Base_Init
                0x0000000008011168      0x140 ../../libDaisy//build/libdaisy.a(stm32h7xx_hal_tim.o)
                0x0000000008011168                HAL_TIM_Base_Init
 .text.HAL_TIM_Base_Start
                0x00000000080112a8       0x34 ../../libDaisy//build/libdaisy.a(stm32h7xx_hal_tim.o)
                0x00000000080112a8                HAL_TIM_Base_Start
 .text.HAL_TIM_Base_Start_IT
                0x00000000080112dc       0x2c ../../libDaisy//build/libdaisy.a(stm32h7xx_hal_tim.o)
                0x00000000080112dc                HAL_TIM_Base_Start_IT
 .text.HAL_TIM_ConfigClockSource
                0x0000000008011308      0x17c ../../libDaisy//build/libdaisy.a(stm32h7xx_hal_tim.o)
                0x0000000008011308                HAL_TIM_ConfigClockSource
 .text.HAL_TIM_OC_DelayElapsedCallback
                0x0000000008011484        0x4 ../../libDaisy//build/libdaisy.a(stm32h7xx_hal_tim.o)
                0x0000000008011484                HAL_TIM_OC_DelayElapsedCallback
 .text.HAL_TIM_IC_CaptureCallback
                0x0000000008011488        0x4 ../../libDaisy//build/libdaisy.a(stm32h7xx_hal_tim.o)
                0x0000000008011488                HAL_TIM_IC_CaptureCallback
 .text.HAL_TIM_PWM_PulseFinishedCallback
                0x000000000801148c        0x4 ../../libDaisy//build/libdaisy.a(stm32h7xx_hal_tim.o)
                0x000000000801148c                HAL_TIM_PWM_PulseFinishedCallback