Archive member included to satisfy reference by file (symbol)

../../libDaisy//build/libdaisy.a(daisy_pod.o)
                              build/HelloDaisyPod.o (daisy::DaisyPod::StartAudio(void (*)(float const* const*, float**, unsigned int)))
../../libDaisy//build/libdaisy.a(daisy_seed.o)
                              ../../libDaisy//build/libdaisy.a(daisy_pod.o) (daisy::DaisySeed::Configure())
../../libDaisy//build/libdaisy.a(codec_ak4556.o)
                              ../../libDaisy//build/libdaisy.a(daisy_seed.o) (daisy::Ak4556::Init(dsy_gpio_pin))
../../libDaisy//build/libdaisy.a(codec_wm8731.o)
                              ../../libDaisy//build/libdaisy.a(daisy_seed.o) (daisy::Wm8731::Init(daisy::Wm8731::Config const&, daisy::I2CHandle))
../../libDaisy//build/libdaisy.a(sdram.o)
                              ../../libDaisy//build/libdaisy.a(daisy_seed.o) (SdramHandle::Init())
../../libDaisy//build/libdaisy.a(audio.o)
                              ../../libDaisy//build/libdaisy.a(daisy_seed.o) (daisy::AudioHandle::Init(daisy::AudioHandle::Config const&, daisy::SaiHandle))
../../libDaisy//build/libdaisy.a(ctrl.o)
                              ../../libDaisy//build/libdaisy.a(daisy_pod.o) (daisy::AnalogControl::Init(unsigned short*, float, bool, bool, float))
../../libDaisy//build/libdaisy.a(encoder.o)
                              ../../libDaisy//build/libdaisy.a(daisy_pod.o) (daisy::Encoder::Init(dsy_gpio_pin, dsy_gpio_pin, dsy_gpio_pin, float))
../../libDaisy//build/libdaisy.a(logger.o)
                              build/HelloDaisyPod.o (daisy::Logger<(daisy::LoggerDestination)1>::PrintLine(char const*, ...))
../../libDaisy//build/libdaisy.a(midi.o)
                              build/HelloDaisyPod.o (daisy::MidiUartTransport::Config::Config())
../../libDaisy//build/libdaisy.a(midi_parser.o)
                              ../../libDaisy//build/libdaisy.a(daisy_pod.o) (daisy::MidiParser::Reset())
../../libDaisy//build/libdaisy.a(rgb_led.o)
                              ../../libDaisy//build/libdaisy.a(daisy_pod.o) (daisy::RgbLed::Init(dsy_gpio_pin, dsy_gpio_pin, dsy_gpio_pin, bool))
../../libDaisy//build/libdaisy.a(switch.o)
                              ../../libDaisy//build/libdaisy.a(daisy_pod.o) (daisy::Switch::Init(dsy_gpio_pin, float))
../../libDaisy//build/libdaisy.a(usb.o)
                              ../../libDaisy//build/libdaisy.a(logger.o) (daisy::UsbHandle::Init(daisy::UsbHandle::UsbPeriph))
../../libDaisy//build/libdaisy.a(adc.o)
                              ../../libDaisy//build/libdaisy.a(daisy_pod.o) (daisy::AdcChannelConfig::InitSingle(dsy_gpio_pin, daisy::AdcChannelConfig::ConversionSpeed))
../../libDaisy//build/libdaisy.a(gpio.o)
                              ../../libDaisy//build/libdaisy.a(daisy_seed.o) (daisy::GPIO::Init(daisy::Pin, daisy::GPIO::Mode, daisy::GPIO::Pull, daisy::GPIO::Speed))
../../libDaisy//build/libdaisy.a(i2c.o)
                              ../../libDaisy//build/libdaisy.a(daisy_seed.o) (daisy::I2CHandle::Init(daisy::I2CHandle::Config const&))
../../libDaisy//build/libdaisy.a(qspi.o)
                              ../../libDaisy//build/libdaisy.a(daisy_seed.o) (daisy::QSPIHandle::Init(daisy::QSPIHandle::Config const&))
../../libDaisy//build/libdaisy.a(sai.o)
                              ../../libDaisy//build/libdaisy.a(daisy_seed.o) (daisy::SaiHandle::Init(daisy::SaiHandle::Config const&))
../../libDaisy//build/libdaisy.a(uart.o)
                              ../../libDaisy//build/libdaisy.a(daisy_pod.o) (daisy::UartHandler::Init(daisy::UartHandler::Config const&))
../../libDaisy//build/libdaisy.a(dma.o)
                              ../../libDaisy//build/libdaisy.a(uart.o) (dsy_dma_invalidate_cache_for_buffer)
../../libDaisy//build/libdaisy.a(system.o)
                              ../../libDaisy//build/libdaisy.a(daisy_seed.o) (daisy::System::DeInit())
../../libDaisy//build/libdaisy.a(system_stm32h7xx.o)
                              build/startup_stm32h750xx.o (SystemInit)
../../libDaisy//build/libdaisy.a(usbd_cdc_if.o)
                              ../../libDaisy//build/libdaisy.a(usb.o) (CDC_Transmit_FS)
../../libDaisy//build/libdaisy.a(usbd_conf.o)
                              ../../libDaisy//build/libdaisy.a(system.o) (hpcd_USB_OTG_HS)
../../libDaisy//build/libdaisy.a(usbd_desc.o)
                              ../../libDaisy//build/libdaisy.a(usb.o) (HS_Desc)
../../libDaisy//build/libdaisy.a(usbh_conf.o)
                              ../../libDaisy//build/libdaisy.a(system.o) (hhcd_USB_OTG_HS)
../../libDaisy//build/libdaisy.a(color.o)
                              build/HelloDaisyPod.o (daisy::Color::Init(daisy::Color::PresetColor))
../../libDaisy//build/libdaisy.a(hal_map.o)
                              ../../libDaisy//build/libdaisy.a(gpio.o) (dsy_hal_map_get_port)
../../libDaisy//build/libdaisy.a(stm32h7xx_hal.o)
                              ../../libDaisy//build/libdaisy.a(system.o) (HAL_Init)
[...]
Memory Configuration

Name             Origin             Length             Attributes
FLASH            0x0000000008000000 0x0000000000020000 xr
DTCMRAM          0x0000000020000000 0x0000000000020000 xrw
SRAM             0x0000000024000000 0x0000000000080000 xrw
RAM_D2           0x0000000030000000 0x0000000000048000 xrw
RAM_D3           0x0000000038000000 0x0000000000010000 xrw
BACKUP_SRAM      0x0000000038800000 0x0000000000001000 xrw
ITCMRAM          0x0000000000000000 0x0000000000010000 xrw
SDRAM            0x00000000c0000000 0x0000000004000000 xrw
QSPIFLASH        0x0000000090000000 0x0000000000800000 xr
*default*        0x0000000000000000 0xffffffffffffffff

Linker script and memory map

LOAD /Library/DaisyToolchain/0.2.0/arm/bin/../lib/gcc/arm-none-eabi/10.3.1/thumb/v7e-m+dp/hard/crti.o
LOAD /Library/DaisyToolchain/0.2.0/arm/bin/../lib/gcc/arm-none-eabi/10.3.1/thumb/v7e-m+dp/hard/crtbegin.o
LOAD /Library/DaisyToolchain/0.2.0/arm/bin/../lib/gcc/arm-none-eabi/10.3.1/../../../../arm-none-eabi/lib/thumb/v7e-m+dp/hard/crt0.o
LOAD build/startup_stm32h750xx.o
LOAD build/HelloDaisyPod.o
LOAD ../../libDaisy//build/libdaisy.a
LOAD /Library/DaisyToolchain/0.2.0/arm/bin/../lib/gcc/arm-none-eabi/10.3.1/../../../../arm-none-eabi/lib/thumb/v7e-m+dp/hard/libnosys.a
LOAD ../../DaisySP//build/libdaisysp.a
LOAD /Library/DaisyToolchain/0.2.0/arm/bin/../lib/gcc/arm-none-eabi/10.3.1/../../../../arm-none-eabi/lib/thumb/v7e-m+dp/hard/libstdc++_nano.a
LOAD /Library/DaisyToolchain/0.2.0/arm/bin/../lib/gcc/arm-none-eabi/10.3.1/../../../../arm-none-eabi/lib/thumb/v7e-m+dp/hard/libm.a
LOAD /Library/DaisyToolchain/0.2.0/arm/bin/../lib/gcc/arm-none-eabi/10.3.1/../../../../arm-none-eabi/lib/thumb/v7e-m+dp/hard/libc_nano.a
START GROUP
LOAD /Library/DaisyToolchain/0.2.0/arm/bin/../lib/gcc/arm-none-eabi/10.3.1/thumb/v7e-m+dp/hard/libgcc.a
LOAD /Library/DaisyToolchain/0.2.0/arm/bin/../lib/gcc/arm-none-eabi/10.3.1/../../../../arm-none-eabi/lib/thumb/v7e-m+dp/hard/libc_nano.a
END GROUP
START GROUP
LOAD /Library/DaisyToolchain/0.2.0/arm/bin/../lib/gcc/arm-none-eabi/10.3.1/thumb/v7e-m+dp/hard/libgcc.a
LOAD /Library/DaisyToolchain/0.2.0/arm/bin/../lib/gcc/arm-none-eabi/10.3.1/../../../../arm-none-eabi/lib/thumb/v7e-m+dp/hard/libc_nano.a
LOAD /Library/DaisyToolchain/0.2.0/arm/bin/../lib/gcc/arm-none-eabi/10.3.1/../../../../arm-none-eabi/lib/thumb/v7e-m+dp/hard/libnosys.a
END GROUP
START GROUP
LOAD /Library/DaisyToolchain/0.2.0/arm/bin/../lib/gcc/arm-none-eabi/10.3.1/thumb/v7e-m+dp/hard/libgcc.a
LOAD /Library/DaisyToolchain/0.2.0/arm/bin/../lib/gcc/arm-none-eabi/10.3.1/../../../../arm-none-eabi/lib/thumb/v7e-m+dp/hard/libc_nano.a
LOAD /Library/DaisyToolchain/0.2.0/arm/bin/../lib/gcc/arm-none-eabi/10.3.1/../../../../arm-none-eabi/lib/thumb/v7e-m+dp/hard/libnosys.a
END GROUP
LOAD /Library/DaisyToolchain/0.2.0/arm/bin/../lib/gcc/arm-none-eabi/10.3.1/thumb/v7e-m+dp/hard/crtend.o
LOAD /Library/DaisyToolchain/0.2.0/arm/bin/../lib/gcc/arm-none-eabi/10.3.1/thumb/v7e-m+dp/hard/crtn.o
                0x0000000020020000                _estack = 0x20020000

.isr_vector     0x0000000008000000      0x298
                0x0000000008000000                . = ALIGN (0x4)
 *(.isr_vector)
 .isr_vector    0x0000000008000000      0x298 build/startup_stm32h750xx.o
                0x0000000008000000                g_pfnVectors
                0x0000000008000298                . = ALIGN (0x4)

.text           0x00000000080002a0    0x13f34
                0x00000000080002a0                . = ALIGN (0x4)
                0x00000000080002a0                _stext = .
 *(.text)
 .text          0x00000000080002a0       0x40 /Library/DaisyToolchain/0.2.0/arm/bin/../lib/gcc/arm-none-eabi/10.3.1/thumb/v7e-m+dp/hard/crtbegin.o
 .text          0x00000000080002e0       0xa0 /Library/DaisyToolchain/0.2.0/arm/bin/../lib/gcc/arm-none-eabi/10.3.1/../../../../arm-none-eabi/lib/thumb/v7e-m+dp/hard/libc_nano.a(lib_a-memchr.o)
                0x00000000080002e0                memchr
 .text          0x0000000008000380       0x30 /Library/DaisyToolchain/0.2.0/arm/bin/../lib/gcc/arm-none-eabi/10.3.1/thumb/v7e-m+dp/hard/libgcc.a(_aeabi_uldivmod.o)
                0x0000000008000380                __aeabi_uldivmod
 .text          0x00000000080003b0      0x2d0 /Library/DaisyToolchain/0.2.0/arm/bin/../lib/gcc/arm-none-eabi/10.3.1/thumb/v7e-m+dp/hard/libgcc.a(_udivmoddi4.o)
                0x00000000080003b0                __udivmoddi4
 .text          0x0000000008000680        0x4 /Library/DaisyToolchain/0.2.0/arm/bin/../lib/gcc/arm-none-eabi/10.3.1/thumb/v7e-m+dp/hard/libgcc.a(_dvmd_tls.o)
                0x0000000008000680                __aeabi_ldiv0
                0x0000000008000680                __aeabi_idiv0
 *(.text*)
 .text.Default_Handler
                0x0000000008000684        0x4 build/startup_stm32h750xx.o
                0x0000000008000684                SAI1_IRQHandler
                0x0000000008000684                HASH_RNG_IRQHandler
                0x0000000008000684                EXTI2_IRQHandler
                0x0000000008000684                TIM8_CC_IRQHandler
                0x0000000008000684                HRTIM1_Master_IRQHandler
                0x0000000008000684                DebugMon_Handler
                0x0000000008000684                TIM1_CC_IRQHandler
                0x0000000008000684                BDMA_Channel6_IRQHandler
                0x0000000008000684                DMA2_Stream5_IRQHandler
                0x0000000008000684                HRTIM1_FLT_IRQHandler
                0x0000000008000684                JPEG_IRQHandler
                0x0000000008000684                BDMA_Channel1_IRQHandler
                0x0000000008000684                HRTIM1_TIMD_IRQHandler
                0x0000000008000684                TAMP_STAMP_IRQHandler
                0x0000000008000684                PendSV_Handler
                0x0000000008000684                NMI_Handler
                0x0000000008000684                EXTI3_IRQHandler
                0x0000000008000684                LPTIM4_IRQHandler
                0x0000000008000684                TIM8_TRG_COM_TIM14_IRQHandler
                0x0000000008000684                LPTIM2_IRQHandler
                0x0000000008000684                DFSDM1_FLT1_IRQHandler
                0x0000000008000684                DMAMUX2_OVR_IRQHandler
                0x0000000008000684                TIM8_UP_TIM13_IRQHandler
                0x0000000008000684                I2C3_ER_IRQHandler
                0x0000000008000684                DFSDM1_FLT2_IRQHandler
                0x0000000008000684                MDMA_IRQHandler
                0x0000000008000684                LPTIM3_IRQHandler
                0x0000000008000684                HSEM1_IRQHandler
                0x0000000008000684                EXTI0_IRQHandler
                0x0000000008000684                FPU_IRQHandler
                0x0000000008000684                OTG_HS_WKUP_IRQHandler
                0x0000000008000684                FDCAN1_IT1_IRQHandler
                0x0000000008000684                UsageFault_Handler
                0x0000000008000684                LTDC_ER_IRQHandler
                0x0000000008000684                HRTIM1_TIME_IRQHandler
                0x0000000008000684                TIM6_DAC_IRQHandler
                0x0000000008000684                DCMI_IRQHandler
                0x0000000008000684                HRTIM1_TIMC_IRQHandler
                0x0000000008000684                SAI2_IRQHandler
                0x0000000008000684                DFSDM1_FLT3_IRQHandler
                0x0000000008000684                TIM17_IRQHandler
                0x0000000008000684                CRYP_IRQHandler
                0x0000000008000684                BDMA_Channel7_IRQHandler
                0x0000000008000684                LPTIM5_IRQHandler
                0x0000000008000684                ADC3_IRQHandler
                0x0000000008000684                DMA2_Stream0_IRQHandler
                0x0000000008000684                BDMA_Channel2_IRQHandler
                0x0000000008000684                DMAMUX1_OVR_IRQHandler
                0x0000000008000684                TIM16_IRQHandler
                0x0000000008000684                BDMA_Channel5_IRQHandler
                0x0000000008000684                RCC_IRQHandler
                0x0000000008000684                TIM8_BRK_TIM12_IRQHandler
                0x0000000008000684                TIM1_TRG_COM_IRQHandler
                0x0000000008000684                Default_Handler
                0x0000000008000684                ECC_IRQHandler
                0x0000000008000684                CEC_IRQHandler
                0x0000000008000684                EXTI15_10_IRQHandler
                0x0000000008000684                BDMA_Channel0_IRQHandler
                0x0000000008000684                ADC_IRQHandler
                0x0000000008000684                DMA1_Stream7_IRQHandler
                0x0000000008000684                HRTIM1_TIMA_IRQHandler
                0x0000000008000684                TIM7_IRQHandler
                0x0000000008000684                SDMMC1_IRQHandler
                0x0000000008000684                DMA2_Stream7_IRQHandler
                0x0000000008000684                TIM15_IRQHandler
                0x0000000008000684                PVD_AVD_IRQHandler
                0x0000000008000684                EXTI9_5_IRQHandler
                0x0000000008000684                RTC_WKUP_IRQHandler
                0x0000000008000684                LTDC_IRQHandler
                0x0000000008000684                SAI3_IRQHandler
                0x0000000008000684                ETH_WKUP_IRQHandler
                0x0000000008000684                SPDIF_RX_IRQHandler
                0x0000000008000684                MemManage_Handler
                0x0000000008000684                SVC_Handler
                0x0000000008000684                CRS_IRQHandler
                0x0000000008000684                EXTI4_IRQHandler
                0x0000000008000684                HRTIM1_TIMB_IRQHandler
                0x0000000008000684                FDCAN2_IT1_IRQHandler
                0x0000000008000684                ETH_IRQHandler
                0x0000000008000684                TIM1_UP_IRQHandler
                0x0000000008000684                BDMA_Channel4_IRQHandler
                0x0000000008000684                WWDG_IRQHandler
                0x0000000008000684                SPI6_IRQHandler
                0x0000000008000684                I2C4_EV_IRQHandler
                0x0000000008000684                MDIOS_IRQHandler
                0x0000000008000684                FDCAN2_IT0_IRQHandler
                0x0000000008000684                FDCAN1_IT0_IRQHandler
                0x0000000008000684                OTG_FS_WKUP_IRQHandler
                0x0000000008000684                DMA2D_IRQHandler
                0x0000000008000684                TIM1_BRK_IRQHandler
                0x0000000008000684                EXTI1_IRQHandler
                0x0000000008000684                SDMMC2_IRQHandler
                0x0000000008000684                BDMA_Channel3_IRQHandler
                0x0000000008000684                MDIOS_WKUP_IRQHandler
                0x0000000008000684                DFSDM1_FLT0_IRQHandler
                0x0000000008000684                SAI4_IRQHandler
                0x0000000008000684                I2C2_ER_IRQHandler
                0x0000000008000684                DMA2_Stream1_IRQHandler
                0x0000000008000684                FLASH_IRQHandler
                0x0000000008000684                BusFault_Handler
                0x0000000008000684                WAKEUP_PIN_IRQHandler
                0x0000000008000684                I2C1_ER_IRQHandler
                0x0000000008000684                FMC_IRQHandler
                0x0000000008000684                FDCAN_CAL_IRQHandler
                0x0000000008000684                SWPMI1_IRQHandler
                0x0000000008000684                COMP1_IRQHandler
                0x0000000008000684                LPTIM1_IRQHandler
                0x0000000008000684                I2C4_ER_IRQHandler
                0x0000000008000684                DMA2_Stream6_IRQHandler
                0x0000000008000684                RTC_Alarm_IRQHandler
 .text.Reset_Handler
                0x0000000008000688       0x44 build/startup_stm32h750xx.o
                0x0000000008000688                Reset_Handler
 .text._ZN5daisy5ColorD2Ev
                0x00000000080006cc        0x4 build/HelloDaisyPod.o
                0x00000000080006cc                daisy::Color::~Color()
                0x00000000080006cc                daisy::Color::~Color()
 .text._ZN5daisy8DaisyPodD2Ev
                0x00000000080006d0        0x4 build/HelloDaisyPod.o
                0x00000000080006d0                daisy::DaisyPod::~DaisyPod()
                0x00000000080006d0                daisy::DaisyPod::~DaisyPod()
 .text._Z13AudioCallbackPKPKfPPfj
                0x00000000080006d4       0x84 build/HelloDaisyPod.o
                0x00000000080006d4                AudioCallback(float const* const*, float**, unsigned int)
 .text.startup.main
                0x0000000008000758       0x5c build/HelloDaisyPod.o
                0x0000000008000758                main
 .text.startup._GLOBAL__sub_I_hw
                0x00000000080007b4       0x7c build/HelloDaisyPod.o
 .text._ZN5daisy8DaisyPod10StartAudioEPFvPKPKfPPfjE
                0x0000000008000830        0x4 ../../libDaisy//build/libdaisy.a(daisy_pod.o)
                0x0000000008000830                daisy::DaisyPod::StartAudio(void (*)(float const* const*, float**, unsigned int))
 .text._ZN5daisy8DaisyPod17SetAudioBlockSizeEj
                0x0000000008000834       0x2c ../../libDaisy//build/libdaisy.a(daisy_pod.o)
                0x0000000008000834                daisy::DaisyPod::SetAudioBlockSize(unsigned int)
 .text._ZN5daisy8DaisyPod18SetAudioSampleRateENS_9SaiHandle6Config10SampleRateE
                0x0000000008000860       0x2c ../../libDaisy//build/libdaisy.a(daisy_pod.o)
                0x0000000008000860                daisy::DaisyPod::SetAudioSampleRate(daisy::SaiHandle::Config::SampleRate)
 .text._ZN5daisy8DaisyPod8StartAdcEv
                0x000000000800088c        0x8 ../../libDaisy//build/libdaisy.a(daisy_pod.o)
                0x000000000800088c                daisy::DaisyPod::StartAdc()
 .text._ZN5daisy8DaisyPod21ProcessAnalogControlsEv
                0x0000000008000894       0x18 ../../libDaisy//build/libdaisy.a(daisy_pod.o)
                0x0000000008000894                daisy::DaisyPod::ProcessAnalogControls()
 .text._ZN5daisy8DaisyPod22ProcessDigitalControlsEv
                0x00000000080008ac       0x20 ../../libDaisy//build/libdaisy.a(daisy_pod.o)
                0x00000000080008ac                daisy::DaisyPod::ProcessDigitalControls()
 .text._ZN5daisy8DaisyPod9ClearLedsEv
                0x00000000080008cc       0x3c ../../libDaisy//build/libdaisy.a(daisy_pod.o)
                0x00000000080008cc                daisy::DaisyPod::ClearLeds()
 .text._ZN5daisy8DaisyPod10UpdateLedsEv
                0x0000000008000908       0x18 ../../libDaisy//build/libdaisy.a(daisy_pod.o)
                0x0000000008000908                daisy::DaisyPod::UpdateLeds()
 .text._ZN5daisy8DaisyPod8InitLedsEv
                0x0000000008000920       0x98 ../../libDaisy//build/libdaisy.a(daisy_pod.o)
                0x0000000008000920                daisy::DaisyPod::InitLeds()
 .text._ZN5daisy8DaisyPod9InitKnobsEv
                0x00000000080009b8       0x90 ../../libDaisy//build/libdaisy.a(daisy_pod.o)
                0x00000000080009b8                daisy::DaisyPod::InitKnobs()
 .text._ZN5daisy8DaisyPod4InitEb
                0x0000000008000a48      0x128 ../../libDaisy//build/libdaisy.a(daisy_pod.o)
                0x0000000008000a48                daisy::DaisyPod::Init(bool)
 .text._ZN5daisy9DaisySeed9ConfigureEv
                0x0000000008000b70        0x4 ../../libDaisy//build/libdaisy.a(daisy_seed.o)
                0x0000000008000b70                daisy::DaisySeed::Configure()
 .text._ZN5daisy9DaisySeed10StartAudioEPFvPKPKfPPfjE
                0x0000000008000b74        0x8 ../../libDaisy//build/libdaisy.a(daisy_seed.o)
                0x0000000008000b74                daisy::DaisySeed::StartAudio(void (*)(float const* const*, float**, unsigned int))
 .text._ZN5daisy9DaisySeed18SetAudioSampleRateENS_9SaiHandle6Config10SampleRateE
                0x0000000008000b7c       0x38 ../../libDaisy//build/libdaisy.a(daisy_seed.o)
                0x0000000008000b7c                daisy::DaisySeed::SetAudioSampleRate(daisy::SaiHandle::Config::SampleRate)
 .text._ZN5daisy9DaisySeed17SetAudioBlockSizeEj
                0x0000000008000bb4       0x38 ../../libDaisy//build/libdaisy.a(daisy_seed.o)
                0x0000000008000bb4                daisy::DaisySeed::SetAudioBlockSize(unsigned int)
 .text._ZNK5daisy9DaisySeed17AudioCallbackRateEv
                0x0000000008000bec        0x8 ../../libDaisy//build/libdaisy.a(daisy_seed.o)
                0x0000000008000bec                daisy::DaisySeed::AudioCallbackRate() const
 .text._ZN5daisy9DaisySeed17CheckBoardVersionEv
                0x0000000008000bf4       0x6c ../../libDaisy//build/libdaisy.a(daisy_seed.o)
                0x0000000008000bf4                daisy::DaisySeed::CheckBoardVersion()
 .text._ZN5daisy9DaisySeed14ConfigureAudioEv
                0x0000000008000c60      0x10c ../../libDaisy//build/libdaisy.a(daisy_seed.o)
                0x0000000008000c60                daisy::DaisySeed::ConfigureAudio()
 .text._ZN5daisy9DaisySeed4InitEb
                0x0000000008000d6c      0x108 ../../libDaisy//build/libdaisy.a(daisy_seed.o)
                0x0000000008000d6c                daisy::DaisySeed::Init(bool)
 .text._ZN5daisy6Ak45564InitE12dsy_gpio_pin
                0x0000000008000e74       0x44 ../../libDaisy//build/libdaisy.a(codec_ak4556.o)
                0x0000000008000e74                daisy::Ak4556::Init(dsy_gpio_pin)
 .text._ZN5daisy6Wm873120WriteControlRegisterEht
                0x0000000008000eb8       0x3c ../../libDaisy//build/libdaisy.a(codec_wm8731.o)
                0x0000000008000eb8                daisy::Wm8731::WriteControlRegister(unsigned char, unsigned short)
 .text._ZN5daisy6Wm87314InitERKNS0_6ConfigENS_9I2CHandleE
                0x0000000008000ef4      0x1bc ../../libDaisy//build/libdaisy.a(codec_wm8731.o)
                0x0000000008000ef4                daisy::Wm8731::Init(daisy::Wm8731::Config const&, daisy::I2CHandle)
 .text._ZN11SdramHandle10DeviceInitEv
                0x00000000080010b0       0x98 ../../libDaisy//build/libdaisy.a(sdram.o)
                0x00000000080010b0                SdramHandle::DeviceInit()
 .text._ZN11SdramHandle4InitEv
                0x0000000008001148       0x7c ../../libDaisy//build/libdaisy.a(sdram.o)
                0x0000000008001148                SdramHandle::Init()
 .text.HAL_SDRAM_MspInit
                0x00000000080011c4      0x1a8 ../../libDaisy//build/libdaisy.a(sdram.o)
                0x00000000080011c4                HAL_SDRAM_MspInit
 .text._ZN5daisy11AudioHandle4Impl16InternalCallbackEPlS2_j
                0x000000000800136c      0xbbc ../../libDaisy//build/libdaisy.a(audio.o)
                0x000000000800136c                daisy::AudioHandle::Impl::InternalCallback(long*, long*, unsigned int)
 .text._ZN5daisy11AudioHandle4InitERKNS0_6ConfigENS_9SaiHandleE
                0x0000000008001f28       0x70 ../../libDaisy//build/libdaisy.a(audio.o)
                0x0000000008001f28                daisy::AudioHandle::Init(daisy::AudioHandle::Config const&, daisy::SaiHandle)
 .text._ZNK5daisy11AudioHandle9GetConfigEv
                0x0000000008001f98        0x8 ../../libDaisy//build/libdaisy.a(audio.o)
                0x0000000008001f98                daisy::AudioHandle::GetConfig() const
 .text._ZN5daisy11AudioHandle12SetBlockSizeEj
                0x0000000008001fa0       0x1c ../../libDaisy//build/libdaisy.a(audio.o)
                0x0000000008001fa0                daisy::AudioHandle::SetBlockSize(unsigned int)
 .text._ZN5daisy11AudioHandle13GetSampleRateEv
                0x0000000008001fbc        0x8 ../../libDaisy//build/libdaisy.a(audio.o)
                0x0000000008001fbc                daisy::AudioHandle::GetSampleRate()
 .text._ZN5daisy11AudioHandle13SetSampleRateENS_9SaiHandle6Config10SampleRateE
                0x0000000008001fc4       0x88 ../../libDaisy//build/libdaisy.a(audio.o)
                0x0000000008001fc4                daisy::AudioHandle::SetSampleRate(daisy::SaiHandle::Config::SampleRate)
 .text._ZN5daisy11AudioHandle5StartEPFvPKPKfPPfjE
                0x000000000800204c       0x44 ../../libDaisy//build/libdaisy.a(audio.o)
                0x000000000800204c                daisy::AudioHandle::Start(void (*)(float const* const*, float**, unsigned int))
 .text.startup._GLOBAL__sub_I__ZN5daisy11AudioHandle4Impl4InitENS0_6ConfigENS_9SaiHandleE
                0x0000000008002090       0x24 ../../libDaisy//build/libdaisy.a(audio.o)
 .text._ZN5daisy13AnalogControl4InitEPtfbbf
                0x00000000080020b4       0x64 ../../libDaisy//build/libdaisy.a(ctrl.o)
                0x00000000080020b4                daisy::AnalogControl::Init(unsigned short*, float, bool, bool, float)
 .text._ZN5daisy13AnalogControl7ProcessEv
                0x0000000008002118       0x48 ../../libDaisy//build/libdaisy.a(ctrl.o)
                0x0000000008002118                daisy::AnalogControl::Process()
 .text._ZN5daisy13AnalogControl13SetSampleRateEf
                0x0000000008002160       0x58 ../../libDaisy//build/libdaisy.a(ctrl.o)
                0x0000000008002160                daisy::AnalogControl::SetSampleRate(float)
 .text._ZN5daisy7Encoder4InitE12dsy_gpio_pinS1_S1_f
                0x00000000080021b8       0x60 ../../libDaisy//build/libdaisy.a(encoder.o)
                0x00000000080021b8                daisy::Encoder::Init(dsy_gpio_pin, dsy_gpio_pin, dsy_gpio_pin, float)
 .text._ZN5daisy7Encoder8DebounceEv
                0x0000000008002218       0x7c ../../libDaisy//build/libdaisy.a(encoder.o)
                0x0000000008002218                daisy::Encoder::Debounce()
 .text._ZN5daisy9UsbHandleD2Ev
                0x0000000008002294        0x4 ../../libDaisy//build/libdaisy.a(logger.o)
                0x0000000008002294                daisy::UsbHandle::~UsbHandle()
                0x0000000008002294                daisy::UsbHandle::~UsbHandle()
 .text._ZN5daisy6LoggerILNS_17LoggerDestinationE1EE11TransmitBufEv
                0x0000000008002298       0x60 ../../libDaisy//build/libdaisy.a(logger.o)
                0x0000000008002298                daisy::Logger<(daisy::LoggerDestination)1>::TransmitBuf()
 .text._ZN5daisy6LoggerILNS_17LoggerDestinationE1EE13AppendNewLineEv
                0x00000000080022f8       0x60 ../../libDaisy//build/libdaisy.a(logger.o)
                0x00000000080022f8                daisy::Logger<(daisy::LoggerDestination)1>::AppendNewLine()
 .text._ZN5daisy6LoggerILNS_17LoggerDestinationE1EE10PrintLineVEPKcSt9__va_list
                0x0000000008002358       0x30 ../../libDaisy//build/libdaisy.a(logger.o)
                0x0000000008002358                daisy::Logger<(daisy::LoggerDestination)1>::PrintLineV(char const*, std::__va_list)
 .text._ZN5daisy6LoggerILNS_17LoggerDestinationE1EE9PrintLineEPKcz
                0x0000000008002388       0x1c ../../libDaisy//build/libdaisy.a(logger.o)
                0x0000000008002388                daisy::Logger<(daisy::LoggerDestination)1>::PrintLine(char const*, ...)
 .text._ZN5daisy6LoggerILNS_17LoggerDestinationE1EE8StartLogEb
                0x00000000080023a4       0x40 ../../libDaisy//build/libdaisy.a(logger.o)
                0x00000000080023a4                daisy::Logger<(daisy::LoggerDestination)1>::StartLog(bool)
 .text.startup._GLOBAL__sub_I__ZN5daisy10LoggerImplILNS_17LoggerDestinationE1EE11usb_handle_E
                0x00000000080023e4       0x2c ../../libDaisy//build/libdaisy.a(logger.o)
 .text._ZN5daisy17MidiUartTransport6ConfigC2Ev
                0x0000000008002410       0x28 ../../libDaisy//build/libdaisy.a(midi.o)
                0x0000000008002410                daisy::MidiUartTransport::Config::Config()
                0x0000000008002410                daisy::MidiUartTransport::Config::Config()
 .text._ZN5daisy10MidiParser5ResetEv
                0x0000000008002438        0xc ../../libDaisy//build/libdaisy.a(midi_parser.o)
                0x0000000008002438                daisy::MidiParser::Reset()
 .text._ZN5daisy6RgbLed4InitE12dsy_gpio_pinS1_S1_b
                0x0000000008002444       0x50 ../../libDaisy//build/libdaisy.a(rgb_led.o)
                0x0000000008002444                daisy::RgbLed::Init(dsy_gpio_pin, dsy_gpio_pin, dsy_gpio_pin, bool)
 .text._ZN5daisy6RgbLed8SetColorENS_5ColorE
                0x0000000008002494       0x2c ../../libDaisy//build/libdaisy.a(rgb_led.o)
                0x0000000008002494                daisy::RgbLed::SetColor(daisy::Color)
 .text._ZN5daisy6RgbLed6UpdateEv
                0x00000000080024c0       0x1c ../../libDaisy//build/libdaisy.a(rgb_led.o)
                0x00000000080024c0                daisy::RgbLed::Update()
 .text._ZN5daisy6Switch4InitE12dsy_gpio_pinf
                0x00000000080024dc       0x34 ../../libDaisy//build/libdaisy.a(switch.o)
                0x00000000080024dc                daisy::Switch::Init(dsy_gpio_pin, float)
 .text._ZN5daisy6Switch8DebounceEv
                0x0000000008002510       0x5c ../../libDaisy//build/libdaisy.a(switch.o)
                0x0000000008002510                daisy::Switch::Debounce()
 .text.DummyRxCallback
                0x000000000800256c        0x4 ../../libDaisy//build/libdaisy.a(usb.o)
                0x000000000800256c                DummyRxCallback
 .text._ZN5daisy9UsbHandle4InitENS0_9UsbPeriphE
                0x0000000008002570      0x10c ../../libDaisy//build/libdaisy.a(usb.o)
                0x0000000008002570                daisy::UsbHandle::Init(daisy::UsbHandle::UsbPeriph)
 .text._ZN5daisy9UsbHandle16TransmitInternalEPhj
                0x000000000800267c       0x14 ../../libDaisy//build/libdaisy.a(usb.o)
                0x000000000800267c                daisy::UsbHandle::TransmitInternal(unsigned char*, unsigned int)
 .text.OTG_FS_EP1_OUT_IRQHandler
                0x0000000008002690        0xc ../../libDaisy//build/libdaisy.a(usb.o)
                0x0000000008002690                OTG_FS_EP1_OUT_IRQHandler
 .text.OTG_FS_EP1_IN_IRQHandler
                0x000000000800269c        0xc ../../libDaisy//build/libdaisy.a(usb.o)
                0x000000000800269c                OTG_FS_EP1_IN_IRQHandler
 .text.OTG_FS_IRQHandler
                0x00000000080026a8        0xc ../../libDaisy//build/libdaisy.a(usb.o)
                0x00000000080026a8                OTG_FS_IRQHandler
 .text._ZN5daisy16AdcChannelConfig10InitSingleE12dsy_gpio_pinNS0_15ConversionSpeedE
                0x00000000080026b4       0x28 ../../libDaisy//build/libdaisy.a(adc.o)
                0x00000000080026b4                daisy::AdcChannelConfig::InitSingle(dsy_gpio_pin, daisy::AdcChannelConfig::ConversionSpeed)
 .text._ZN5daisy9AdcHandle4InitEPNS_16AdcChannelConfigEjNS0_12OverSamplingE
                0x00000000080026dc      0x41c ../../libDaisy//build/libdaisy.a(adc.o)
                0x00000000080026dc                daisy::AdcHandle::Init(daisy::AdcChannelConfig*, unsigned int, daisy::AdcHandle::OverSampling)
 .text._ZN5daisy9AdcHandle5StartEv
                0x0000000008002af8       0x2c ../../libDaisy//build/libdaisy.a(adc.o)
                0x0000000008002af8                daisy::AdcHandle::Start()
 .text._ZNK5daisy9AdcHandle6GetPtrEh
                0x0000000008002b24       0x14 ../../libDaisy//build/libdaisy.a(adc.o)
                0x0000000008002b24                daisy::AdcHandle::GetPtr(unsigned char) const
 .text.HAL_ADC_MspInit
                0x0000000008002b38       0x98 ../../libDaisy//build/libdaisy.a(adc.o)
                0x0000000008002b38                HAL_ADC_MspInit
 .text.DMA1_Stream2_IRQHandler
                0x0000000008002bd0        0xc ../../libDaisy//build/libdaisy.a(adc.o)
                0x0000000008002bd0                DMA1_Stream2_IRQHandler
 .text.HAL_ADC_ConvCpltCallback
                0x0000000008002bdc      0x148 ../../libDaisy//build/libdaisy.a(adc.o)
                0x0000000008002bdc                HAL_ADC_ConvCpltCallback
 .text.HAL_ADC_ErrorCallback
                0x0000000008002d24        0x4 ../../libDaisy//build/libdaisy.a(adc.o)
                0x0000000008002d24                HAL_ADC_ErrorCallback
 .text._ZN5daisy4GPIO4InitENS_3PinENS0_4ModeENS0_4PullENS0_5SpeedE
                0x0000000008002d28      0x1cc ../../libDaisy//build/libdaisy.a(gpio.o)
                0x0000000008002d28                daisy::GPIO::Init(daisy::Pin, daisy::GPIO::Mode, daisy::GPIO::Pull, daisy::GPIO::Speed)
 .text._ZN5daisy4GPIO4ReadEv
                0x0000000008002ef4       0x18 ../../libDaisy//build/libdaisy.a(gpio.o)
                0x0000000008002ef4                daisy::GPIO::Read()
 .text._ZN5daisy4GPIO5WriteEb
                0x0000000008002f0c       0x14 ../../libDaisy//build/libdaisy.a(gpio.o)
                0x0000000008002f0c                daisy::GPIO::Write(bool)
 .text.dsy_gpio_init
                0x0000000008002f20      0x1b8 ../../libDaisy//build/libdaisy.a(gpio.o)
                0x0000000008002f20                dsy_gpio_init
 .text.dsy_gpio_read
                0x00000000080030d8       0x1c ../../libDaisy//build/libdaisy.a(gpio.o)
                0x00000000080030d8                dsy_gpio_read
 .text.dsy_gpio_write
                0x00000000080030f4       0x24 ../../libDaisy//build/libdaisy.a(gpio.o)
                0x00000000080030f4                dsy_gpio_write
 .text._ZN5daisy9I2CHandle4Impl8InitPinsEv
                0x0000000008003118       0x58 ../../libDaisy//build/libdaisy.a(i2c.o)
                0x0000000008003118                daisy::I2CHandle::Impl::InitPins()
 .text.HAL_I2C_MspInit
                0x0000000008003170      0x1b4 ../../libDaisy//build/libdaisy.a(i2c.o)
                0x0000000008003170                HAL_I2C_MspInit
 .text.dsy_i2c_global_init
                0x0000000008003324       0x78 ../../libDaisy//build/libdaisy.a(i2c.o)
                0x0000000008003324                dsy_i2c_global_init
 .text.DMA1_Stream6_IRQHandler
                0x000000000800339c       0x34 ../../libDaisy//build/libdaisy.a(i2c.o)
                0x000000000800339c                DMA1_Stream6_IRQHandler
 .text.I2C1_EV_IRQHandler
                0x00000000080033d0        0xc ../../libDaisy//build/libdaisy.a(i2c.o)
                0x00000000080033d0                I2C1_EV_IRQHandler
 .text.I2C2_EV_IRQHandler
                0x00000000080033dc        0xc ../../libDaisy//build/libdaisy.a(i2c.o)
                0x00000000080033dc                I2C2_EV_IRQHandler
 .text.I2C3_EV_IRQHandler
                0x00000000080033e8        0xc ../../libDaisy//build/libdaisy.a(i2c.o)
                0x00000000080033e8                I2C3_EV_IRQHandler
 .text._ZN5daisy9I2CHandle4InitERKNS0_6ConfigE
                0x00000000080033f4      0x12c ../../libDaisy//build/libdaisy.a(i2c.o)
                0x00000000080033f4                daisy::I2CHandle::Init(daisy::I2CHandle::Config const&)
 .text._ZN5daisy9I2CHandle16TransmitBlockingEtPhtm
                0x0000000008003520       0x50 ../../libDaisy//build/libdaisy.a(i2c.o)
                0x0000000008003520                daisy::I2CHandle::TransmitBlocking(unsigned short, unsigned char*, unsigned short, unsigned long)
 .text.startup._GLOBAL__sub_I__ZN5daisy9I2CHandle4Impl10GlobalInitEv
                0x0000000008003570       0x18 ../../libDaisy//build/libdaisy.a(i2c.o)
 .text._ZN5daisy10QSPIHandle4Impl11WriteEnableEv
                0x0000000008003588       0x8c ../../libDaisy//build/libdaisy.a(qspi.o)
                0x0000000008003588                daisy::QSPIHandle::Impl::WriteEnable()
 *fill*         0x0000000008003614        0x4 
 .text._ZN5daisy10QSPIHandle4Impl17DummyCyclesConfigENS0_6Config6DeviceE
                0x0000000008003618      0x118 ../../libDaisy//build/libdaisy.a(qspi.o)
                0x0000000008003618                daisy::QSPIHandle::Impl::DummyCyclesConfig(daisy::QSPIHandle::Config::Device)
 .text._ZN5daisy10QSPIHandle4Impl10QuadEnableEv
                0x0000000008003730      0x158 ../../libDaisy//build/libdaisy.a(qspi.o)
                0x0000000008003730                daisy::QSPIHandle::Impl::QuadEnable()
 .text._ZN5daisy10QSPIHandle4InitERKNS0_6ConfigE
                0x0000000008003888      0x198 ../../libDaisy//build/libdaisy.a(qspi.o)
                0x0000000008003888                daisy::QSPIHandle::Init(daisy::QSPIHandle::Config const&)
 .text.HAL_QSPI_MspInit
                0x0000000008003a20      0x11c ../../libDaisy//build/libdaisy.a(qspi.o)
                0x0000000008003a20                HAL_QSPI_MspInit
 .text.HAL_QSPI_MspDeInit
                0x0000000008003b3c       0x54 ../../libDaisy//build/libdaisy.a(qspi.o)
                0x0000000008003b3c                HAL_QSPI_MspDeInit
 .text.QUADSPI_IRQHandler
                0x0000000008003b90        0xc ../../libDaisy//build/libdaisy.a(qspi.o)
                0x0000000008003b90                QUADSPI_IRQHandler
 .text.startup._GLOBAL__sub_I__ZN5daisy10QSPIHandle4Impl4InitERKNS0_6ConfigE
                0x0000000008003b9c       0x28 ../../libDaisy//build/libdaisy.a(qspi.o)
 .text._ZN5daisy9SaiHandle4Impl7InitDmaENS1_15PeripheralBlockE
                0x0000000008003bc4       0xa0 ../../libDaisy//build/libdaisy.a(sai.o)
                0x0000000008003bc4                daisy::SaiHandle::Impl::InitDma(daisy::SaiHandle::Impl::PeripheralBlock)
 .text._ZN5daisy9SaiHandle4Impl8InitPinsEv
                0x0000000008003c64       0xa8 ../../libDaisy//build/libdaisy.a(sai.o)
                0x0000000008003c64                daisy::SaiHandle::Impl::InitPins()
 .text.HAL_SAI_MspInit
                0x0000000008003d0c      0x164 ../../libDaisy//build/libdaisy.a(sai.o)
                0x0000000008003d0c                HAL_SAI_MspInit
 .text.DMA1_Stream0_IRQHandler
                0x0000000008003e70        0xc ../../libDaisy//build/libdaisy.a(sai.o)
                0x0000000008003e70                DMA1_Stream0_IRQHandler
 .text.DMA1_Stream1_IRQHandler
                0x0000000008003e7c        0xc ../../libDaisy//build/libdaisy.a(sai.o)
                0x0000000008003e7c                DMA1_Stream1_IRQHandler
 .text.DMA1_Stream3_IRQHandler
                0x0000000008003e88        0xc ../../libDaisy//build/libdaisy.a(sai.o)
                0x0000000008003e88                DMA1_Stream3_IRQHandler
 .text.DMA1_Stream4_IRQHandler
                0x0000000008003e94        0xc ../../libDaisy//build/libdaisy.a(sai.o)
                0x0000000008003e94                DMA1_Stream4_IRQHandler
 .text.HAL_SAI_RxHalfCpltCallback
                0x0000000008003ea0       0x78 ../../libDaisy//build/libdaisy.a(sai.o)
                0x0000000008003ea0                HAL_SAI_RxHalfCpltCallback
 .text.HAL_SAI_RxCpltCallback
                0x0000000008003f18       0x70 ../../libDaisy//build/libdaisy.a(sai.o)
                0x0000000008003f18                HAL_SAI_RxCpltCallback
 .text._ZN5daisy9SaiHandle4InitERKNS0_6ConfigE
                0x0000000008003f88      0x1f0 ../../libDaisy//build/libdaisy.a(sai.o)
                0x0000000008003f88                daisy::SaiHandle::Init(daisy::SaiHandle::Config const&)
 .text._ZNK5daisy9SaiHandle9GetConfigEv
                0x0000000008004178        0x4 ../../libDaisy//build/libdaisy.a(sai.o)
                0x0000000008004178                daisy::SaiHandle::GetConfig() const
 .text._ZN5daisy9SaiHandle8StartDmaEPlS1_jPFvS1_S1_jE
                0x000000000800417c       0xbc ../../libDaisy//build/libdaisy.a(sai.o)
                0x000000000800417c                daisy::SaiHandle::StartDma(long*, long*, unsigned int, void (*)(long*, long*, unsigned int))
 .text._ZN5daisy9SaiHandle13GetSampleRateEv
                0x0000000008004238       0x24 ../../libDaisy//build/libdaisy.a(sai.o)
                0x0000000008004238                daisy::SaiHandle::GetSampleRate()
 .text._ZNK5daisy9SaiHandle9GetOffsetEv
                0x000000000800425c        0x8 ../../libDaisy//build/libdaisy.a(sai.o)
                0x000000000800425c                daisy::SaiHandle::GetOffset() const
 .text._ZL20UART_CheckRxListenerPN5daisy11UartHandler4ImplE
                0x0000000008004264       0x84 ../../libDaisy//build/libdaisy.a(uart.o)
 .text._ZN5daisy11UartHandler4Impl10StartDmaTxEPhjPFvPvEPFvS3_NS0_6ResultEES3_
                0x00000000080042e8      0x184 ../../libDaisy//build/libdaisy.a(uart.o)
                0x00000000080042e8                daisy::UartHandler::Impl::StartDmaTx(unsigned char*, unsigned int, void (*)(void*), void (*)(void*, daisy::UartHandler::Result), void*)
 .text._ZN5daisy11UartHandler4Impl10StartDmaRxEPhjPFvPvEPFvS3_NS0_6ResultEES3_
                0x000000000800446c      0x184 ../../libDaisy//build/libdaisy.a(uart.o)
                0x000000000800446c                daisy::UartHandler::Impl::StartDmaRx(unsigned char*, unsigned int, void (*)(void*), void (*)(void*, daisy::UartHandler::Result), void*)
 .text._ZN5daisy11UartHandler4Impl19DmaTransferFinishedEP20__UART_HandleTypeDefNS0_6ResultE
                0x00000000080045f0       0xc0 ../../libDaisy//build/libdaisy.a(uart.o)
                0x00000000080045f0                daisy::UartHandler::Impl::DmaTransferFinished(__UART_HandleTypeDef*, daisy::UartHandler::Result)
 .text._ZN5daisy11UartHandler4Impl8InitPinsEv
                0x00000000080046b0      0x154 ../../libDaisy//build/libdaisy.a(uart.o)
                0x00000000080046b0                daisy::UartHandler::Impl::InitPins()
 .text.HAL_UART_MspInit
                0x0000000008004804      0x210 ../../libDaisy//build/libdaisy.a(uart.o)
                0x0000000008004804                HAL_UART_MspInit
 .text.dsy_uart_global_init
                0x0000000008004a14       0xfc ../../libDaisy//build/libdaisy.a(uart.o)
                0x0000000008004a14                dsy_uart_global_init
 .text.USART1_IRQHandler
                0x0000000008004b10       0x2c ../../libDaisy//build/libdaisy.a(uart.o)
                0x0000000008004b10                USART1_IRQHandler
 .text.USART2_IRQHandler
                0x0000000008004b3c       0x34 ../../libDaisy//build/libdaisy.a(uart.o)
                0x0000000008004b3c                USART2_IRQHandler
 .text.USART3_IRQHandler
                0x0000000008004b70       0x34 ../../libDaisy//build/libdaisy.a(uart.o)
                0x0000000008004b70                USART3_IRQHandler
 .text.UART4_IRQHandler
                0x0000000008004ba4       0x34 ../../libDaisy//build/libdaisy.a(uart.o)
                0x0000000008004ba4                UART4_IRQHandler
 .text.UART5_IRQHandler
                0x0000000008004bd8       0x34 ../../libDaisy//build/libdaisy.a(uart.o)
                0x0000000008004bd8                UART5_IRQHandler
 .text.USART6_IRQHandler
                0x0000000008004c0c       0x34 ../../libDaisy//build/libdaisy.a(uart.o)
                0x0000000008004c0c                USART6_IRQHandler
 .text.UART7_IRQHandler
                0x0000000008004c40       0x34 ../../libDaisy//build/libdaisy.a(uart.o)
                0x0000000008004c40                UART7_IRQHandler
 .text.UART8_IRQHandler
                0x0000000008004c74       0x34 ../../libDaisy//build/libdaisy.a(uart.o)
                0x0000000008004c74                UART8_IRQHandler
 .text.LPUART1_IRQHandler
                0x0000000008004ca8       0x34 ../../libDaisy//build/libdaisy.a(uart.o)
                0x0000000008004ca8                LPUART1_IRQHandler
 .text.DMA1_Stream5_IRQHandler
                0x0000000008004cdc       0x34 ../../libDaisy//build/libdaisy.a(uart.o)
                0x0000000008004cdc                DMA1_Stream5_IRQHandler
 .text.DMA2_Stream4_IRQHandler
                0x0000000008004d10       0x38 ../../libDaisy//build/libdaisy.a(uart.o)
                0x0000000008004d10                DMA2_Stream4_IRQHandler
 .text.HAL_UART_TxCpltCallback
                0x0000000008004d48        0x8 ../../libDaisy//build/libdaisy.a(uart.o)
                0x0000000008004d48                HAL_UART_TxCpltCallback
 .text.HAL_UART_RxCpltCallback
                0x0000000008004d50       0x94 ../../libDaisy//build/libdaisy.a(uart.o)
                0x0000000008004d50                HAL_UART_RxCpltCallback
 .text.HAL_UART_RxHalfCpltCallback
                0x0000000008004de4       0x90 ../../libDaisy//build/libdaisy.a(uart.o)
                0x0000000008004de4                HAL_UART_RxHalfCpltCallback
 .text.HAL_UART_ErrorCallback
                0x0000000008004e74        0x8 ../../libDaisy//build/libdaisy.a(uart.o)
                0x0000000008004e74                HAL_UART_ErrorCallback
 .text._ZN5daisy11UartHandler4InitERKNS0_6ConfigE
                0x0000000008004e7c       0xd4 ../../libDaisy//build/libdaisy.a(uart.o)
                0x0000000008004e7c                daisy::UartHandler::Init(daisy::UartHandler::Config const&)
 .text.startup._GLOBAL__sub_I__Z19MapInstanceToHandleP13USART_TypeDef
                0x0000000008004f50      0x194 ../../libDaisy//build/libdaisy.a(uart.o)
 .text.dsy_dma_init
                0x00000000080050e4      0x100 ../../libDaisy//build/libdaisy.a(dma.o)
                0x00000000080050e4                dsy_dma_init
 .text.dsy_dma_invalidate_cache_for_buffer
                0x00000000080051e4       0x2c ../../libDaisy//build/libdaisy.a(dma.o)
                0x00000000080051e4                dsy_dma_invalidate_cache_for_buffer
 .text._ZN5daisy11TimerHandleD2Ev
                0x0000000008005210        0x4 ../../libDaisy//build/libdaisy.a(system.o)
                0x0000000008005210                daisy::TimerHandle::~TimerHandle()
                0x0000000008005210                daisy::TimerHandle::~TimerHandle()
 .text.SysTick_Handler
                0x0000000008005214       0x10 ../../libDaisy//build/libdaisy.a(system.o)
                0x0000000008005214                SysTick_Handler
 .text.OTG_HS_EP1_OUT_IRQHandler
                0x0000000008005224       0x24 ../../libDaisy//build/libdaisy.a(system.o)
                0x0000000008005224                OTG_HS_EP1_OUT_IRQHandler
 .text.OTG_HS_EP1_IN_IRQHandler
                0x0000000008005248       0x24 ../../libDaisy//build/libdaisy.a(system.o)
                0x0000000008005248                OTG_HS_EP1_IN_IRQHandler
 .text.OTG_HS_IRQHandler
                0x000000000800526c       0x24 ../../libDaisy//build/libdaisy.a(system.o)
                0x000000000800526c                OTG_HS_IRQHandler
 .text.HardFault_Handler
                0x0000000008005290       0xe0 ../../libDaisy//build/libdaisy.a(system.o)
                0x0000000008005290                HardFault_Handler
 .text._ZN5daisy6System6GetNowEv
                0x0000000008005370        0x4 ../../libDaisy//build/libdaisy.a(system.o)
                0x0000000008005370                daisy::System::GetNow()
 .text._ZN5daisy6System5DelayEm
                0x0000000008005374        0x4 ../../libDaisy//build/libdaisy.a(system.o)
                0x0000000008005374                daisy::System::Delay(unsigned long)
 .text._ZN5daisy6System20GetBootloaderVersionEv
                0x0000000008005378       0x34 ../../libDaisy//build/libdaisy.a(system.o)
                0x0000000008005378                daisy::System::GetBootloaderVersion()
 .text._ZN5daisy6System15ConfigureClocksEv
                0x00000000080053ac      0x194 ../../libDaisy//build/libdaisy.a(system.o)
                0x00000000080053ac                daisy::System::ConfigureClocks()
 .text._ZN5daisy6System12ConfigureMpuEv
                0x0000000008005540       0x7c ../../libDaisy//build/libdaisy.a(system.o)
                0x0000000008005540                daisy::System::ConfigureMpu()
 .text._ZN5daisy6System4InitERKNS0_6ConfigE
                0x00000000080055bc       0xec ../../libDaisy//build/libdaisy.a(system.o)
                0x00000000080055bc                daisy::System::Init(daisy::System::Config const&)
 .text._ZN5daisy6System12GetPClk1FreqEv
                0x00000000080056a8        0x4 ../../libDaisy//build/libdaisy.a(system.o)
                0x00000000080056a8                daisy::System::GetPClk1Freq()
 .text._ZN5daisy6System22GetProgramMemoryRegionEv
                0x00000000080056ac       0x78 ../../libDaisy//build/libdaisy.a(system.o)
                0x00000000080056ac                daisy::System::GetProgramMemoryRegion()
 .text.startup._GLOBAL__sub_I__ZN5daisy9boot_infoE
                0x0000000008005724       0x1c ../../libDaisy//build/libdaisy.a(system.o)
 .text.SystemInit
                0x0000000008005740       0x9c ../../libDaisy//build/libdaisy.a(system_stm32h7xx.o)
                0x0000000008005740                SystemInit
 .text.dummy_rx_callback
                0x00000000080057dc        0x4 ../../libDaisy//build/libdaisy.a(usbd_cdc_if.o)
                0x00000000080057dc                dummy_rx_callback
 .text.CDC_DeInit_FS
                0x00000000080057e0        0x4 ../../libDaisy//build/libdaisy.a(usbd_cdc_if.o)
 .text.CDC_Receive_FS
                0x00000000080057e4       0x2c ../../libDaisy//build/libdaisy.a(usbd_cdc_if.o)
 .text.CDC_Receive_HS
                0x0000000008005810       0x2c ../../libDaisy//build/libdaisy.a(usbd_cdc_if.o)
 .text.CDC_Init_FS
                0x000000000800583c       0x3c ../../libDaisy//build/libdaisy.a(usbd_cdc_if.o)
 .text.CDC_Init_HS
                0x0000000008005878       0x3c ../../libDaisy//build/libdaisy.a(usbd_cdc_if.o)
 .text.CDC_Control_FS
                0x00000000080058b4       0x34 ../../libDaisy//build/libdaisy.a(usbd_cdc_if.o)
 .text.CDC_Control_HS
                0x00000000080058e8       0x34 ../../libDaisy//build/libdaisy.a(usbd_cdc_if.o)
 .text.CDC_DeInit_HS
                0x000000000800591c        0x4 ../../libDaisy//build/libdaisy.a(usbd_cdc_if.o)
 .text.CDC_Transmit_FS
                0x0000000008005920       0x2c ../../libDaisy//build/libdaisy.a(usbd_cdc_if.o)
                0x0000000008005920                CDC_Transmit_FS
 .text.HAL_PCD_MspInit
                0x000000000800594c      0x144 ../../libDaisy//build/libdaisy.a(usbd_conf.o)
                0x000000000800594c                HAL_PCD_MspInit
 .text.HAL_PCD_SetupStageCallback
                0x0000000008005a90        0xc ../../libDaisy//build/libdaisy.a(usbd_conf.o)
                0x0000000008005a90                HAL_PCD_SetupStageCallback
 .text.HAL_PCD_DataOutStageCallback
                0x0000000008005a9c       0x14 ../../libDaisy//build/libdaisy.a(usbd_conf.o)
                0x0000000008005a9c                HAL_PCD_DataOutStageCallback
 .text.HAL_PCD_DataInStageCallback
                0x0000000008005ab0       0x14 ../../libDaisy//build/libdaisy.a(usbd_conf.o)
                0x0000000008005ab0                HAL_PCD_DataInStageCallback
 .text.HAL_PCD_SOFCallback
                0x0000000008005ac4        0x8 ../../libDaisy//build/libdaisy.a(usbd_conf.o)
                0x0000000008005ac4                HAL_PCD_SOFCallback
 .text.HAL_PCD_ResetCallback
                0x0000000008005acc       0x24 ../../libDaisy//build/libdaisy.a(usbd_conf.o)
                0x0000000008005acc                HAL_PCD_ResetCallback
 .text.HAL_PCD_SuspendCallback
                0x0000000008005af0       0x30 ../../libDaisy//build/libdaisy.a(usbd_conf.o)
                0x0000000008005af0                HAL_PCD_SuspendCallback
 .text.HAL_PCD_ResumeCallback
                0x0000000008005b20        0x8 ../../libDaisy//build/libdaisy.a(usbd_conf.o)
                0x0000000008005b20                HAL_PCD_ResumeCallback
 .text.HAL_PCD_ISOOUTIncompleteCallback
                0x0000000008005b28        0x8 ../../libDaisy//build/libdaisy.a(usbd_conf.o)
                0x0000000008005b28                HAL_PCD_ISOOUTIncompleteCallback
 .text.HAL_PCD_ISOINIncompleteCallback
                0x0000000008005b30        0x8 ../../libDaisy//build/libdaisy.a(usbd_conf.o)
                0x0000000008005b30                HAL_PCD_ISOINIncompleteCallback
 .text.HAL_PCD_ConnectCallback
                0x0000000008005b38        0x8 ../../libDaisy//build/libdaisy.a(usbd_conf.o)
                0x0000000008005b38                HAL_PCD_ConnectCallback
 .text.HAL_PCD_DisconnectCallback
                0x0000000008005b40        0x8 ../../libDaisy//build/libdaisy.a(usbd_conf.o)
                0x0000000008005b40                HAL_PCD_DisconnectCallback
 .text.USBD_LL_Init
                0x0000000008005b48       0xe4 ../../libDaisy//build/libdaisy.a(usbd_conf.o)
                0x0000000008005b48                USBD_LL_Init
 .text.USBD_LL_Start
                0x0000000008005c2c       0x1c ../../libDaisy//build/libdaisy.a(usbd_conf.o)
                0x0000000008005c2c                USBD_LL_Start
 .text.USBD_LL_OpenEP
                0x0000000008005c48       0x24 ../../libDaisy//build/libdaisy.a(usbd_conf.o)
                0x0000000008005c48                USBD_LL_OpenEP
 .text.USBD_LL_CloseEP
                0x0000000008005c6c       0x1c ../../libDaisy//build/libdaisy.a(usbd_conf.o)
                0x0000000008005c6c                USBD_LL_CloseEP
 .text.USBD_LL_StallEP
                0x0000000008005c88       0x1c ../../libDaisy//build/libdaisy.a(usbd_conf.o)
                0x0000000008005c88                USBD_LL_StallEP
 .text.USBD_LL_ClearStallEP
                0x0000000008005ca4       0x1c ../../libDaisy//build/libdaisy.a(usbd_conf.o)
                0x0000000008005ca4                USBD_LL_ClearStallEP
 .text.USBD_LL_IsStallEP
                0x0000000008005cc0       0x28 ../../libDaisy//build/libdaisy.a(usbd_conf.o)
                0x0000000008005cc0                USBD_LL_IsStallEP
 .text.USBD_LL_SetUSBAddress
                0x0000000008005ce8       0x1c ../../libDaisy//build/libdaisy.a(usbd_conf.o)
                0x0000000008005ce8                USBD_LL_SetUSBAddress
 .text.USBD_LL_Transmit
                0x0000000008005d04       0x1c ../../libDaisy//build/libdaisy.a(usbd_conf.o)
                0x0000000008005d04                USBD_LL_Transmit
 .text.USBD_LL_PrepareReceive
                0x0000000008005d20       0x1c ../../libDaisy//build/libdaisy.a(usbd_conf.o)
                0x0000000008005d20                USBD_LL_PrepareReceive
 .text.USBD_LL_GetRxDataSize
                0x0000000008005d3c        0x8 ../../libDaisy//build/libdaisy.a(usbd_conf.o)
                0x0000000008005d3c                USBD_LL_GetRxDataSize
 .text.USBD_HS_DeviceDescriptor
                0x0000000008005d44        0xc ../../libDaisy//build/libdaisy.a(usbd_desc.o)
                0x0000000008005d44                USBD_HS_DeviceDescriptor
 .text.USBD_FS_DeviceDescriptor
                0x0000000008005d50        0xc ../../libDaisy//build/libdaisy.a(usbd_desc.o)
                0x0000000008005d50                USBD_FS_DeviceDescriptor
 .text.USBD_FS_LangIDStrDescriptor
                0x0000000008005d5c        0xc ../../libDaisy//build/libdaisy.a(usbd_desc.o)
                0x0000000008005d5c                USBD_FS_LangIDStrDescriptor
 .text.USBD_FS_ManufacturerStrDescriptor
                0x0000000008005d68       0x1c ../../libDaisy//build/libdaisy.a(usbd_desc.o)
                0x0000000008005d68                USBD_FS_ManufacturerStrDescriptor
 .text.USBD_HS_ProductStrDescriptor
                0x0000000008005d84       0x1c ../../libDaisy//build/libdaisy.a(usbd_desc.o)
                0x0000000008005d84                USBD_HS_ProductStrDescriptor
 .text.USBD_FS_ConfigStrDescriptor
                0x0000000008005da0       0x1c ../../libDaisy//build/libdaisy.a(usbd_desc.o)
                0x0000000008005da0                USBD_FS_ConfigStrDescriptor
 .text.USBD_FS_InterfaceStrDescriptor
                0x0000000008005dbc       0x1c ../../libDaisy//build/libdaisy.a(usbd_desc.o)
                0x0000000008005dbc                USBD_FS_InterfaceStrDescriptor
 .text.USBD_FS_ProductStrDescriptor
                0x0000000008005dd8       0x1c ../../libDaisy//build/libdaisy.a(usbd_desc.o)
                0x0000000008005dd8                USBD_FS_ProductStrDescriptor
 .text.USBD_HS_LangIDStrDescriptor
                0x0000000008005df4        0xc ../../libDaisy//build/libdaisy.a(usbd_desc.o)
                0x0000000008005df4                USBD_HS_LangIDStrDescriptor
 .text.USBD_HS_ManufacturerStrDescriptor
                0x0000000008005e00       0x1c ../../libDaisy//build/libdaisy.a(usbd_desc.o)
                0x0000000008005e00                USBD_HS_ManufacturerStrDescriptor
 .text.USBD_FS_SerialStrDescriptor
                0x0000000008005e1c      0x124 ../../libDaisy//build/libdaisy.a(usbd_desc.o)
                0x0000000008005e1c                USBD_FS_SerialStrDescriptor
 .text.USBD_HS_SerialStrDescriptor
                0x0000000008005f40      0x124 ../../libDaisy//build/libdaisy.a(usbd_desc.o)
                0x0000000008005f40                USBD_HS_SerialStrDescriptor
 .text.USBD_HS_InterfaceStrDescriptor
                0x0000000008006064       0x1c ../../libDaisy//build/libdaisy.a(usbd_desc.o)
                0x0000000008006064                USBD_HS_InterfaceStrDescriptor
 .text.USBD_HS_ConfigStrDescriptor
                0x0000000008006080       0x1c ../../libDaisy//build/libdaisy.a(usbd_desc.o)
                0x0000000008006080                USBD_HS_ConfigStrDescriptor
 .text.HAL_HCD_SOF_Callback
                0x000000000800609c        0x8 ../../libDaisy//build/libdaisy.a(usbh_conf.o)
                0x000000000800609c                HAL_HCD_SOF_Callback
 .text.HAL_HCD_Connect_Callback
                0x00000000080060a4        0x8 ../../libDaisy//build/libdaisy.a(usbh_conf.o)
                0x00000000080060a4                HAL_HCD_Connect_Callback
 .text.HAL_HCD_Disconnect_Callback
                0x00000000080060ac        0x8 ../../libDaisy//build/libdaisy.a(usbh_conf.o)
                0x00000000080060ac                HAL_HCD_Disconnect_Callback
 .text.HAL_HCD_HC_NotifyURBChange_Callback
                0x00000000080060b4        0x4 ../../libDaisy//build/libdaisy.a(usbh_conf.o)
                0x00000000080060b4                HAL_HCD_HC_NotifyURBChange_Callback
 .text.HAL_HCD_PortEnabled_Callback
                0x00000000080060b8        0x8 ../../libDaisy//build/libdaisy.a(usbh_conf.o)
                0x00000000080060b8                HAL_HCD_PortEnabled_Callback
 .text.HAL_HCD_PortDisabled_Callback
                0x00000000080060c0        0x8 ../../libDaisy//build/libdaisy.a(usbh_conf.o)
                0x00000000080060c0                HAL_HCD_PortDisabled_Callback
 .text.USBH_LL_Stop
                0x00000000080060c8       0x1c ../../libDaisy//build/libdaisy.a(usbh_conf.o)
                0x00000000080060c8                USBH_LL_Stop
 .text._ZN5daisy5Color4InitENS0_11PresetColorE
                0x00000000080060e4       0x20 ../../libDaisy//build/libdaisy.a(color.o)
                0x00000000080060e4                daisy::Color::Init(daisy::Color::PresetColor)
 .text.dsy_hal_map_get_port
                0x0000000008006104       0x10 ../../libDaisy//build/libdaisy.a(hal_map.o)
                0x0000000008006104                dsy_hal_map_get_port
 .text.dsy_hal_map_get_pin
                0x0000000008006114       0x10 ../../libDaisy//build/libdaisy.a(hal_map.o)
                0x0000000008006114                dsy_hal_map_get_pin
 .text.dsy_hal_map_gpio_clk_enable
                0x0000000008006124      0x150 ../../libDaisy//build/libdaisy.a(hal_map.o)
                0x0000000008006124                dsy_hal_map_gpio_clk_enable
 .text.HAL_MspInit
                0x0000000008006274        0x4 ../../libDaisy//build/libdaisy.a(stm32h7xx_hal.o)
                0x0000000008006274                HAL_MspInit
 .text.HAL_InitTick
                0x0000000008006278       0x4c ../../libDaisy//build/libdaisy.a(stm32h7xx_hal.o)
                0x0000000008006278                HAL_InitTick
 .text.HAL_Init
                0x00000000080062c4       0x60 ../../libDaisy//build/libdaisy.a(stm32h7xx_hal.o)
                0x00000000080062c4                HAL_Init
 .text.HAL_IncTick
                0x0000000008006324       0x18 ../../libDaisy//build/libdaisy.a(stm32h7xx_hal.o)
                0x0000000008006324                HAL_IncTick
 .text.HAL_GetTick
                0x000000000800633c        0xc ../../libDaisy//build/libdaisy.a(stm32h7xx_hal.o)
                0x000000000800633c                HAL_GetTick
 .text.HAL_Delay
                0x0000000008006348       0x24 ../../libDaisy//build/libdaisy.a(stm32h7xx_hal.o)
                0x0000000008006348                HAL_Delay
 .text.HAL_GetREVID
                0x000000000800636c        0xc ../../libDaisy//build/libdaisy.a(stm32h7xx_hal.o)
                0x000000000800636c                HAL_GetREVID
 .text.HAL_ADC_ConvHalfCpltCallback
                0x0000000008006378        0x4 ../../libDaisy//build/libdaisy.a(stm32h7xx_hal_adc.o)
                0x0000000008006378                HAL_ADC_ConvHalfCpltCallback
 .text.ADC_DMAHalfConvCplt
                0x000000000800637c        0xc ../../libDaisy//build/libdaisy.a(stm32h7xx_hal_adc.o)
                0x000000000800637c                ADC_DMAHalfConvCplt
 .text.ADC_DMAConvCplt
                0x0000000008006388       0x6c ../../libDaisy//build/libdaisy.a(stm32h7xx_hal_adc.o)
                0x0000000008006388                ADC_DMAConvCplt
 .text.ADC_DMAError
                0x00000000080063f4       0x1c ../../libDaisy//build/libdaisy.a(stm32h7xx_hal_adc.o)
                0x00000000080063f4                ADC_DMAError
 .text.HAL_ADC_ConfigChannel
                0x0000000008006410      0x3fc ../../libDaisy//build/libdaisy.a(stm32h7xx_hal_adc.o)
                0x0000000008006410                HAL_ADC_ConfigChannel
 .text.ADC_Enable
                0x000000000800680c       0xac ../../libDaisy//build/libdaisy.a(stm32h7xx_hal_adc.o)
                0x000000000800680c                ADC_Enable
 .text.HAL_ADC_Start_DMA
                0x00000000080068b8      0x114 ../../libDaisy//build/libdaisy.a(stm32h7xx_hal_adc.o)
                0x00000000080068b8                HAL_ADC_Start_DMA
 .text.ADC_Disable
                0x00000000080069cc       0x68 ../../libDaisy//build/libdaisy.a(stm32h7xx_hal_adc.o)
                0x00000000080069cc                ADC_Disable
 .text.ADC_ConfigureBoostMode
                0x0000000008006a34      0x184 ../../libDaisy//build/libdaisy.a(stm32h7xx_hal_adc.o)
                0x0000000008006a34                ADC_ConfigureBoostMode
 .text.HAL_ADC_Init
                0x0000000008006bb8      0x218 ../../libDaisy//build/libdaisy.a(stm32h7xx_hal_adc.o)
                0x0000000008006bb8                HAL_ADC_Init
 .text.HAL_ADCEx_Calibration_Start
                0x0000000008006dd0       0xa4 ../../libDaisy//build/libdaisy.a(stm32h7xx_hal_adc_ex.o)
                0x0000000008006dd0                HAL_ADCEx_Calibration_Start
 .text.HAL_ADCEx_MultiModeConfigChannel
                0x0000000008006e74       0xc4 ../../libDaisy//build/libdaisy.a(stm32h7xx_hal_adc_ex.o)
                0x0000000008006e74                HAL_ADCEx_MultiModeConfigChannel
 .text.HAL_NVIC_SetPriorityGrouping
                0x0000000008006f38       0x24 ../../libDaisy//build/libdaisy.a(stm32h7xx_hal_cortex.o)
                0x0000000008006f38                HAL_NVIC_SetPriorityGrouping
 .text.HAL_NVIC_SetPriority
                0x0000000008006f5c       0x7c ../../libDaisy//build/libdaisy.a(stm32h7xx_hal_cortex.o)
                0x0000000008006f5c                HAL_NVIC_SetPriority
 .text.HAL_NVIC_EnableIRQ
                0x0000000008006fd8       0x1c ../../libDaisy//build/libdaisy.a(stm32h7xx_hal_cortex.o)
                0x0000000008006fd8                HAL_NVIC_EnableIRQ
 .text.HAL_NVIC_DisableIRQ
                0x0000000008006ff4       0x28 ../../libDaisy//build/libdaisy.a(stm32h7xx_hal_cortex.o)
                0x0000000008006ff4                HAL_NVIC_DisableIRQ
 .text.HAL_SYSTICK_Config
                0x000000000800701c       0x2c ../../libDaisy//build/libdaisy.a(stm32h7xx_hal_cortex.o)
                0x000000000800701c                HAL_SYSTICK_Config
 .text.HAL_MPU_Disable
                0x0000000008007048       0x1c ../../libDaisy//build/libdaisy.a(stm32h7xx_hal_cortex.o)
                0x0000000008007048                HAL_MPU_Disable
 .text.HAL_MPU_Enable
                0x0000000008007064       0x20 ../../libDaisy//build/libdaisy.a(stm32h7xx_hal_cortex.o)
                0x0000000008007064                HAL_MPU_Enable
 .text.HAL_MPU_ConfigRegion
                0x0000000008007084       0x64 ../../libDaisy//build/libdaisy.a(stm32h7xx_hal_cortex.o)
                0x0000000008007084                HAL_MPU_ConfigRegion
 .text.HAL_SYSTICK_Callback
                0x00000000080070e8        0x4 ../../libDaisy//build/libdaisy.a(stm32h7xx_hal_cortex.o)
                0x00000000080070e8                HAL_SYSTICK_Callback
 .text.HAL_SYSTICK_IRQHandler
                0x00000000080070ec        0x8 ../../libDaisy//build/libdaisy.a(stm32h7xx_hal_cortex.o)
                0x00000000080070ec                HAL_SYSTICK_IRQHandler
 .text.DMA_CalcBaseAndBitshift
                0x00000000080070f4       0xf4 ../../libDaisy//build/libdaisy.a(stm32h7xx_hal_dma.o)
 .text.DMA_CalcDMAMUXChannelBaseAndMask
                0x00000000080071e8       0xd8 ../../libDaisy//build/libdaisy.a(stm32h7xx_hal_dma.o)
 .text.HAL_DMA_Init
                0x00000000080072c0      0x37c ../../libDaisy//build/libdaisy.a(stm32h7xx_hal_dma.o)
                0x00000000080072c0                HAL_DMA_Init
 .text.HAL_DMA_Start_IT
                0x000000000800763c      0x240 ../../libDaisy//build/libdaisy.a(stm32h7xx_hal_dma.o)
                0x000000000800763c                HAL_DMA_Start_IT
 .text.HAL_DMA_Abort_IT
                0x000000000800787c      0x134 ../../libDaisy//build/libdaisy.a(stm32h7xx_hal_dma.o)
                0x000000000800787c                HAL_DMA_Abort_IT
 .text.HAL_DMA_IRQHandler
                0x00000000080079b0      0x6a0 ../../libDaisy//build/libdaisy.a(stm32h7xx_hal_dma.o)
                0x00000000080079b0                HAL_DMA_IRQHandler
 .text.HAL_DMA_GetError
                0x0000000008008050        0x4 ../../libDaisy//build/libdaisy.a(stm32h7xx_hal_dma.o)
                0x0000000008008050                HAL_DMA_GetError
 .text.HAL_GPIO_Init
                0x0000000008008054      0x280 ../../libDaisy//build/libdaisy.a(stm32h7xx_hal_gpio.o)
                0x0000000008008054                HAL_GPIO_Init
 .text.HAL_GPIO_DeInit
                0x00000000080082d4      0x190 ../../libDaisy//build/libdaisy.a(stm32h7xx_hal_gpio.o)
                0x00000000080082d4                HAL_GPIO_DeInit
 .text.HAL_GPIO_ReadPin
                0x0000000008008464        0xc ../../libDaisy//build/libdaisy.a(stm32h7xx_hal_gpio.o)
                0x0000000008008464                HAL_GPIO_ReadPin
 .text.HAL_GPIO_WritePin
                0x0000000008008470        0x8 ../../libDaisy//build/libdaisy.a(stm32h7xx_hal_gpio.o)
                0x0000000008008470                HAL_GPIO_WritePin
 .text.HAL_HCD_IRQHandler
                0x0000000008008478      0x780 ../../libDaisy//build/libdaisy.a(stm32h7xx_hal_hcd.o)
                0x0000000008008478                HAL_HCD_IRQHandler
 .text.HAL_HCD_Stop
                0x0000000008008bf8       0x28 ../../libDaisy//build/libdaisy.a(stm32h7xx_hal_hcd.o)
                0x0000000008008bf8                HAL_HCD_Stop
 .text.I2C_WaitOnTXISFlagUntilTimeout
                0x0000000008008c20       0xb8 ../../libDaisy//build/libdaisy.a(stm32h7xx_hal_i2c.o)
 .text.I2C_WaitOnSTOPFlagUntilTimeout
                0x0000000008008cd8       0xac ../../libDaisy//build/libdaisy.a(stm32h7xx_hal_i2c.o)
 .text.HAL_I2C_Init
                0x0000000008008d84       0xac ../../libDaisy//build/libdaisy.a(stm32h7xx_hal_i2c.o)
                0x0000000008008d84                HAL_I2C_Init
 .text.HAL_I2C_Master_Transmit
                0x0000000008008e30      0x1a8 ../../libDaisy//build/libdaisy.a(stm32h7xx_hal_i2c.o)
                0x0000000008008e30                HAL_I2C_Master_Transmit
 .text.HAL_I2C_Slave_Transmit
                0x0000000008008fd8      0x1c8 ../../libDaisy//build/libdaisy.a(stm32h7xx_hal_i2c.o)
                0x0000000008008fd8                HAL_I2C_Slave_Transmit
 .text.HAL_I2C_EV_IRQHandler
                0x00000000080091a0       0x10 ../../libDaisy//build/libdaisy.a(stm32h7xx_hal_i2c.o)
                0x00000000080091a0                HAL_I2C_EV_IRQHandler
 .text.HAL_I2C_GetState
                0x00000000080091b0        0x8 ../../libDaisy//build/libdaisy.a(stm32h7xx_hal_i2c.o)
                0x00000000080091b0                HAL_I2C_GetState
 .text.HAL_I2CEx_ConfigAnalogFilter
                0x00000000080091b8       0x54 ../../libDaisy//build/libdaisy.a(stm32h7xx_hal_i2c_ex.o)
                0x00000000080091b8                HAL_I2CEx_ConfigAnalogFilter
 .text.HAL_I2CEx_ConfigDigitalFilter
                0x000000000800920c       0x58 ../../libDaisy//build/libdaisy.a(stm32h7xx_hal_i2c_ex.o)
                0x000000000800920c                HAL_I2CEx_ConfigDigitalFilter
 .text.HAL_PCD_Init
                0x0000000008009264      0x12c ../../libDaisy//build/libdaisy.a(stm32h7xx_hal_pcd.o)
                0x0000000008009264                HAL_PCD_Init
 .text.HAL_PCD_Start
                0x0000000008009390       0x44 ../../libDaisy//build/libdaisy.a(stm32h7xx_hal_pcd.o)
                0x0000000008009390                HAL_PCD_Start
 .text.HAL_PCD_IRQHandler
                0x00000000080093d4      0x69c ../../libDaisy//build/libdaisy.a(stm32h7xx_hal_pcd.o)
                0x00000000080093d4                HAL_PCD_IRQHandler
 .text.HAL_PCD_SetAddress
                0x0000000008009a70       0x2c ../../libDaisy//build/libdaisy.a(stm32h7xx_hal_pcd.o)
                0x0000000008009a70                HAL_PCD_SetAddress
 .text.HAL_PCD_EP_Open
                0x0000000008009a9c       0x7c ../../libDaisy//build/libdaisy.a(stm32h7xx_hal_pcd.o)
                0x0000000008009a9c                HAL_PCD_EP_Open
 .text.HAL_PCD_EP_Close
                0x0000000008009b18       0x6c ../../libDaisy//build/libdaisy.a(stm32h7xx_hal_pcd.o)
                0x0000000008009b18                HAL_PCD_EP_Close
 .text.HAL_PCD_EP_Receive
                0x0000000008009b84       0x50 ../../libDaisy//build/libdaisy.a(stm32h7xx_hal_pcd.o)
                0x0000000008009b84                HAL_PCD_EP_Receive
 .text.HAL_PCD_EP_GetRxCount
                0x0000000008009bd4       0x14 ../../libDaisy//build/libdaisy.a(stm32h7xx_hal_pcd.o)
                0x0000000008009bd4                HAL_PCD_EP_GetRxCount
 .text.HAL_PCD_EP_Transmit
                0x0000000008009be8       0x50 ../../libDaisy//build/libdaisy.a(stm32h7xx_hal_pcd.o)
                0x0000000008009be8                HAL_PCD_EP_Transmit
 .text.HAL_PCD_EP_SetStall
                0x0000000008009c38       0x88 ../../libDaisy//build/libdaisy.a(stm32h7xx_hal_pcd.o)
                0x0000000008009c38                HAL_PCD_EP_SetStall
 .text.HAL_PCD_EP_ClrStall
                0x0000000008009cc0       0x78 ../../libDaisy//build/libdaisy.a(stm32h7xx_hal_pcd.o)
                0x0000000008009cc0                HAL_PCD_EP_ClrStall
 .text.HAL_PCDEx_SetTxFiFo
                0x0000000008009d38       0x54 ../../libDaisy//build/libdaisy.a(stm32h7xx_hal_pcd_ex.o)
                0x0000000008009d38                HAL_PCDEx_SetTxFiFo
 .text.HAL_PCDEx_SetRxFiFo
                0x0000000008009d8c        0xc ../../libDaisy//build/libdaisy.a(stm32h7xx_hal_pcd_ex.o)
                0x0000000008009d8c                HAL_PCDEx_SetRxFiFo
 .text.HAL_PCDEx_ActivateLPM
                0x0000000008009d98       0x30 ../../libDaisy//build/libdaisy.a(stm32h7xx_hal_pcd_ex.o)
                0x0000000008009d98                HAL_PCDEx_ActivateLPM
 .text.HAL_PCDEx_LPM_Callback
                0x0000000008009dc8        0x4 ../../libDaisy//build/libdaisy.a(stm32h7xx_hal_pcd_ex.o)
                0x0000000008009dc8                HAL_PCDEx_LPM_Callback
 .text.HAL_PWREx_ConfigSupply
                0x0000000008009dcc       0x4c ../../libDaisy//build/libdaisy.a(stm32h7xx_hal_pwr_ex.o)
                0x0000000008009dcc                HAL_PWREx_ConfigSupply
 .text.HAL_PWREx_EnableUSBVoltageDetector
                0x0000000008009e18       0x10 ../../libDaisy//build/libdaisy.a(stm32h7xx_hal_pwr_ex.o)
                0x0000000008009e18                HAL_PWREx_EnableUSBVoltageDetector
 .text.QSPI_Config
                0x0000000008009e28      0x174 ../../libDaisy//build/libdaisy.a(stm32h7xx_hal_qspi.o)
 .text.HAL_QSPI_Init
                0x0000000008009f9c       0xd8 ../../libDaisy//build/libdaisy.a(stm32h7xx_hal_qspi.o)
                0x0000000008009f9c                HAL_QSPI_Init
 .text.HAL_QSPI_DeInit
                0x000000000800a074       0x3c ../../libDaisy//build/libdaisy.a(stm32h7xx_hal_qspi.o)
                0x000000000800a074                HAL_QSPI_DeInit
 .text.HAL_QSPI_Command
                0x000000000800a0b0       0xd4 ../../libDaisy//build/libdaisy.a(stm32h7xx_hal_qspi.o)
                0x000000000800a0b0                HAL_QSPI_Command
 .text.HAL_QSPI_Transmit
                0x000000000800a184       0xfc ../../libDaisy//build/libdaisy.a(stm32h7xx_hal_qspi.o)
                0x000000000800a184                HAL_QSPI_Transmit
 .text.HAL_QSPI_Receive
                0x000000000800a280      0x108 ../../libDaisy//build/libdaisy.a(stm32h7xx_hal_qspi.o)
                0x000000000800a280                HAL_QSPI_Receive
 .text.HAL_QSPI_AutoPolling
                0x000000000800a388       0xf0 ../../libDaisy//build/libdaisy.a(stm32h7xx_hal_qspi.o)
                0x000000000800a388                HAL_QSPI_AutoPolling
 .text.HAL_QSPI_MemoryMapped
                0x000000000800a478       0xc0 ../../libDaisy//build/libdaisy.a(stm32h7xx_hal_qspi.o)
                0x000000000800a478                HAL_QSPI_MemoryMapped
 .text.HAL_QSPI_ErrorCallback
                0x000000000800a538        0x4 ../../libDaisy//build/libdaisy.a(stm32h7xx_hal_qspi.o)
                0x000000000800a538                HAL_QSPI_ErrorCallback
 .text.QSPI_DMAAbortCplt
                0x000000000800a53c       0x38 ../../libDaisy//build/libdaisy.a(stm32h7xx_hal_qspi.o)
 .text.HAL_QSPI_AbortCpltCallback
                0x000000000800a574        0x4 ../../libDaisy//build/libdaisy.a(stm32h7xx_hal_qspi.o)
                0x000000000800a574                HAL_QSPI_AbortCpltCallback
 .text.HAL_QSPI_CmdCpltCallback
                0x000000000800a578        0x4 ../../libDaisy//build/libdaisy.a(stm32h7xx_hal_qspi.o)
                0x000000000800a578                HAL_QSPI_CmdCpltCallback
 .text.HAL_QSPI_RxCpltCallback
                0x000000000800a57c        0x4 ../../libDaisy//build/libdaisy.a(stm32h7xx_hal_qspi.o)
                0x000000000800a57c                HAL_QSPI_RxCpltCallback
 .text.HAL_QSPI_TxCpltCallback
                0x000000000800a580        0x4 ../../libDaisy//build/libdaisy.a(stm32h7xx_hal_qspi.o)
                0x000000000800a580                HAL_QSPI_TxCpltCallback
 .text.HAL_QSPI_FifoThresholdCallback
                0x000000000800a584        0x4 ../../libDaisy//build/libdaisy.a(stm32h7xx_hal_qspi.o)
                0x000000000800a584                HAL_QSPI_FifoThresholdCallback
 .text.HAL_QSPI_StatusMatchCallback
                0x000000000800a588        0x4 ../../libDaisy//build/libdaisy.a(stm32h7xx_hal_qspi.o)
                0x000000000800a588                HAL_QSPI_StatusMatchCallback
 .text.HAL_QSPI_TimeOutCallback
                0x000000000800a58c        0x4 ../../libDaisy//build/libdaisy.a(stm32h7xx_hal_qspi.o)
                0x000000000800a58c                HAL_QSPI_TimeOutCallback
 .text.HAL_QSPI_IRQHandler
                0x000000000800a590      0x210 ../../libDaisy//build/libdaisy.a(stm32h7xx_hal_qspi.o)
                0x000000000800a590                HAL_QSPI_IRQHandler
 .text.HAL_RCC_OscConfig
                0x000000000800a7a0      0x51c ../../libDaisy//build/libdaisy.a(stm32h7xx_hal_rcc.o)
                0x000000000800a7a0                HAL_RCC_OscConfig
 .text.HAL_RCC_GetSysClockFreq
                0x000000000800acbc      0x140 ../../libDaisy//build/libdaisy.a(stm32h7xx_hal_rcc.o)
                0x000000000800acbc                HAL_RCC_GetSysClockFreq
 .text.HAL_RCC_ClockConfig
                0x000000000800adfc      0x234 ../../libDaisy//build/libdaisy.a(stm32h7xx_hal_rcc.o)
                0x000000000800adfc                HAL_RCC_ClockConfig
 .text.HAL_RCC_GetHCLKFreq
                0x000000000800b030       0x2c ../../libDaisy//build/libdaisy.a(stm32h7xx_hal_rcc.o)
                0x000000000800b030                HAL_RCC_GetHCLKFreq
 .text.HAL_RCC_GetPCLK1Freq
                0x000000000800b05c       0x38 ../../libDaisy//build/libdaisy.a(stm32h7xx_hal_rcc.o)
                0x000000000800b05c                HAL_RCC_GetPCLK1Freq
 .text.HAL_RCC_GetPCLK2Freq
                0x000000000800b094       0x38 ../../libDaisy//build/libdaisy.a(stm32h7xx_hal_rcc.o)
                0x000000000800b094                HAL_RCC_GetPCLK2Freq
 .text.RCCEx_PLL2_Config
                0x000000000800b0cc       0xf4 ../../libDaisy//build/libdaisy.a(stm32h7xx_hal_rcc_ex.o)
 .text.RCCEx_PLL3_Config
                0x000000000800b1c0       0xf4 ../../libDaisy//build/libdaisy.a(stm32h7xx_hal_rcc_ex.o)
 .text.HAL_RCCEx_PeriphCLKConfig
                0x000000000800b2b4      0xa7c ../../libDaisy//build/libdaisy.a(stm32h7xx_hal_rcc_ex.o)
                0x000000000800b2b4                HAL_RCCEx_PeriphCLKConfig
 .text.HAL_RCCEx_GetD3PCLK1Freq
                0x000000000800bd30       0x24 ../../libDaisy//build/libdaisy.a(stm32h7xx_hal_rcc_ex.o)
                0x000000000800bd30                HAL_RCCEx_GetD3PCLK1Freq
 .text.HAL_RCCEx_GetPLL2ClockFreq
                0x000000000800bd54      0x17c ../../libDaisy//build/libdaisy.a(stm32h7xx_hal_rcc_ex.o)
                0x000000000800bd54                HAL_RCCEx_GetPLL2ClockFreq
 .text.HAL_RCCEx_GetPLL3ClockFreq
                0x000000000800bed0      0x17c ../../libDaisy//build/libdaisy.a(stm32h7xx_hal_rcc_ex.o)
                0x000000000800bed0                HAL_RCCEx_GetPLL3ClockFreq
 .text.HAL_RCCEx_GetPLL1ClockFreq
                0x000000000800c04c      0x17c ../../libDaisy//build/libdaisy.a(stm32h7xx_hal_rcc_ex.o)
                0x000000000800c04c                HAL_RCCEx_GetPLL1ClockFreq
 .text.HAL_RCCEx_GetPeriphCLKFreq
                0x000000000800c1c8      0x198 ../../libDaisy//build/libdaisy.a(stm32h7xx_hal_rcc_ex.o)
                0x000000000800c1c8                HAL_RCCEx_GetPeriphCLKFreq
 .text.HAL_RCCEx_GetD1SysClockFreq
                0x000000000800c360       0x2c ../../libDaisy//build/libdaisy.a(stm32h7xx_hal_rcc_ex.o)
                0x000000000800c360                HAL_RCCEx_GetD1SysClockFreq
 .text.HAL_SAI_Init.part.0
                0x000000000800c38c      0x348 ../../libDaisy//build/libdaisy.a(stm32h7xx_hal_sai.o)
 .text.HAL_SAI_InitProtocol
                0x000000000800c6d4      0x178 ../../libDaisy//build/libdaisy.a(stm32h7xx_hal_sai.o)
                0x000000000800c6d4                HAL_SAI_InitProtocol
 .text.HAL_SAI_Transmit_DMA
                0x000000000800c84c      0x124 ../../libDaisy//build/libdaisy.a(stm32h7xx_hal_sai.o)
                0x000000000800c84c                HAL_SAI_Transmit_DMA
 .text.HAL_SAI_Receive_DMA
                0x000000000800c970       0xd0 ../../libDaisy//build/libdaisy.a(stm32h7xx_hal_sai.o)
                0x000000000800c970                HAL_SAI_Receive_DMA
 .text.HAL_SAI_TxCpltCallback
                0x000000000800ca40        0x4 ../../libDaisy//build/libdaisy.a(stm32h7xx_hal_sai.o)
                0x000000000800ca40                HAL_SAI_TxCpltCallback
 .text.SAI_DMATxCplt
                0x000000000800ca44       0x64 ../../libDaisy//build/libdaisy.a(stm32h7xx_hal_sai.o)
 .text.HAL_SAI_TxHalfCpltCallback
                0x000000000800caa8        0x4 ../../libDaisy//build/libdaisy.a(stm32h7xx_hal_sai.o)
                0x000000000800caa8                HAL_SAI_TxHalfCpltCallback
 .text.SAI_DMATxHalfCplt
                0x000000000800caac        0xc ../../libDaisy//build/libdaisy.a(stm32h7xx_hal_sai.o)
 .text.SAI_DMARxCplt
                0x000000000800cab8       0x64 ../../libDaisy//build/libdaisy.a(stm32h7xx_hal_sai.o)
 .text.SAI_DMARxHalfCplt
                0x000000000800cb1c        0xc ../../libDaisy//build/libdaisy.a(stm32h7xx_hal_sai.o)
 .text.HAL_SAI_ErrorCallback
                0x000000000800cb28        0x4 ../../libDaisy//build/libdaisy.a(stm32h7xx_hal_sai.o)
                0x000000000800cb28                HAL_SAI_ErrorCallback
 .text.SAI_DMAError
                0x000000000800cb2c       0x6c ../../libDaisy//build/libdaisy.a(stm32h7xx_hal_sai.o)
 .text.HAL_SDRAM_Init
                0x000000000800cb98       0x54 ../../libDaisy//build/libdaisy.a(stm32h7xx_hal_sdram.o)
                0x000000000800cb98                HAL_SDRAM_Init
 .text.HAL_SDRAM_SendCommand
                0x000000000800cbec       0x40 ../../libDaisy//build/libdaisy.a(stm32h7xx_hal_sdram.o)
                0x000000000800cbec                HAL_SDRAM_SendCommand
 .text.HAL_SDRAM_ProgramRefreshRate
                0x000000000800cc2c       0x30 ../../libDaisy//build/libdaisy.a(stm32h7xx_hal_sdram.o)
                0x000000000800cc2c                HAL_SDRAM_ProgramRefreshRate
 .text.HAL_UART_Transmit_DMA
                0x000000000800cc5c       0xa4 ../../libDaisy//build/libdaisy.a(stm32h7xx_hal_uart.o)
                0x000000000800cc5c                HAL_UART_Transmit_DMA
 .text.HAL_UART_Receive_DMA
                0x000000000800cd00       0xac ../../libDaisy//build/libdaisy.a(stm32h7xx_hal_uart.o)
                0x000000000800cd00                HAL_UART_Receive_DMA
 .text.UART_DMATransmitCplt
                0x000000000800cdac       0x2c ../../libDaisy//build/libdaisy.a(stm32h7xx_hal_uart.o)
 .text.HAL_UART_TxHalfCpltCallback
                0x000000000800cdd8        0x4 ../../libDaisy//build/libdaisy.a(stm32h7xx_hal_uart.o)
                0x000000000800cdd8                HAL_UART_TxHalfCpltCallback
 .text.UART_DMATxHalfCplt
                0x000000000800cddc        0xc ../../libDaisy//build/libdaisy.a(stm32h7xx_hal_uart.o)
 .text.UART_DMAReceiveCplt
                0x000000000800cde8       0x38 ../../libDaisy//build/libdaisy.a(stm32h7xx_hal_uart.o)
 .text.UART_DMARxHalfCplt
                0x000000000800ce20        0xc ../../libDaisy//build/libdaisy.a(stm32h7xx_hal_uart.o)
 .text.UART_DMAError
                0x000000000800ce2c       0x78 ../../libDaisy//build/libdaisy.a(stm32h7xx_hal_uart.o)
 .text.HAL_UART_IRQHandler
                0x000000000800cea4      0x1d0 ../../libDaisy//build/libdaisy.a(stm32h7xx_hal_uart.o)
                0x000000000800cea4                HAL_UART_IRQHandler
 .text.UART_DMAAbortOnError
                0x000000000800d074       0x14 ../../libDaisy//build/libdaisy.a(stm32h7xx_hal_uart.o)
 .text.HAL_UART_GetState
                0x000000000800d088        0xc ../../libDaisy//build/libdaisy.a(stm32h7xx_hal_uart.o)
                0x000000000800d088                HAL_UART_GetState
 .text.UART_SetConfig
                0x000000000800d094     0x14b8 ../../libDaisy//build/libdaisy.a(stm32h7xx_hal_uart.o)
                0x000000000800d094                UART_SetConfig
 .text.UART_AdvFeatureConfig
                0x000000000800e54c       0xb0 ../../libDaisy//build/libdaisy.a(stm32h7xx_hal_uart.o)
                0x000000000800e54c                UART_AdvFeatureConfig
 .text.UART_CheckIdleState
                0x000000000800e5fc       0x84 ../../libDaisy//build/libdaisy.a(stm32h7xx_hal_uart.o)
                0x000000000800e5fc                UART_CheckIdleState
 .text.HAL_UART_Init
                0x000000000800e680       0x68 ../../libDaisy//build/libdaisy.a(stm32h7xx_hal_uart.o)
                0x000000000800e680                HAL_UART_Init
 .text.HAL_UARTEx_WakeupCallback
                0x000000000800e6e8        0x4 ../../libDaisy//build/libdaisy.a(stm32h7xx_hal_uart_ex.o)
                0x000000000800e6e8                HAL_UARTEx_WakeupCallback
 .text.HAL_UARTEx_RxFifoFullCallback
                0x000000000800e6ec        0x4 ../../libDaisy//build/libdaisy.a(stm32h7xx_hal_uart_ex.o)
                0x000000000800e6ec                HAL_UARTEx_RxFifoFullCallback
 .text.HAL_UARTEx_TxFifoEmptyCallback
                0x000000000800e6f0        0x4 ../../libDaisy//build/libdaisy.a(stm32h7xx_hal_uart_ex.o)
                0x000000000800e6f0                HAL_UARTEx_TxFifoEmptyCallback
 .text.HAL_UARTEx_DisableFifoMode
                0x000000000800e6f4       0x3c ../../libDaisy//build/libdaisy.a(stm32h7xx_hal_uart_ex.o)
                0x000000000800e6f4                HAL_UARTEx_DisableFifoMode
 .text.HAL_UARTEx_SetTxFifoThreshold
                0x000000000800e730       0xa4 ../../libDaisy//build/libdaisy.a(stm32h7xx_hal_uart_ex.o)
                0x000000000800e730                HAL_UARTEx_SetTxFifoThreshold
 .text.HAL_UARTEx_SetRxFifoThreshold
                0x000000000800e7d4       0xa4 ../../libDaisy//build/libdaisy.a(stm32h7xx_hal_uart_ex.o)
                0x000000000800e7d4                HAL_UARTEx_SetRxFifoThreshold
 .text.FMC_SDRAM_Init
                0x000000000800e878       0x7c ../../libDaisy//build/libdaisy.a(stm32h7xx_ll_fmc.o)
                0x000000000800e878                FMC_SDRAM_Init
 .text.FMC_SDRAM_Timing_Init
                0x000000000800e8f4       0x98 ../../libDaisy//build/libdaisy.a(stm32h7xx_ll_fmc.o)
                0x000000000800e8f4                FMC_SDRAM_Timing_Init
 .text.FMC_SDRAM_SendCommand
                0x000000000800e98c       0x28 ../../libDaisy//build/libdaisy.a(stm32h7xx_ll_fmc.o)
                0x000000000800e98c                FMC_SDRAM_SendCommand
 .text.FMC_SDRAM_ProgramRefreshRate
                0x000000000800e9b4       0x1c ../../libDaisy//build/libdaisy.a(stm32h7xx_ll_fmc.o)
                0x000000000800e9b4                FMC_SDRAM_ProgramRefreshRate
 .text.USB_CoreInit
                0x000000000800e9d0      0x124 ../../libDaisy//build/libdaisy.a(stm32h7xx_ll_usb.o)
                0x000000000800e9d0                USB_CoreInit
 .text.USB_SetTurnaroundTime
                0x000000000800eaf4      0x104 ../../libDaisy//build/libdaisy.a(stm32h7xx_ll_usb.o)
                0x000000000800eaf4                USB_SetTurnaroundTime
 .text.USB_EnableGlobalInt
                0x000000000800ebf8       0x10 ../../libDaisy//build/libdaisy.a(stm32h7xx_ll_usb.o)
                0x000000000800ebf8                USB_EnableGlobalInt
 .text.USB_DisableGlobalInt
                0x000000000800ec08       0x10 ../../libDaisy//build/libdaisy.a(stm32h7xx_ll_usb.o)
                0x000000000800ec08                USB_DisableGlobalInt
 .text.USB_SetCurrentMode
                0x000000000800ec18       0x30 ../../libDaisy//build/libdaisy.a(stm32h7xx_ll_usb.o)
                0x000000000800ec18                USB_SetCurrentMode
 .text.USB_DevInit
                0x000000000800ec48      0x20c ../../libDaisy//build/libdaisy.a(stm32h7xx_ll_usb.o)
                0x000000000800ec48                USB_DevInit
 .text.USB_FlushTxFifo
                0x000000000800ee54       0x34 ../../libDaisy//build/libdaisy.a(stm32h7xx_ll_usb.o)
                0x000000000800ee54                USB_FlushTxFifo
 .text.USB_GetDevSpeed
                0x000000000800ee88       0x24 ../../libDaisy//build/libdaisy.a(stm32h7xx_ll_usb.o)
                0x000000000800ee88                USB_GetDevSpeed
 .text.USB_ActivateEndpoint
                0x000000000800eeac       0x90 ../../libDaisy//build/libdaisy.a(stm32h7xx_ll_usb.o)
                0x000000000800eeac                USB_ActivateEndpoint
 .text.USB_DeactivateEndpoint
                0x000000000800ef3c       0x84 ../../libDaisy//build/libdaisy.a(stm32h7xx_ll_usb.o)
                0x000000000800ef3c                USB_DeactivateEndpoint
 .text.USB_EPStartXfer
                0x000000000800efc0      0x230 ../../libDaisy//build/libdaisy.a(stm32h7xx_ll_usb.o)
                0x000000000800efc0                USB_EPStartXfer
 .text.USB_EP0StartXfer
                0x000000000800f1f0      0x174 ../../libDaisy//build/libdaisy.a(stm32h7xx_ll_usb.o)
                0x000000000800f1f0                USB_EP0StartXfer
 .text.USB_WritePacket
                0x000000000800f364       0x2c ../../libDaisy//build/libdaisy.a(stm32h7xx_ll_usb.o)
                0x000000000800f364                USB_WritePacket
 .text.USB_ReadPacket
                0x000000000800f390       0x20 ../../libDaisy//build/libdaisy.a(stm32h7xx_ll_usb.o)
                0x000000000800f390                USB_ReadPacket
 .text.USB_EPSetStall
                0x000000000800f3b0       0x68 ../../libDaisy//build/libdaisy.a(stm32h7xx_ll_usb.o)
                0x000000000800f3b0                USB_EPSetStall
 .text.USB_EPClearStall
                0x000000000800f418       0x58 ../../libDaisy//build/libdaisy.a(stm32h7xx_ll_usb.o)
                0x000000000800f418                USB_EPClearStall
 .text.USB_SetDevAddress
                0x000000000800f470       0x24 ../../libDaisy//build/libdaisy.a(stm32h7xx_ll_usb.o)
                0x000000000800f470                USB_SetDevAddress
 .text.USB_DevConnect
                0x000000000800f494       0x1c ../../libDaisy//build/libdaisy.a(stm32h7xx_ll_usb.o)
                0x000000000800f494                USB_DevConnect
 .text.USB_DevDisconnect
                0x000000000800f4b0       0x1c ../../libDaisy//build/libdaisy.a(stm32h7xx_ll_usb.o)
                0x000000000800f4b0                USB_DevDisconnect
 .text.USB_ReadInterrupts
                0x000000000800f4cc       0x14 ../../libDaisy//build/libdaisy.a(stm32h7xx_ll_usb.o)
                0x000000000800f4cc                USB_ReadInterrupts
 .text.USB_ReadDevAllOutEpInterrupt
                0x000000000800f4e0       0x1c ../../libDaisy//build/libdaisy.a(stm32h7xx_ll_usb.o)
                0x000000000800f4e0                USB_ReadDevAllOutEpInterrupt
 .text.USB_ReadDevAllInEpInterrupt
                0x000000000800f4fc       0x1c ../../libDaisy//build/libdaisy.a(stm32h7xx_ll_usb.o)
                0x000000000800f4fc                USB_ReadDevAllInEpInterrupt
 .text.USB_ReadDevOutEPInterrupt
                0x000000000800f518       0x1c ../../libDaisy//build/libdaisy.a(stm32h7xx_ll_usb.o)
                0x000000000800f518                USB_ReadDevOutEPInterrupt
 .text.USB_ReadDevInEPInterrupt
                0x000000000800f534       0x38 ../../libDaisy//build/libdaisy.a(stm32h7xx_ll_usb.o)
                0x000000000800f534                USB_ReadDevInEPInterrupt
 .text.USB_GetMode
                0x000000000800f56c        0x8 ../../libDaisy//build/libdaisy.a(stm32h7xx_ll_usb.o)
                0x000000000800f56c                USB_GetMode
 .text.USB_ActivateSetup
                0x000000000800f574       0x38 ../../libDaisy//build/libdaisy.a(stm32h7xx_ll_usb.o)
                0x000000000800f574                USB_ActivateSetup
 .text.USB_EP0_OutStart
                0x000000000800f5ac       0x58 ../../libDaisy//build/libdaisy.a(stm32h7xx_ll_usb.o)
                0x000000000800f5ac                USB_EP0_OutStart
 .text.USB_InitFSLSPClkSel
                0x000000000800f604       0x44 ../../libDaisy//build/libdaisy.a(stm32h7xx_ll_usb.o)
                0x000000000800f604                USB_InitFSLSPClkSel
 .text.USB_HC_ReadInterrupt
                0x000000000800f648        0x8 ../../libDaisy//build/libdaisy.a(stm32h7xx_ll_usb.o)
                0x000000000800f648                USB_HC_ReadInterrupt
 .text.USB_HC_Halt
                0x000000000800f650       0xc0 ../../libDaisy//build/libdaisy.a(stm32h7xx_ll_usb.o)
                0x000000000800f650                USB_HC_Halt
 .text.USB_StopHost
                0x000000000800f710      0x2ec ../../libDaisy//build/libdaisy.a(stm32h7xx_ll_usb.o)
                0x000000000800f710                USB_StopHost
 .text.USBD_CDC_EP0_RxReady
                0x000000000800f9fc       0x2c ../../libDaisy//build/libdaisy.a(usbd_cdc.o)
 .text.USBD_CDC_GetFSCfgDesc
                0x000000000800fa28       0x24 ../../libDaisy//build/libdaisy.a(usbd_cdc.o)
 .text.USBD_CDC_GetHSCfgDesc
                0x000000000800fa4c       0x24 ../../libDaisy//build/libdaisy.a(usbd_cdc.o)
 .text.USBD_CDC_GetOtherSpeedCfgDesc
                0x000000000800fa70       0x24 ../../libDaisy//build/libdaisy.a(usbd_cdc.o)
 .text.USBD_CDC_GetDeviceQualifierDescriptor
                0x000000000800fa94       0x10 ../../libDaisy//build/libdaisy.a(usbd_cdc.o)
                0x000000000800fa94                USBD_CDC_GetDeviceQualifierDescriptor
 .text.USBD_CDC_DataOut
                0x000000000800faa4       0x30 ../../libDaisy//build/libdaisy.a(usbd_cdc.o)
 .text.USBD_CDC_DataIn
                0x000000000800fad4       0x50 ../../libDaisy//build/libdaisy.a(usbd_cdc.o)
 .text.USBD_CDC_Setup
                0x000000000800fb24       0xcc ../../libDaisy//build/libdaisy.a(usbd_cdc.o)
 .text.USBD_CDC_DeInit
                0x000000000800fbf0       0x44 ../../libDaisy//build/libdaisy.a(usbd_cdc.o)
 .text.USBD_CDC_Init
                0x000000000800fc34       0x94 ../../libDaisy//build/libdaisy.a(usbd_cdc.o)
 .text.USBD_CDC_RegisterInterface
                0x000000000800fcc8       0x10 ../../libDaisy//build/libdaisy.a(usbd_cdc.o)
                0x000000000800fcc8                USBD_CDC_RegisterInterface
 .text.USBD_CDC_SetTxBuffer
                0x000000000800fcd8       0x14 ../../libDaisy//build/libdaisy.a(usbd_cdc.o)
                0x000000000800fcd8                USBD_CDC_SetTxBuffer
 .text.USBD_CDC_SetRxBuffer
                0x000000000800fcec       0x10 ../../libDaisy//build/libdaisy.a(usbd_cdc.o)
                0x000000000800fcec                USBD_CDC_SetRxBuffer
 .text.USBD_CDC_TransmitPacket
                0x000000000800fcfc       0x34 ../../libDaisy//build/libdaisy.a(usbd_cdc.o)
                0x000000000800fcfc                USBD_CDC_TransmitPacket
 .text.USBD_CDC_ReceivePacket
                0x000000000800fd30       0x38 ../../libDaisy//build/libdaisy.a(usbd_cdc.o)
                0x000000000800fd30                USBD_CDC_ReceivePacket
 .text.USBD_Init
                0x000000000800fd68       0x44 ../../libDaisy//build/libdaisy.a(usbd_core.o)
                0x000000000800fd68                USBD_Init
 .text.USBD_RegisterClass
                0x000000000800fdac       0x2c ../../libDaisy//build/libdaisy.a(usbd_core.o)
                0x000000000800fdac                USBD_RegisterClass
 .text.USBD_Start
                0x000000000800fdd8        0xc ../../libDaisy//build/libdaisy.a(usbd_core.o)
                0x000000000800fdd8                USBD_Start
 .text.USBD_SetClassConfig
                0x000000000800fde4       0x14 ../../libDaisy//build/libdaisy.a(usbd_core.o)
                0x000000000800fde4                USBD_SetClassConfig
 .text.USBD_ClrClassConfig
                0x000000000800fdf8       0x10 ../../libDaisy//build/libdaisy.a(usbd_core.o)
                0x000000000800fdf8                USBD_ClrClassConfig
 .text.USBD_LL_SetupStage
                0x000000000800fe08       0x5c ../../libDaisy//build/libdaisy.a(usbd_core.o)
                0x000000000800fe08                USBD_LL_SetupStage
 .text.USBD_LL_DataOutStage
                0x000000000800fe64       0x7c ../../libDaisy//build/libdaisy.a(usbd_core.o)
                0x000000000800fe64                USBD_LL_DataOutStage
 .text.USBD_LL_DataInStage
                0x000000000800fee0       0xcc ../../libDaisy//build/libdaisy.a(usbd_core.o)
                0x000000000800fee0                USBD_LL_DataInStage
 .text.USBD_LL_Reset
                0x000000000800ffac       0x50 ../../libDaisy//build/libdaisy.a(usbd_core.o)
                0x000000000800ffac                USBD_LL_Reset
 .text.USBD_LL_SetSpeed
                0x000000000800fffc        0x8 ../../libDaisy//build/libdaisy.a(usbd_core.o)
                0x000000000800fffc                USBD_LL_SetSpeed
 .text.USBD_LL_Suspend
                0x0000000008010004       0x14 ../../libDaisy//build/libdaisy.a(usbd_core.o)
                0x0000000008010004                USBD_LL_Suspend
 .text.USBD_LL_Resume
                0x0000000008010018       0x10 ../../libDaisy//build/libdaisy.a(usbd_core.o)
                0x0000000008010018                USBD_LL_Resume
 .text.USBD_LL_SOF
                0x0000000008010028       0x1c ../../libDaisy//build/libdaisy.a(usbd_core.o)
                0x0000000008010028                USBD_LL_SOF
 .text.USBD_LL_IsoINIncomplete
                0x0000000008010044        0x4 ../../libDaisy//build/libdaisy.a(usbd_core.o)
                0x0000000008010044                USBD_LL_IsoINIncomplete
 .text.USBD_LL_IsoOUTIncomplete
                0x0000000008010048        0x4 ../../libDaisy//build/libdaisy.a(usbd_core.o)
                0x0000000008010048                USBD_LL_IsoOUTIncomplete
 .text.USBD_LL_DevConnected
                0x000000000801004c        0x4 ../../libDaisy//build/libdaisy.a(usbd_core.o)
                0x000000000801004c                USBD_LL_DevConnected
 .text.USBD_LL_DevDisconnected
                0x0000000008010050       0x18 ../../libDaisy//build/libdaisy.a(usbd_core.o)
                0x0000000008010050                USBD_LL_DevDisconnected
 .text.USBD_StdDevReq
                0x0000000008010068      0x304 ../../libDaisy//build/libdaisy.a(usbd_ctlreq.o)
                0x0000000008010068                USBD_StdDevReq
 .text.USBD_StdItfReq
                0x000000000801036c       0x68 ../../libDaisy//build/libdaisy.a(usbd_ctlreq.o)
                0x000000000801036c                USBD_StdItfReq
 .text.USBD_StdEPReq
                0x00000000080103d4      0x13c ../../libDaisy//build/libdaisy.a(usbd_ctlreq.o)
                0x00000000080103d4                USBD_StdEPReq
 .text.USBD_ParseSetupRequest
                0x0000000008010510       0x28 ../../libDaisy//build/libdaisy.a(usbd_ctlreq.o)